******************************************************************************
                  TI ARM Linker Unix v20.2.7                   
******************************************************************************
>> Linked Thu Mar  9 22:51:04 2023

OUTPUT FILE NAME:   <rgbtest.out>
ENTRY POINT SYMBOL: "_c_int00_noargs"  address: 000006a1


MEMORY CONFIGURATION

         name            origin    length      used     unused   attr    fill
----------------------  --------  ---------  --------  --------  ----  --------
  MAIN                  00000000   00040000  00000710  0003f8f0  R  X
  INFO                  00200000   00004000  00000000  00004000  R  X
  SRAM_CODE             01000000   00010000  00000204  0000fdfc  RW X
  SRAM_DATA             20000000   00010000  00000204  0000fdfc  RW  


SEGMENT ALLOCATION MAP

run origin  load origin   length   init length attrs members
----------  ----------- ---------- ----------- ----- -------
00000000    00000000    00000710   00000710    r-x
  00000000    00000000    000000e4   000000e4    r-- .intvecs
  000000e4    000000e4    00000614   00000614    r-x .text
  000006f8    000006f8    00000018   00000018    r-- .cinit
20000000    20000000    00000004   00000000    rw-
  20000000    20000000    00000004   00000000    rw- .data
2000fe00    2000fe00    00000200   00000000    rw-
  2000fe00    2000fe00    00000200   00000000    rw- .stack


SECTION ALLOCATION MAP

 output                                  attributes/
section   page    origin      length       input sections
--------  ----  ----------  ----------   ----------------
.intvecs   0    00000000    000000e4     
                  00000000    000000e4     startup_msp432p401r_ccs.obj (.intvecs:retain)

.text      0    000000e4    00000614     
                  000000e4    00000334     system_msp432p401r.obj (.text)
                  00000418    00000140     rgb_main.obj (.text)
                  00000558    0000009c     rtsv7M4_T_le_v4SPD16_eabi.lib : memcpy_t2.asm.obj (.text)
                  000005f4    00000068                                   : copy_decompress_lzss.c.obj (.text:decompress:lzss:__TI_decompress_lzss)
                  0000065c    00000044                                   : autoinit.c.obj (.text:__TI_auto_init_nobinit_nopinit:__TI_auto_init_nobinit_nopinit)
                  000006a0    00000034                                   : boot_cortex_m.c.obj (.text:_c_int00_noargs:_c_int00_noargs)
                  000006d4    0000000e                                   : copy_decompress_none.c.obj (.text:decompress:none:__TI_decompress_none)
                  000006e2    0000000e     startup_msp432p401r_ccs.obj (.text)
                  000006f0    00000004     rtsv7M4_T_le_v4SPD16_eabi.lib : pre_init.c.obj (.text:_system_pre_init)
                  000006f4    00000004                                   : exit.c.obj (.text:abort:abort)

.cinit     0    000006f8    00000018     
                  000006f8    00000008     (.cinit..data.load) [load image, compression = lzss]
                  00000700    00000008     (__TI_handler_table)
                  00000708    00000008     (__TI_cinit_table)

.init_array 
*          0    00000000    00000000     UNINITIALIZED

.binit     0    00000000    00000000     

.data      0    20000000    00000004     UNINITIALIZED
                  20000000    00000004     system_msp432p401r.obj (.data)

.stack     0    2000fe00    00000200     UNINITIALIZED
                  2000fe00    00000004     rtsv7M4_T_le_v4SPD16_eabi.lib : boot_cortex_m.c.obj (.stack)
                  2000fe04    000001fc     --HOLE--

__llvm_prf_cnts 
*          0    20000000    00000000     UNINITIALIZED

MODULE SUMMARY

       Module                        code   ro data   rw data
       ------                        ----   -------   -------
    ./
       system_msp432p401r.obj        820    0         8      
       rgb_main.obj                  320    0         0      
       startup_msp432p401r_ccs.obj   14     228       0      
    +--+-----------------------------+------+---------+---------+
       Total:                        1154   228       8      
                                                             
    /Applications/ti/ccs1220/ccs/tools/compiler/ti-cgt-arm_20.2.7.LTS/lib/rtsv7M4_T_le_v4SPD16_eabi.lib
       memcpy_t2.asm.obj             156    0         0      
       copy_decompress_lzss.c.obj    104    0         0      
       autoinit.c.obj                68     0         0      
       boot_cortex_m.c.obj           52     0         0      
       copy_decompress_none.c.obj    14     0         0      
       exit.c.obj                    4      0         0      
       pre_init.c.obj                4      0         0      
    +--+-----------------------------+------+---------+---------+
       Total:                        402    0         0      
                                                             
       Stack:                        0      0         1024   
       Linker Generated:             0      24        0      
    +--+-----------------------------+------+---------+---------+
       Grand Total:                  1556   252       1032   


LINKER GENERATED COPY TABLES

__TI_cinit_table @ 00000708 records: 1, size/record: 8, table size: 8
	.data: load addr=000006f8, load size=00000008 bytes, run addr=20000000, run size=00000004 bytes, compression=lzss


LINKER GENERATED HANDLER TABLE

__TI_handler_table @ 00000700 records: 2, size/record: 4, table size: 8
	index: 0, handler: __TI_decompress_lzss
	index: 1, handler: __TI_decompress_none


GLOBAL SYMBOLS: SORTED ALPHABETICALLY BY Name 

address   name                          
-------   ----                          
000006ef  ADC14_IRQHandler              
000006ef  AES256_IRQHandler             
000006ef  BusFault_Handler              
000006f5  C$$EXIT                       
000006ef  COMP_E0_IRQHandler            
000006ef  COMP_E1_IRQHandler            
000006ef  CS_IRQHandler                 
000006ef  DMA_ERR_IRQHandler            
000006ef  DMA_INT0_IRQHandler           
000006ef  DMA_INT1_IRQHandler           
000006ef  DMA_INT2_IRQHandler           
000006ef  DMA_INT3_IRQHandler           
000006ef  DebugMon_Handler              
000006ef  Default_Handler               
000006ef  EUSCIA0_IRQHandler            
000006ef  EUSCIA1_IRQHandler            
000006ef  EUSCIA2_IRQHandler            
000006ef  EUSCIA3_IRQHandler            
000006ef  EUSCIB0_IRQHandler            
000006ef  EUSCIB1_IRQHandler            
000006ef  EUSCIB2_IRQHandler            
000006ef  EUSCIB3_IRQHandler            
000006ef  FLCTL_IRQHandler              
000006ef  FPU_IRQHandler                
000006ef  HardFault_Handler             
000006ef  MemManage_Handler             
000006ef  NMI_Handler                   
000006ef  PCM_IRQHandler                
000006ef  PORT1_IRQHandler              
000006ef  PORT2_IRQHandler              
000006ef  PORT3_IRQHandler              
000006ef  PORT4_IRQHandler              
000006ef  PORT5_IRQHandler              
000006ef  PORT6_IRQHandler              
000006ef  PSS_IRQHandler                
000006ef  PendSV_Handler                
000006ef  RTC_C_IRQHandler              
000006e3  Reset_Handler                 
000006ef  SVC_Handler                   
000006ef  SysTick_Handler               
20000000  SystemCoreClock               
000000e5  SystemCoreClockUpdate         
0000035d  SystemInit                    
000006ef  T32_INT1_IRQHandler           
000006ef  T32_INT2_IRQHandler           
000006ef  T32_INTC_IRQHandler           
000006ef  TA0_0_IRQHandler              
000006ef  TA0_N_IRQHandler              
000006ef  TA1_0_IRQHandler              
000006ef  TA1_N_IRQHandler              
000006ef  TA2_0_IRQHandler              
000006ef  TA2_N_IRQHandler              
000006ef  TA3_0_IRQHandler              
000006ef  TA3_N_IRQHandler              
000006ef  UsageFault_Handler            
4000480c  WDTCTL_SYM                    
000006ef  WDT_A_IRQHandler              
20010000  __STACK_END                   
00000200  __STACK_SIZE                  
00000708  __TI_CINIT_Base               
00000710  __TI_CINIT_Limit              
00000700  __TI_Handler_Table_Base       
00000708  __TI_Handler_Table_Limit      
0000065d  __TI_auto_init_nobinit_nopinit
000005f5  __TI_decompress_lzss          
000006d5  __TI_decompress_none          
ffffffff  __TI_pprof_out_hndl           
ffffffff  __TI_prof_data_size           
ffffffff  __TI_prof_data_start          
00000000  __TI_static_base__            
00000559  __aeabi_memcpy                
00000559  __aeabi_memcpy4               
00000559  __aeabi_memcpy8               
ffffffff  __binit__                     
ffffffff  __c_args__                    
UNDEFED   __mpu_init                    
2000fe00  __stack                       
20000000  __start___llvm_prf_cnts       
20000000  __stop___llvm_prf_cnts        
000006a1  _c_int00_noargs               
UNDEFED   _system_post_cinit            
000006f1  _system_pre_init              
000006f5  abort                         
ffffffff  binit                         
00000000  interruptVectors              
00000419  main                          
00000559  memcpy                        


GLOBAL SYMBOLS: SORTED BY Symbol Address 

address   name                          
-------   ----                          
00000000  __TI_static_base__            
00000000  interruptVectors              
000000e5  SystemCoreClockUpdate         
00000200  __STACK_SIZE                  
0000035d  SystemInit                    
00000419  main                          
00000559  __aeabi_memcpy                
00000559  __aeabi_memcpy4               
00000559  __aeabi_memcpy8               
00000559  memcpy                        
000005f5  __TI_decompress_lzss          
0000065d  __TI_auto_init_nobinit_nopinit
000006a1  _c_int00_noargs               
000006d5  __TI_decompress_none          
000006e3  Reset_Handler                 
000006ef  ADC14_IRQHandler              
000006ef  AES256_IRQHandler             
000006ef  BusFault_Handler              
000006ef  COMP_E0_IRQHandler            
000006ef  COMP_E1_IRQHandler            
000006ef  CS_IRQHandler                 
000006ef  DMA_ERR_IRQHandler            
000006ef  DMA_INT0_IRQHandler           
000006ef  DMA_INT1_IRQHandler           
000006ef  DMA_INT2_IRQHandler           
000006ef  DMA_INT3_IRQHandler           
000006ef  DebugMon_Handler              
000006ef  Default_Handler               
000006ef  EUSCIA0_IRQHandler            
000006ef  EUSCIA1_IRQHandler            
000006ef  EUSCIA2_IRQHandler            
000006ef  EUSCIA3_IRQHandler            
000006ef  EUSCIB0_IRQHandler            
000006ef  EUSCIB1_IRQHandler            
000006ef  EUSCIB2_IRQHandler            
000006ef  EUSCIB3_IRQHandler            
000006ef  FLCTL_IRQHandler              
000006ef  FPU_IRQHandler                
000006ef  HardFault_Handler             
000006ef  MemManage_Handler             
000006ef  NMI_Handler                   
000006ef  PCM_IRQHandler                
000006ef  PORT1_IRQHandler              
000006ef  PORT2_IRQHandler              
000006ef  PORT3_IRQHandler              
000006ef  PORT4_IRQHandler              
000006ef  PORT5_IRQHandler              
000006ef  PORT6_IRQHandler              
000006ef  PSS_IRQHandler                
000006ef  PendSV_Handler                
000006ef  RTC_C_IRQHandler              
000006ef  SVC_Handler                   
000006ef  SysTick_Handler               
000006ef  T32_INT1_IRQHandler           
000006ef  T32_INT2_IRQHandler           
000006ef  T32_INTC_IRQHandler           
000006ef  TA0_0_IRQHandler              
000006ef  TA0_N_IRQHandler              
000006ef  TA1_0_IRQHandler              
000006ef  TA1_N_IRQHandler              
000006ef  TA2_0_IRQHandler              
000006ef  TA2_N_IRQHandler              
000006ef  TA3_0_IRQHandler              
000006ef  TA3_N_IRQHandler              
000006ef  UsageFault_Handler            
000006ef  WDT_A_IRQHandler              
000006f1  _system_pre_init              
000006f5  C$$EXIT                       
000006f5  abort                         
00000700  __TI_Handler_Table_Base       
00000708  __TI_CINIT_Base               
00000708  __TI_Handler_Table_Limit      
00000710  __TI_CINIT_Limit              
20000000  SystemCoreClock               
20000000  __start___llvm_prf_cnts       
20000000  __stop___llvm_prf_cnts        
2000fe00  __stack                       
20010000  __STACK_END                   
4000480c  WDTCTL_SYM                    
ffffffff  __TI_pprof_out_hndl           
ffffffff  __TI_prof_data_size           
ffffffff  __TI_prof_data_start          
ffffffff  __binit__                     
ffffffff  __c_args__                    
ffffffff  binit                         
UNDEFED   __mpu_init                    
UNDEFED   _system_post_cinit            

[87 symbols]
