Archive member included to satisfy reference by file (symbol)

/Users/rmc0mputer/ti/simplelink_msp432p4_sdk_3_40_01_02/source/ti/display/lib/display.am4fg(Display.om4fg)
                              ./hello_world/hello_world.o (symbol from plugin) (Display_doOpen)
/Users/rmc0mputer/ti/simplelink_msp432p4_sdk_3_40_01_02/source/ti/display/lib/display.am4fg(DisplayUart.om4fg)
                              ./syscfg/ti_drivers_config.o (symbol from plugin) (DisplayUartMin_fxnTable)
/Users/rmc0mputer/ti/simplelink_msp432p4_sdk_3_40_01_02/source/ti/drivers/lib/drivers_msp432p401x.am4fg(GPIOMSP432.om4fg)
                              ./hello_world/hello_world.o (symbol from plugin) (GPIO_init)
/Users/rmc0mputer/ti/simplelink_msp432p4_sdk_3_40_01_02/source/ti/drivers/lib/drivers_msp432p401x.am4fg(PowerMSP432.om4fg)
                              ./syscfg/ti_drivers_config.o (symbol from plugin) (Power_init)
/Users/rmc0mputer/ti/simplelink_msp432p4_sdk_3_40_01_02/source/ti/drivers/lib/drivers_msp432p401x.am4fg(UART.om4fg)
                              /Users/rmc0mputer/ti/simplelink_msp432p4_sdk_3_40_01_02/source/ti/display/lib/display.am4fg(DisplayUart.om4fg) (UART_close)
/Users/rmc0mputer/ti/simplelink_msp432p4_sdk_3_40_01_02/source/ti/drivers/lib/drivers_msp432p401x.am4fg(UARTMSP432.om4fg)
                              ./syscfg/ti_drivers_config.o (symbol from plugin) (UARTMSP432_fxnTable)
/Users/rmc0mputer/ti/simplelink_msp432p4_sdk_3_40_01_02/source/ti/drivers/lib/drivers_msp432p401x.am4fg(List.om4fg)
                              /Users/rmc0mputer/ti/simplelink_msp432p4_sdk_3_40_01_02/source/ti/drivers/lib/drivers_msp432p401x.am4fg(PowerMSP432.om4fg) (List_put)
/Users/rmc0mputer/ti/simplelink_msp432p4_sdk_3_40_01_02/source/ti/drivers/lib/drivers_msp432p401x.am4fg(RingBuf.om4fg)
                              /Users/rmc0mputer/ti/simplelink_msp432p4_sdk_3_40_01_02/source/ti/drivers/lib/drivers_msp432p401x.am4fg(UARTMSP432.om4fg) (RingBuf_construct)
/Users/rmc0mputer/ti/simplelink_msp432p4_sdk_3_40_01_02/kernel/nortos/lib/nortos_msp432p401x.am4fg(NoRTOS.om4fg)
                              ./hello_world/main_nortos.o (symbol from plugin) (NoRTOS_start)
/Users/rmc0mputer/ti/simplelink_msp432p4_sdk_3_40_01_02/kernel/nortos/lib/nortos_msp432p401x.am4fg(SemaphoreP_nortos.om4fg)
                              /Users/rmc0mputer/ti/simplelink_msp432p4_sdk_3_40_01_02/source/ti/drivers/lib/drivers_msp432p401x.am4fg(UARTMSP432.om4fg) (SemaphoreP_create)
/Users/rmc0mputer/ti/simplelink_msp432p4_sdk_3_40_01_02/kernel/nortos/lib/nortos_msp432p401x.am4fg(SystemP_nortos.om4fg)
                              /Users/rmc0mputer/ti/simplelink_msp432p4_sdk_3_40_01_02/source/ti/display/lib/display.am4fg(DisplayUart.om4fg) (SystemP_snprintf)
/Users/rmc0mputer/ti/simplelink_msp432p4_sdk_3_40_01_02/kernel/nortos/lib/nortos_msp432p401x.am4fg(PowerMSP432_nortos.om4fg)
                              ./syscfg/ti_drivers_config.o (symbol from plugin) (PowerMSP432_sleepPolicy)
/Users/rmc0mputer/ti/simplelink_msp432p4_sdk_3_40_01_02/kernel/nortos/lib/nortos_msp432p401x.am4fg(ClockPTimer_nortos.om4fg)
                              /Users/rmc0mputer/ti/simplelink_msp432p4_sdk_3_40_01_02/source/ti/drivers/lib/drivers_msp432p401x.am4fg(UARTMSP432.om4fg) (ClockP_Params_init)
/Users/rmc0mputer/ti/simplelink_msp432p4_sdk_3_40_01_02/kernel/nortos/lib/nortos_msp432p401x.am4fg(TimerPMSP432_nortos.om4fg)
                              /Users/rmc0mputer/ti/simplelink_msp432p4_sdk_3_40_01_02/kernel/nortos/lib/nortos_msp432p401x.am4fg(ClockPTimer_nortos.om4fg) (TimerP_Params_init)
/Users/rmc0mputer/ti/simplelink_msp432p4_sdk_3_40_01_02/kernel/nortos/lib/nortos_msp432p401x.am4fg(HwiPMSP432_nortos.om4fg)
                              /Users/rmc0mputer/ti/simplelink_msp432p4_sdk_3_40_01_02/kernel/nortos/lib/nortos_msp432p401x.am4fg(TimerPMSP432_nortos.om4fg) (HwiP_construct)
/Users/rmc0mputer/ti/simplelink_msp432p4_sdk_3_40_01_02/kernel/nortos/lib/nortos_msp432p401x.am4fg(startup_msp432_gcc.om4fg)
                              (resetISR)
/Users/rmc0mputer/ti/simplelink_msp432p4_sdk_3_40_01_02/kernel/nortos/lib/nortos_msp432p401x.am4fg(QueueP_nortos.om4fg)
                              /Users/rmc0mputer/ti/simplelink_msp432p4_sdk_3_40_01_02/kernel/nortos/lib/nortos_msp432p401x.am4fg(ClockPTimer_nortos.om4fg) (QueueP_init)
/Users/rmc0mputer/ti/simplelink_msp432p4_sdk_3_40_01_02/kernel/nortos/lib/nortos_msp432p401x.am4fg(SwiP_nortos.om4fg)
                              /Users/rmc0mputer/ti/simplelink_msp432p4_sdk_3_40_01_02/kernel/nortos/lib/nortos_msp432p401x.am4fg(ClockPTimer_nortos.om4fg) (SwiP_Params_init)
/Users/rmc0mputer/ti/simplelink_msp432p4_sdk_3_40_01_02/source/ti/devices/msp432p4xx/driverlib/gcc/msp432p4xx_driverlib.a(cs.o)
                              /Users/rmc0mputer/ti/simplelink_msp432p4_sdk_3_40_01_02/source/ti/drivers/lib/drivers_msp432p401x.am4fg(PowerMSP432.om4fg) (CS_setExternalClockSourceFrequency)
[...]
Memory Configuration

Name             Origin             Length             Attributes
MAIN_FLASH       0x0000000000000000 0x0000000000040000 xr
INFO_FLASH       0x0000000000200000 0x0000000000004000 xr
SRAM_DATA        0x0000000020000000 0x0000000000010000 rw
*default*        0x0000000000000000 0xffffffffffffffff

Linker script and memory map

LOAD /var/folders/th/91gccdrx7m975kl4frrh3gnh0000gn/T//hello_world_MSP_EXP432P401R_nortos_gcc.out.1OAlnh.ltrans0.ltrans.o
LOAD /var/folders/th/91gccdrx7m975kl4frrh3gnh0000gn/T//hello_world_MSP_EXP432P401R_nortos_gcc.out.1OAlnh.ltrans1.ltrans.o
LOAD /var/folders/th/91gccdrx7m975kl4frrh3gnh0000gn/T//hello_world_MSP_EXP432P401R_nortos_gcc.out.1OAlnh.ltrans2.ltrans.o
LOAD /var/folders/th/91gccdrx7m975kl4frrh3gnh0000gn/T//hello_world_MSP_EXP432P401R_nortos_gcc.out.1OAlnh.ltrans3.ltrans.o
LOAD /var/folders/th/91gccdrx7m975kl4frrh3gnh0000gn/T//hello_world_MSP_EXP432P401R_nortos_gcc.out.1OAlnh.ltrans4.ltrans.o
LOAD /var/folders/th/91gccdrx7m975kl4frrh3gnh0000gn/T//hello_world_MSP_EXP432P401R_nortos_gcc.out.1OAlnh.ltrans5.ltrans.o
LOAD /var/folders/th/91gccdrx7m975kl4frrh3gnh0000gn/T//hello_world_MSP_EXP432P401R_nortos_gcc.out.1OAlnh.ltrans6.ltrans.o
LOAD /var/folders/th/91gccdrx7m975kl4frrh3gnh0000gn/T//ccPcsAH6.debug.temp.o
LOAD /var/folders/th/91gccdrx7m975kl4frrh3gnh0000gn/T//ccGWKprD.debug.temp.o
LOAD /var/folders/th/91gccdrx7m975kl4frrh3gnh0000gn/T//ccWshU37.debug.temp.o
LOAD /var/folders/th/91gccdrx7m975kl4frrh3gnh0000gn/T//ccYqnx9C.debug.temp.o
LOAD /var/folders/th/91gccdrx7m975kl4frrh3gnh0000gn/T//ccObntWy.debug.temp.o
LOAD /var/folders/th/91gccdrx7m975kl4frrh3gnh0000gn/T//cc10AP8O.debug.temp.o
LOAD /var/folders/th/91gccdrx7m975kl4frrh3gnh0000gn/T//ccmhbe2F.debug.temp.o
LOAD /var/folders/th/91gccdrx7m975kl4frrh3gnh0000gn/T//ccnIfPDV.debug.temp.o
LOAD /var/folders/th/91gccdrx7m975kl4frrh3gnh0000gn/T//cc6T7jyA.debug.temp.o
LOAD /var/folders/th/91gccdrx7m975kl4frrh3gnh0000gn/T//ccnJmY3e.debug.temp.o
LOAD /var/folders/th/91gccdrx7m975kl4frrh3gnh0000gn/T//ccdryOy0.debug.temp.o
LOAD /var/folders/th/91gccdrx7m975kl4frrh3gnh0000gn/T//cc9hEAMg.debug.temp.o
LOAD /var/folders/th/91gccdrx7m975kl4frrh3gnh0000gn/T//ccK7AwDa.debug.temp.o
LOAD /var/folders/th/91gccdrx7m975kl4frrh3gnh0000gn/T//ccCZEtdy.debug.temp.o
LOAD /var/folders/th/91gccdrx7m975kl4frrh3gnh0000gn/T//ccWDKQl5.debug.temp.o
LOAD /var/folders/th/91gccdrx7m975kl4frrh3gnh0000gn/T//ccTVNH5T.debug.temp.o
LOAD /var/folders/th/91gccdrx7m975kl4frrh3gnh0000gn/T//ccB0E44C.debug.temp.o
LOAD /var/folders/th/91gccdrx7m975kl4frrh3gnh0000gn/T//cctY8o7w.debug.temp.o
LOAD /var/folders/th/91gccdrx7m975kl4frrh3gnh0000gn/T//ccPlbV76.debug.temp.o
LOAD /var/folders/th/91gccdrx7m975kl4frrh3gnh0000gn/T//cc22hkE6.debug.temp.o
LOAD /var/folders/th/91gccdrx7m975kl4frrh3gnh0000gn/T//ccqBGIWR.debug.temp.o
LOAD /var/folders/th/91gccdrx7m975kl4frrh3gnh0000gn/T//ccQ7XNWg.debug.temp.o
LOAD /var/folders/th/91gccdrx7m975kl4frrh3gnh0000gn/T//ccGiVaeb.debug.temp.o
LOAD /var/folders/th/91gccdrx7m975kl4frrh3gnh0000gn/T//cc7soUcF.debug.temp.o
LOAD /var/folders/th/91gccdrx7m975kl4frrh3gnh0000gn/T//cciLV0k5.debug.temp.o
LOAD /var/folders/th/91gccdrx7m975kl4frrh3gnh0000gn/T//cc7iuDsL.debug.temp.o
LOAD /var/folders/th/91gccdrx7m975kl4frrh3gnh0000gn/T//ccSwsVel.debug.temp.o
LOAD /var/folders/th/91gccdrx7m975kl4frrh3gnh0000gn/T//ccuK6HH4.debug.temp.o
LOAD /var/folders/th/91gccdrx7m975kl4frrh3gnh0000gn/T//cc47es7M.debug.temp.o
LOAD /var/folders/th/91gccdrx7m975kl4frrh3gnh0000gn/T//ccf1o2zR.debug.temp.o
LOAD /var/folders/th/91gccdrx7m975kl4frrh3gnh0000gn/T//ccbYuaWn.debug.temp.o
LOAD /var/folders/th/91gccdrx7m975kl4frrh3gnh0000gn/T//ccnegXNJ.debug.temp.o
LOAD /var/folders/th/91gccdrx7m975kl4frrh3gnh0000gn/T//ccWE2OZB.debug.temp.o
LOAD /var/folders/th/91gccdrx7m975kl4frrh3gnh0000gn/T//ccpJBpd7.debug.temp.o
LOAD /var/folders/th/91gccdrx7m975kl4frrh3gnh0000gn/T//cc2dT5Lj.debug.temp.o
LOAD /var/folders/th/91gccdrx7m975kl4frrh3gnh0000gn/T//ccbn6dsT.debug.temp.o
LOAD /var/folders/th/91gccdrx7m975kl4frrh3gnh0000gn/T//ccmxsuxm.debug.temp.o
LOAD /var/folders/th/91gccdrx7m975kl4frrh3gnh0000gn/T//ccBNvRWD.debug.temp.o
LOAD /var/folders/th/91gccdrx7m975kl4frrh3gnh0000gn/T//ccdlnAiN.debug.temp.o
LOAD /var/folders/th/91gccdrx7m975kl4frrh3gnh0000gn/T//ccnc3wMO.debug.temp.o
LOAD /var/folders/th/91gccdrx7m975kl4frrh3gnh0000gn/T//ccbw6w6n.debug.temp.o
LOAD /var/folders/th/91gccdrx7m975kl4frrh3gnh0000gn/T//ccAQ5CJo.debug.temp.o
LOAD /var/folders/th/91gccdrx7m975kl4frrh3gnh0000gn/T//ccXXBv2n.debug.temp.o
LOAD /var/folders/th/91gccdrx7m975kl4frrh3gnh0000gn/T//ccKbNVyw.debug.temp.o
LOAD /var/folders/th/91gccdrx7m975kl4frrh3gnh0000gn/T//ccejlyh0.debug.temp.o
LOAD /var/folders/th/91gccdrx7m975kl4frrh3gnh0000gn/T//cczFTMxQ.debug.temp.o
LOAD /var/folders/th/91gccdrx7m975kl4frrh3gnh0000gn/T//ccfPAPGE.debug.temp.o
LOAD /var/folders/th/91gccdrx7m975kl4frrh3gnh0000gn/T//ccmD9rSG.debug.temp.o
LOAD /var/folders/th/91gccdrx7m975kl4frrh3gnh0000gn/T//ccnPxfH3.debug.temp.o
LOAD /var/folders/th/91gccdrx7m975kl4frrh3gnh0000gn/T//ccaYGPQm.debug.temp.o
LOAD /var/folders/th/91gccdrx7m975kl4frrh3gnh0000gn/T//ccGC6Lkm.debug.temp.o
LOAD /var/folders/th/91gccdrx7m975kl4frrh3gnh0000gn/T//ccMCbLkP.debug.temp.o
LOAD /var/folders/th/91gccdrx7m975kl4frrh3gnh0000gn/T//ccofpJ7M.debug.temp.o
LOAD /var/folders/th/91gccdrx7m975kl4frrh3gnh0000gn/T//cccst2gD.debug.temp.o
LOAD /var/folders/th/91gccdrx7m975kl4frrh3gnh0000gn/T//ccMhJhO0.debug.temp.o
LOAD /var/folders/th/91gccdrx7m975kl4frrh3gnh0000gn/T//ccrr97Hf.debug.temp.o
LOAD /var/folders/th/91gccdrx7m975kl4frrh3gnh0000gn/T//ccZTXLJ9.debug.temp.o
LOAD /var/folders/th/91gccdrx7m975kl4frrh3gnh0000gn/T//cc5dnK1d.debug.temp.o
LOAD /var/folders/th/91gccdrx7m975kl4frrh3gnh0000gn/T//ccH0Ewyk.debug.temp.o
LOAD /var/folders/th/91gccdrx7m975kl4frrh3gnh0000gn/T//cc7icR8D.debug.temp.o
LOAD /var/folders/th/91gccdrx7m975kl4frrh3gnh0000gn/T//ccOxNrs6.debug.temp.o
LOAD /var/folders/th/91gccdrx7m975kl4frrh3gnh0000gn/T//cczFwprz.debug.temp.o
LOAD /var/folders/th/91gccdrx7m975kl4frrh3gnh0000gn/T//cc105qM8.debug.temp.o
LOAD /var/folders/th/91gccdrx7m975kl4frrh3gnh0000gn/T//cci4ZYne.debug.temp.o
LOAD /var/folders/th/91gccdrx7m975kl4frrh3gnh0000gn/T//ccVZsK1D.debug.temp.o
LOAD /var/folders/th/91gccdrx7m975kl4frrh3gnh0000gn/T//cccQctpF.debug.temp.o
LOAD /var/folders/th/91gccdrx7m975kl4frrh3gnh0000gn/T//ccsuknbJ.debug.temp.o
LOAD /var/folders/th/91gccdrx7m975kl4frrh3gnh0000gn/T//ccJDQT9Y.debug.temp.o
LOAD /var/folders/th/91gccdrx7m975kl4frrh3gnh0000gn/T//ccColPey.debug.temp.o
LOAD /var/folders/th/91gccdrx7m975kl4frrh3gnh0000gn/T//cc6SpCha.debug.temp.o
LOAD /var/folders/th/91gccdrx7m975kl4frrh3gnh0000gn/T//ccchAnyz.debug.temp.o
LOAD /var/folders/th/91gccdrx7m975kl4frrh3gnh0000gn/T//ccnDKkvj.debug.temp.o
LOAD /var/folders/th/91gccdrx7m975kl4frrh3gnh0000gn/T//ccfx1ikd.debug.temp.o
LOAD /var/folders/th/91gccdrx7m975kl4frrh3gnh0000gn/T//ccrIb0Fa.debug.temp.o
LOAD /var/folders/th/91gccdrx7m975kl4frrh3gnh0000gn/T//cceZyfoV.debug.temp.o
LOAD /var/folders/th/91gccdrx7m975kl4frrh3gnh0000gn/T//ccu0sSbX.debug.temp.o
LOAD /var/folders/th/91gccdrx7m975kl4frrh3gnh0000gn/T//ccC8QNGp.debug.temp.o
LOAD /var/folders/th/91gccdrx7m975kl4frrh3gnh0000gn/T//ccn6rjuR.debug.temp.o
LOAD /var/folders/th/91gccdrx7m975kl4frrh3gnh0000gn/T//ccQSXbVS.debug.temp.o
LOAD /var/folders/th/91gccdrx7m975kl4frrh3gnh0000gn/T//cc846voR.debug.temp.o
LOAD /var/folders/th/91gccdrx7m975kl4frrh3gnh0000gn/T//cc7vH70d.debug.temp.o
LOAD /var/folders/th/91gccdrx7m975kl4frrh3gnh0000gn/T//cckJIuiH.debug.temp.o
LOAD /var/folders/th/91gccdrx7m975kl4frrh3gnh0000gn/T//cc3mWews.debug.temp.o
LOAD /var/folders/th/91gccdrx7m975kl4frrh3gnh0000gn/T//ccViJgOn.debug.temp.o
LOAD /var/folders/th/91gccdrx7m975kl4frrh3gnh0000gn/T//ccvcPQ3N.debug.temp.o
LOAD /var/folders/th/91gccdrx7m975kl4frrh3gnh0000gn/T//ccajJGIO.debug.temp.o
LOAD /var/folders/th/91gccdrx7m975kl4frrh3gnh0000gn/T//ccXCPUQx.debug.temp.o
LOAD /var/folders/th/91gccdrx7m975kl4frrh3gnh0000gn/T//ccUTEJdM.debug.temp.o
LOAD /var/folders/th/91gccdrx7m975kl4frrh3gnh0000gn/T//ccVf3pQp.debug.temp.o
LOAD /var/folders/th/91gccdrx7m975kl4frrh3gnh0000gn/T//cczhRgV0.debug.temp.o
LOAD /var/folders/th/91gccdrx7m975kl4frrh3gnh0000gn/T//ccwh0Bcd.debug.temp.o
LOAD /var/folders/th/91gccdrx7m975kl4frrh3gnh0000gn/T//ccioZdaf.debug.temp.o
LOAD /var/folders/th/91gccdrx7m975kl4frrh3gnh0000gn/T//ccq2jpJ2.debug.temp.o
LOAD /var/folders/th/91gccdrx7m975kl4frrh3gnh0000gn/T//ccrZNHY0.debug.temp.o
LOAD /var/folders/th/91gccdrx7m975kl4frrh3gnh0000gn/T//ccqpnpnw.debug.temp.o
LOAD /var/folders/th/91gccdrx7m975kl4frrh3gnh0000gn/T//ccswZRt8.debug.temp.o
LOAD /var/folders/th/91gccdrx7m975kl4frrh3gnh0000gn/T//cc2M8xeu.debug.temp.o
LOAD /var/folders/th/91gccdrx7m975kl4frrh3gnh0000gn/T//ccamThIS.debug.temp.o
LOAD /var/folders/th/91gccdrx7m975kl4frrh3gnh0000gn/T//ccHBK8lN.debug.temp.o
LOAD /var/folders/th/91gccdrx7m975kl4frrh3gnh0000gn/T//ccGOqW9g.debug.temp.o
LOAD /var/folders/th/91gccdrx7m975kl4frrh3gnh0000gn/T//ccOPuWIR.debug.temp.o
LOAD /var/folders/th/91gccdrx7m975kl4frrh3gnh0000gn/T//ccdir2JH.debug.temp.o
LOAD /var/folders/th/91gccdrx7m975kl4frrh3gnh0000gn/T//ccfzcjqo.debug.temp.o
LOAD /var/folders/th/91gccdrx7m975kl4frrh3gnh0000gn/T//ccQRTnCY.debug.temp.o
LOAD /var/folders/th/91gccdrx7m975kl4frrh3gnh0000gn/T//cc7wILom.debug.temp.o
LOAD /var/folders/th/91gccdrx7m975kl4frrh3gnh0000gn/T//ccluPi5n.debug.temp.o
LOAD /var/folders/th/91gccdrx7m975kl4frrh3gnh0000gn/T//ccbaThUO.debug.temp.o
LOAD /var/folders/th/91gccdrx7m975kl4frrh3gnh0000gn/T//cc64Lm7q.debug.temp.o
LOAD /var/folders/th/91gccdrx7m975kl4frrh3gnh0000gn/T//ccyuenSH.debug.temp.o
LOAD /var/folders/th/91gccdrx7m975kl4frrh3gnh0000gn/T//ccs29Pbh.debug.temp.o
LOAD /var/folders/th/91gccdrx7m975kl4frrh3gnh0000gn/T//ccjzz58Y.debug.temp.o
LOAD /var/folders/th/91gccdrx7m975kl4frrh3gnh0000gn/T//ccArMTdN.debug.temp.o
LOAD /var/folders/th/91gccdrx7m975kl4frrh3gnh0000gn/T//ccJUoetz.debug.temp.o
LOAD /var/folders/th/91gccdrx7m975kl4frrh3gnh0000gn/T//ccvPd459.debug.temp.o
LOAD /var/folders/th/91gccdrx7m975kl4frrh3gnh0000gn/T//ccQWoy3G.debug.temp.o
LOAD /var/folders/th/91gccdrx7m975kl4frrh3gnh0000gn/T//cco7Wzou.debug.temp.o
LOAD /var/folders/th/91gccdrx7m975kl4frrh3gnh0000gn/T//ccY1gf7f.debug.temp.o
LOAD /var/folders/th/91gccdrx7m975kl4frrh3gnh0000gn/T//cc6VhVyu.debug.temp.o
LOAD /var/folders/th/91gccdrx7m975kl4frrh3gnh0000gn/T//cchLL2Xm.debug.temp.o
LOAD /var/folders/th/91gccdrx7m975kl4frrh3gnh0000gn/T//ccddu3NE.debug.temp.o
LOAD /var/folders/th/91gccdrx7m975kl4frrh3gnh0000gn/T//cc7mioIM.debug.temp.o
LOAD /var/folders/th/91gccdrx7m975kl4frrh3gnh0000gn/T//ccHn1jJD.debug.temp.o
LOAD /var/folders/th/91gccdrx7m975kl4frrh3gnh0000gn/T//cczpLJZv.debug.temp.o
LOAD /var/folders/th/91gccdrx7m975kl4frrh3gnh0000gn/T//ccBcASj4.debug.temp.o
LOAD /var/folders/th/91gccdrx7m975kl4frrh3gnh0000gn/T//ccpYUXMP.debug.temp.o
LOAD /var/folders/th/91gccdrx7m975kl4frrh3gnh0000gn/T//ccSba0U0.debug.temp.o
LOAD /var/folders/th/91gccdrx7m975kl4frrh3gnh0000gn/T//cc648Qe2.debug.temp.o
LOAD /var/folders/th/91gccdrx7m975kl4frrh3gnh0000gn/T//ccuYHenF.debug.temp.o
LOAD /var/folders/th/91gccdrx7m975kl4frrh3gnh0000gn/T//ccSNHWoD.debug.temp.o
LOAD /var/folders/th/91gccdrx7m975kl4frrh3gnh0000gn/T//ccOpJqhm.debug.temp.o
LOAD /var/folders/th/91gccdrx7m975kl4frrh3gnh0000gn/T//ccxgc3Dp.debug.temp.o
LOAD /var/folders/th/91gccdrx7m975kl4frrh3gnh0000gn/T//ccPHf0Ll.debug.temp.o
LOAD /var/folders/th/91gccdrx7m975kl4frrh3gnh0000gn/T//ccmrxxIq.debug.temp.o
LOAD /var/folders/th/91gccdrx7m975kl4frrh3gnh0000gn/T//cctQqHRi.debug.temp.o
LOAD /var/folders/th/91gccdrx7m975kl4frrh3gnh0000gn/T//ccfCyQLq.debug.temp.o
LOAD /var/folders/th/91gccdrx7m975kl4frrh3gnh0000gn/T//ccCYafgQ.debug.temp.o
LOAD /var/folders/th/91gccdrx7m975kl4frrh3gnh0000gn/T//ccPkfGIh.debug.temp.o
LOAD /var/folders/th/91gccdrx7m975kl4frrh3gnh0000gn/T//ccxyw5CY.debug.temp.o
LOAD /var/folders/th/91gccdrx7m975kl4frrh3gnh0000gn/T//ccVyVMgq.debug.temp.o
LOAD /var/folders/th/91gccdrx7m975kl4frrh3gnh0000gn/T//ccZkTH3Z.debug.temp.o
LOAD /var/folders/th/91gccdrx7m975kl4frrh3gnh0000gn/T//ccpay1K1.debug.temp.o
LOAD /var/folders/th/91gccdrx7m975kl4frrh3gnh0000gn/T//ccAMNHAZ.debug.temp.o
LOAD /var/folders/th/91gccdrx7m975kl4frrh3gnh0000gn/T//ccgU4nk9.debug.temp.o
LOAD /var/folders/th/91gccdrx7m975kl4frrh3gnh0000gn/T//ccE68YGX.debug.temp.o
LOAD /var/folders/th/91gccdrx7m975kl4frrh3gnh0000gn/T//ccKeh98l.debug.temp.o
LOAD /var/folders/th/91gccdrx7m975kl4frrh3gnh0000gn/T//ccGofTga.debug.temp.o
LOAD /var/folders/th/91gccdrx7m975kl4frrh3gnh0000gn/T//cc05x0wj.debug.temp.o
LOAD /var/folders/th/91gccdrx7m975kl4frrh3gnh0000gn/T//cc6FD8Qd.debug.temp.o
LOAD /var/folders/th/91gccdrx7m975kl4frrh3gnh0000gn/T//ccGeFFqN.debug.temp.o
LOAD /var/folders/th/91gccdrx7m975kl4frrh3gnh0000gn/T//ccE6y3gC.debug.temp.o
LOAD /var/folders/th/91gccdrx7m975kl4frrh3gnh0000gn/T//ccUFAwQG.debug.temp.o
LOAD /var/folders/th/91gccdrx7m975kl4frrh3gnh0000gn/T//cc2ZpUgw.debug.temp.o
LOAD /var/folders/th/91gccdrx7m975kl4frrh3gnh0000gn/T//cctvqRtc.debug.temp.o
LOAD /var/folders/th/91gccdrx7m975kl4frrh3gnh0000gn/T//ccXbwhbO.debug.temp.o
LOAD /var/folders/th/91gccdrx7m975kl4frrh3gnh0000gn/T//ccOA00YK.debug.temp.o
LOAD /var/folders/th/91gccdrx7m975kl4frrh3gnh0000gn/T//ccAjRft8.debug.temp.o
LOAD /var/folders/th/91gccdrx7m975kl4frrh3gnh0000gn/T//cctlAq3X.debug.temp.o
LOAD /var/folders/th/91gccdrx7m975kl4frrh3gnh0000gn/T//ccVFJo0N.debug.temp.o
LOAD /var/folders/th/91gccdrx7m975kl4frrh3gnh0000gn/T//cckGuXhg.debug.temp.o
LOAD /var/folders/th/91gccdrx7m975kl4frrh3gnh0000gn/T//ccznkv9t.debug.temp.o
LOAD /var/folders/th/91gccdrx7m975kl4frrh3gnh0000gn/T//ccy3mVfE.debug.temp.o
LOAD /var/folders/th/91gccdrx7m975kl4frrh3gnh0000gn/T//ccxLK9v3.debug.temp.o
LOAD /var/folders/th/91gccdrx7m975kl4frrh3gnh0000gn/T//ccC5vxuJ.debug.temp.o
LOAD /var/folders/th/91gccdrx7m975kl4frrh3gnh0000gn/T//ccLY6mKE.debug.temp.o
LOAD /var/folders/th/91gccdrx7m975kl4frrh3gnh0000gn/T//ccf1dBtO.debug.temp.o
LOAD /var/folders/th/91gccdrx7m975kl4frrh3gnh0000gn/T//ccCa15ZF.debug.temp.o
LOAD /var/folders/th/91gccdrx7m975kl4frrh3gnh0000gn/T//ccC6KkJ7.debug.temp.o
LOAD /var/folders/th/91gccdrx7m975kl4frrh3gnh0000gn/T//ccLjWUjD.debug.temp.o
LOAD /var/folders/th/91gccdrx7m975kl4frrh3gnh0000gn/T//cc3p76cp.debug.temp.o
LOAD /var/folders/th/91gccdrx7m975kl4frrh3gnh0000gn/T//ccsbkkSJ.debug.temp.o
LOAD /var/folders/th/91gccdrx7m975kl4frrh3gnh0000gn/T//ccOcfddL.debug.temp.o
LOAD /var/folders/th/91gccdrx7m975kl4frrh3gnh0000gn/T//ccqtKm4Q.debug.temp.o
LOAD /var/folders/th/91gccdrx7m975kl4frrh3gnh0000gn/T//ccKZzBx9.debug.temp.o
LOAD /var/folders/th/91gccdrx7m975kl4frrh3gnh0000gn/T//cc5Z8rET.debug.temp.o
LOAD /var/folders/th/91gccdrx7m975kl4frrh3gnh0000gn/T//ccM5T2p9.debug.temp.o
LOAD /var/folders/th/91gccdrx7m975kl4frrh3gnh0000gn/T//ccbAHar5.debug.temp.o
LOAD /var/folders/th/91gccdrx7m975kl4frrh3gnh0000gn/T//ccmisTPo.debug.temp.o
LOAD /var/folders/th/91gccdrx7m975kl4frrh3gnh0000gn/T//cc6iwZo6.debug.temp.o
LOAD /var/folders/th/91gccdrx7m975kl4frrh3gnh0000gn/T//ccjTtAym.debug.temp.o
LOAD /var/folders/th/91gccdrx7m975kl4frrh3gnh0000gn/T//ccEy4z0h.debug.temp.o
LOAD /var/folders/th/91gccdrx7m975kl4frrh3gnh0000gn/T//cctsbA1G.debug.temp.o
LOAD /var/folders/th/91gccdrx7m975kl4frrh3gnh0000gn/T//ccAGAQ6X.debug.temp.o
LOAD /var/folders/th/91gccdrx7m975kl4frrh3gnh0000gn/T//ccSit8XP.debug.temp.o
LOAD /var/folders/th/91gccdrx7m975kl4frrh3gnh0000gn/T//ccdunDjq.debug.temp.o
LOAD /var/folders/th/91gccdrx7m975kl4frrh3gnh0000gn/T//ccC6xaIb.debug.temp.o
LOAD /var/folders/th/91gccdrx7m975kl4frrh3gnh0000gn/T//ccblzesw.debug.temp.o
LOAD /var/folders/th/91gccdrx7m975kl4frrh3gnh0000gn/T//cccVnrj5.debug.temp.o
LOAD /var/folders/th/91gccdrx7m975kl4frrh3gnh0000gn/T//ccfquzaZ.debug.temp.o
LOAD /var/folders/th/91gccdrx7m975kl4frrh3gnh0000gn/T//ccOGCmeb.debug.temp.o
LOAD /var/folders/th/91gccdrx7m975kl4frrh3gnh0000gn/T//ccoSPoYJ.debug.temp.o
LOAD /var/folders/th/91gccdrx7m975kl4frrh3gnh0000gn/T//ccJ2Mk5Q.debug.temp.o
LOAD /var/folders/th/91gccdrx7m975kl4frrh3gnh0000gn/T//ccnAfMWD.debug.temp.o
LOAD /var/folders/th/91gccdrx7m975kl4frrh3gnh0000gn/T//ccR25a1l.debug.temp.o
LOAD /var/folders/th/91gccdrx7m975kl4frrh3gnh0000gn/T//ccHtCLJ9.debug.temp.o
LOAD /var/folders/th/91gccdrx7m975kl4frrh3gnh0000gn/T//cclOG02L.debug.temp.o
LOAD /var/folders/th/91gccdrx7m975kl4frrh3gnh0000gn/T//ccn2Cklw.debug.temp.o
LOAD /var/folders/th/91gccdrx7m975kl4frrh3gnh0000gn/T//ccFunGIr.debug.temp.o
LOAD /var/folders/th/91gccdrx7m975kl4frrh3gnh0000gn/T//cc4exhtR.debug.temp.o
LOAD /var/folders/th/91gccdrx7m975kl4frrh3gnh0000gn/T//ccD7pmqv.debug.temp.o
LOAD /var/folders/th/91gccdrx7m975kl4frrh3gnh0000gn/T//cc1HZfhg.debug.temp.o
LOAD /var/folders/th/91gccdrx7m975kl4frrh3gnh0000gn/T//ccTpG4wd.debug.temp.o
LOAD /var/folders/th/91gccdrx7m975kl4frrh3gnh0000gn/T//ccJu2Dup.debug.temp.o
LOAD /var/folders/th/91gccdrx7m975kl4frrh3gnh0000gn/T//ccnimxTc.debug.temp.o
LOAD /var/folders/th/91gccdrx7m975kl4frrh3gnh0000gn/T//cc5W13V2.debug.temp.o
LOAD /var/folders/th/91gccdrx7m975kl4frrh3gnh0000gn/T//ccOD2zxv.debug.temp.o
LOAD /var/folders/th/91gccdrx7m975kl4frrh3gnh0000gn/T//ccssSnMP.debug.temp.o
LOAD /var/folders/th/91gccdrx7m975kl4frrh3gnh0000gn/T//ccvzTkbr.debug.temp.o
LOAD /var/folders/th/91gccdrx7m975kl4frrh3gnh0000gn/T//cc7ylCDe.debug.temp.o
LOAD /var/folders/th/91gccdrx7m975kl4frrh3gnh0000gn/T//ccfo3giF.debug.temp.o
LOAD /var/folders/th/91gccdrx7m975kl4frrh3gnh0000gn/T//ccterlVx.debug.temp.o
LOAD /var/folders/th/91gccdrx7m975kl4frrh3gnh0000gn/T//cc6NjLCF.debug.temp.o
LOAD /var/folders/th/91gccdrx7m975kl4frrh3gnh0000gn/T//cceu0Ju3.debug.temp.o
LOAD /var/folders/th/91gccdrx7m975kl4frrh3gnh0000gn/T//ccmyAlVK.debug.temp.o
LOAD /var/folders/th/91gccdrx7m975kl4frrh3gnh0000gn/T//ccNPVhaW.debug.temp.o
LOAD /var/folders/th/91gccdrx7m975kl4frrh3gnh0000gn/T//ccoqg6Kq.debug.temp.o
LOAD /var/folders/th/91gccdrx7m975kl4frrh3gnh0000gn/T//ccoA0pZB.debug.temp.o
LOAD /var/folders/th/91gccdrx7m975kl4frrh3gnh0000gn/T//ccjmsfjT.debug.temp.o
LOAD /var/folders/th/91gccdrx7m975kl4frrh3gnh0000gn/T//cc4wlRb9.debug.temp.o
LOAD /var/folders/th/91gccdrx7m975kl4frrh3gnh0000gn/T//ccZLtYun.debug.temp.o
LOAD /var/folders/th/91gccdrx7m975kl4frrh3gnh0000gn/T//ccZHfNUz.debug.temp.o
LOAD /var/folders/th/91gccdrx7m975kl4frrh3gnh0000gn/T//ccDULpVh.debug.temp.o
LOAD /var/folders/th/91gccdrx7m975kl4frrh3gnh0000gn/T//cc9KrnPX.debug.temp.o
LOAD /var/folders/th/91gccdrx7m975kl4frrh3gnh0000gn/T//cceqIvJa.debug.temp.o
LOAD /var/folders/th/91gccdrx7m975kl4frrh3gnh0000gn/T//cchC13cR.debug.temp.o
LOAD /var/folders/th/91gccdrx7m975kl4frrh3gnh0000gn/T//ccG9TkRk.debug.temp.o
LOAD /var/folders/th/91gccdrx7m975kl4frrh3gnh0000gn/T//cc1JNKWa.debug.temp.o
LOAD /var/folders/th/91gccdrx7m975kl4frrh3gnh0000gn/T//ccTXDgqr.debug.temp.o
LOAD /var/folders/th/91gccdrx7m975kl4frrh3gnh0000gn/T//cciqMBZp.debug.temp.o
LOAD /var/folders/th/91gccdrx7m975kl4frrh3gnh0000gn/T//ccU0VaKF.debug.temp.o
LOAD /var/folders/th/91gccdrx7m975kl4frrh3gnh0000gn/T//ccvsixxj.debug.temp.o
LOAD /var/folders/th/91gccdrx7m975kl4frrh3gnh0000gn/T//ccX3sVds.debug.temp.o
LOAD /var/folders/th/91gccdrx7m975kl4frrh3gnh0000gn/T//cc8ULs3r.debug.temp.o
LOAD /var/folders/th/91gccdrx7m975kl4frrh3gnh0000gn/T//ccpeolx9.debug.temp.o
LOAD /var/folders/th/91gccdrx7m975kl4frrh3gnh0000gn/T//ccInqqZv.debug.temp.o
LOAD /var/folders/th/91gccdrx7m975kl4frrh3gnh0000gn/T//ccVmaQuH.debug.temp.o
LOAD /var/folders/th/91gccdrx7m975kl4frrh3gnh0000gn/T//ccTCIIwT.debug.temp.o
LOAD /var/folders/th/91gccdrx7m975kl4frrh3gnh0000gn/T//cc8erHnw.debug.temp.o
LOAD /var/folders/th/91gccdrx7m975kl4frrh3gnh0000gn/T//ccdVO98a.debug.temp.o
LOAD /var/folders/th/91gccdrx7m975kl4frrh3gnh0000gn/T//ccLsOq61.debug.temp.o
LOAD /var/folders/th/91gccdrx7m975kl4frrh3gnh0000gn/T//cco8wE9L.debug.temp.o
LOAD /var/folders/th/91gccdrx7m975kl4frrh3gnh0000gn/T//ccFwpdPI.debug.temp.o
LOAD /var/folders/th/91gccdrx7m975kl4frrh3gnh0000gn/T//ccvqVBq9.debug.temp.o
LOAD /var/folders/th/91gccdrx7m975kl4frrh3gnh0000gn/T//ccVqvHXd.debug.temp.o
LOAD /var/folders/th/91gccdrx7m975kl4frrh3gnh0000gn/T//ccVwcbRK.debug.temp.o
LOAD /var/folders/th/91gccdrx7m975kl4frrh3gnh0000gn/T//cc2G2S6f.debug.temp.o
LOAD /var/folders/th/91gccdrx7m975kl4frrh3gnh0000gn/T//ccTPPh59.debug.temp.o
LOAD /var/folders/th/91gccdrx7m975kl4frrh3gnh0000gn/T//cczRADSx.debug.temp.o
LOAD /var/folders/th/91gccdrx7m975kl4frrh3gnh0000gn/T//ccYq7Pon.debug.temp.o
LOAD /var/folders/th/91gccdrx7m975kl4frrh3gnh0000gn/T//cc0WCFA4.debug.temp.o
LOAD /var/folders/th/91gccdrx7m975kl4frrh3gnh0000gn/T//ccUfg2cj.debug.temp.o
LOAD /var/folders/th/91gccdrx7m975kl4frrh3gnh0000gn/T//ccAlIprG.debug.temp.o
                0x0000000000001000                STACKSIZE = 0x1000
                0x0000000000005000                HEAP_SIZE = 0x5000
                0x0000000000000000                PROVIDE (_intvecs_base_address = DEFINED (_intvecs_base_address)?_intvecs_base_address:0x0)

.intvecs        0x0000000000000000      0x140
 *(.intvecs)
 .intvecs       0x0000000000000000      0x140 /Users/rmc0mputer/ti/simplelink_msp432p4_sdk_3_40_01_02/kernel/nortos/lib/nortos_msp432p401x.am4fg(startup_msp432_gcc.om4fg)
                0x0000000000000000                interruptVectors
                0x0000000020000000                PROVIDE (_vtable_base_address = DEFINED (_vtable_base_address)?_vtable_base_address:0x20000000)

.vtable
 *(.vtable)

.text           0x0000000000000140    0x312f8
 CREATE_OBJECT_SYMBOLS
 *(.text)
 .text          0x0000000000000140        0x0 /var/folders/th/91gccdrx7m975kl4frrh3gnh0000gn/T//hello_world_MSP_EXP432P401R_nortos_gcc.out.1OAlnh.ltrans0.ltrans.o
 .text          0x0000000000000140        0x0 /var/folders/th/91gccdrx7m975kl4frrh3gnh0000gn/T//hello_world_MSP_EXP432P401R_nortos_gcc.out.1OAlnh.ltrans1.ltrans.o
 .text          0x0000000000000140        0x0 /var/folders/th/91gccdrx7m975kl4frrh3gnh0000gn/T//hello_world_MSP_EXP432P401R_nortos_gcc.out.1OAlnh.ltrans2.ltrans.o
 .text          0x0000000000000140        0x0 /var/folders/th/91gccdrx7m975kl4frrh3gnh0000gn/T//hello_world_MSP_EXP432P401R_nortos_gcc.out.1OAlnh.ltrans3.ltrans.o
 .text          0x0000000000000140        0x0 /var/folders/th/91gccdrx7m975kl4frrh3gnh0000gn/T//hello_world_MSP_EXP432P401R_nortos_gcc.out.1OAlnh.ltrans4.ltrans.o
 .text          0x0000000000000140        0x0 /var/folders/th/91gccdrx7m975kl4frrh3gnh0000gn/T//hello_world_MSP_EXP432P401R_nortos_gcc.out.1OAlnh.ltrans5.ltrans.o
 .text          0x0000000000000140        0x0 /var/folders/th/91gccdrx7m975kl4frrh3gnh0000gn/T//hello_world_MSP_EXP432P401R_nortos_gcc.out.1OAlnh.ltrans6.ltrans.o
 .text          0x0000000000000140        0x0 /Users/rmc0mputer/ti/simplelink_msp432p4_sdk_3_40_01_02/source/ti/display/lib/display.am4fg(Display.om4fg)
 .text          0x0000000000000140        0x0 /Users/rmc0mputer/ti/simplelink_msp432p4_sdk_3_40_01_02/source/ti/display/lib/display.am4fg(DisplayUart.om4fg)
 .text          0x0000000000000140        0x0 /Users/rmc0mputer/ti/simplelink_msp432p4_sdk_3_40_01_02/source/ti/drivers/lib/drivers_msp432p401x.am4fg(GPIOMSP432.om4fg)
 .text          0x0000000000000140        0x0 /Users/rmc0mputer/ti/simplelink_msp432p4_sdk_3_40_01_02/source/ti/drivers/lib/drivers_msp432p401x.am4fg(PowerMSP432.om4fg)
 .text          0x0000000000000140        0x0 /Users/rmc0mputer/ti/simplelink_msp432p4_sdk_3_40_01_02/source/ti/drivers/lib/drivers_msp432p401x.am4fg(UART.om4fg)
 .text          0x0000000000000140        0x0 /Users/rmc0mputer/ti/simplelink_msp432p4_sdk_3_40_01_02/source/ti/drivers/lib/drivers_msp432p401x.am4fg(UARTMSP432.om4fg)
 .text          0x0000000000000140        0x0 /Users/rmc0mputer/ti/simplelink_msp432p4_sdk_3_40_01_02/source/ti/drivers/lib/drivers_msp432p401x.am4fg(List.om4fg)
 .text          0x0000000000000140        0x0 /Users/rmc0mputer/ti/simplelink_msp432p4_sdk_3_40_01_02/source/ti/drivers/lib/drivers_msp432p401x.am4fg(RingBuf.om4fg)
 .text          0x0000000000000140        0x0 /Users/rmc0mputer/ti/simplelink_msp432p4_sdk_3_40_01_02/kernel/nortos/lib/nortos_msp432p401x.am4fg(NoRTOS.om4fg)
 .text          0x0000000000000140        0x0 /Users/rmc0mputer/ti/simplelink_msp432p4_sdk_3_40_01_02/kernel/nortos/lib/nortos_msp432p401x.am4fg(SemaphoreP_nortos.om4fg)
 .text          0x0000000000000140        0x0 /Users/rmc0mputer/ti/simplelink_msp432p4_sdk_3_40_01_02/kernel/nortos/lib/nortos_msp432p401x.am4fg(SystemP_nortos.om4fg)
 .text          0x0000000000000140        0x0 /Users/rmc0mputer/ti/simplelink_msp432p4_sdk_3_40_01_02/kernel/nortos/lib/nortos_msp432p401x.am4fg(PowerMSP432_nortos.om4fg)
 .text          0x0000000000000140        0x0 /Users/rmc0mputer/ti/simplelink_msp432p4_sdk_3_40_01_02/kernel/nortos/lib/nortos_msp432p401x.am4fg(ClockPTimer_nortos.om4fg)
 .text          0x0000000000000140        0x0 /Users/rmc0mputer/ti/simplelink_msp432p4_sdk_3_40_01_02/kernel/nortos/lib/nortos_msp432p401x.am4fg(TimerPMSP432_nortos.om4fg)
 .text          0x0000000000000140        0x0 /Users/rmc0mputer/ti/simplelink_msp432p4_sdk_3_40_01_02/kernel/nortos/lib/nortos_msp432p401x.am4fg(HwiPMSP432_nortos.om4fg)
 .text          0x0000000000000140        0x0 /Users/rmc0mputer/ti/simplelink_msp432p4_sdk_3_40_01_02/kernel/nortos/lib/nortos_msp432p401x.am4fg(startup_msp432_gcc.om4fg)
 .text          0x0000000000000140        0x0 /Users/rmc0mputer/ti/simplelink_msp432p4_sdk_3_40_01_02/kernel/nortos/lib/nortos_msp432p401x.am4fg(QueueP_nortos.om4fg)
 .text          0x0000000000000140        0x0 /Users/rmc0mputer/ti/simplelink_msp432p4_sdk_3_40_01_02/kernel/nortos/lib/nortos_msp432p401x.am4fg(SwiP_nortos.om4fg)
 .text          0x0000000000000140        0x0 /Users/rmc0mputer/ti/simplelink_msp432p4_sdk_3_40_01_02/source/ti/devices/msp432p4xx/driverlib/gcc/msp432p4xx_driverlib.a(cs.o)
 .text          0x0000000000000140        0x0 /Users/rmc0mputer/ti/simplelink_msp432p4_sdk_3_40_01_02/source/ti/devices/msp432p4xx/driverlib/gcc/msp432p4xx_driverlib.a(interrupt.o)
 .text          0x0000000000000140        0x0 /Users/rmc0mputer/ti/simplelink_msp432p4_sdk_3_40_01_02/source/ti/devices/msp432p4xx/driverlib/gcc/msp432p4xx_driverlib.a(sysctl.o)
 .text          0x0000000000000140        0x0 /Users/rmc0mputer/ti/simplelink_msp432p4_sdk_3_40_01_02/source/ti/devices/msp432p4xx/driverlib/gcc/msp432p4xx_driverlib.a(sysctl_a.o)
 .text          0x0000000000000140        0x0 /Users/rmc0mputer/ti/simplelink_msp432p4_sdk_3_40_01_02/source/ti/devices/msp432p4xx/driverlib/gcc/msp432p4xx_driverlib.a(uart.o)
 .text          0x0000000000000140        0x0 /Users/rmc0mputer/ti/simplelink_msp432p4_sdk_3_40_01_02/source/ti/devices/msp432p4xx/driverlib/gcc/msp432p4xx_driverlib.a(cpu.o)
 .text          0x0000000000000140      0x254 /Applications/ti/ccs1220/ccs/tools/compiler/gcc-arm-none-eabi-9-2019-q4-major/bin/../lib/gcc/arm-none-eabi/9.2.1/thumb/v7e-m+fp/hard/libgcc.a(_arm_muldf3.o)
 .text          0x0000000000000394      0x378 /Applications/ti/ccs1220/ccs/tools/compiler/gcc-arm-none-eabi-9-2019-q4-major/bin/../lib/gcc/arm-none-eabi/9.2.1/thumb/v7e-m+fp/hard/libgcc.a(_arm_addsubdf3.o)
                0x0000000000000394                __aeabi_drsub
                0x000000000000039c                __aeabi_dsub
                0x000000000000039c                __subdf3
                0x00000000000003a0                __adddf3
                0x00000000000003a0                __aeabi_dadd
                0x0000000000000618                __floatunsidf
                0x0000000000000618                __aeabi_ui2d
                0x0000000000000638                __aeabi_i2d
                0x0000000000000638                __floatsidf
                0x000000000000065c                __extendsfdf2
                0x000000000000065c                __aeabi_f2d
                0x00000000000006a0                __aeabi_ul2d
                0x00000000000006a0                __floatundidf
                0x00000000000006b0                __floatdidf
                0x00000000000006b0                __aeabi_l2d
 .text          0x000000000000070c      0x110 /Applications/ti/ccs1220/ccs/tools/compiler/gcc-arm-none-eabi-9-2019-q4-major/bin/../lib/gcc/arm-none-eabi/9.2.1/thumb/v7e-m+fp/hard/libgcc.a(_arm_cmpdf2.o)
                0x000000000000070c                __gtdf2
                0x000000000000070c                __gedf2
                0x0000000000000714                __ledf2
                0x0000000000000714                __ltdf2
                0x000000000000071c                __eqdf2
                0x000000000000071c                __cmpdf2
                0x000000000000071c                __nedf2
                0x0000000000000798                __aeabi_cdrcmple
                0x00000000000007a8                __aeabi_cdcmpeq
                0x00000000000007a8                __aeabi_cdcmple
                0x00000000000007b8                __aeabi_dcmpeq
                0x00000000000007cc                __aeabi_dcmplt
                0x00000000000007e0                __aeabi_dcmple
                0x00000000000007f4                __aeabi_dcmpge
                0x0000000000000808                __aeabi_dcmpgt
 .text          0x000000000000081c       0x50 /Applications/ti/ccs1220/ccs/tools/compiler/gcc-arm-none-eabi-9-2019-q4-major/bin/../lib/gcc/arm-none-eabi/9.2.1/thumb/v7e-m+fp/hard/libgcc.a(_arm_fixdfsi.o)
                0x000000000000081c                __aeabi_d2iz
                0x000000000000081c                __fixdfsi
 .text          0x000000000000086c       0x40 /Applications/ti/ccs1220/ccs/tools/compiler/gcc-arm-none-eabi-9-2019-q4-major/bin/../lib/gcc/arm-none-eabi/9.2.1/thumb/v7e-m+fp/hard/libgcc.a(_arm_fixunsdfsi.o)
                0x000000000000086c                __aeabi_d2uiz
                0x000000000000086c                __fixunsdfsi
 .text          0x00000000000008ac       0xa0 /Applications/ti/ccs1220/ccs/tools/compiler/gcc-arm-none-eabi-9-2019-q4-major/bin/../lib/gcc/arm-none-eabi/9.2.1/thumb/v7e-m+fp/hard/libgcc.a(_aeabi_ldivmod.o)
                0x00000000000008ac                __aeabi_ldivmod
 .text          0x000000000000094c       0x30 /Applications/ti/ccs1220/ccs/tools/compiler/gcc-arm-none-eabi-9-2019-q4-major/bin/../lib/gcc/arm-none-eabi/9.2.1/thumb/v7e-m+fp/hard/libgcc.a(_aeabi_uldivmod.o)
                0x000000000000094c                __aeabi_uldivmod
 .text          0x000000000000097c      0x2c4 /Applications/ti/ccs1220/ccs/tools/compiler/gcc-arm-none-eabi-9-2019-q4-major/bin/../lib/gcc/arm-none-eabi/9.2.1/thumb/v7e-m+fp/hard/libgcc.a(_udivmoddi4.o)
                0x000000000000097c                __udivmoddi4
 .text          0x0000000000000c40        0x4 /Applications/ti/ccs1220/ccs/tools/compiler/gcc-arm-none-eabi-9-2019-q4-major/bin/../lib/gcc/arm-none-eabi/9.2.1/thumb/v7e-m+fp/hard/libgcc.a(_dvmd_tls.o)
                0x0000000000000c40                __aeabi_ldiv0
                0x0000000000000c40                __aeabi_idiv0
 .text          0x0000000000000c44       0x18 /Applications/ti/ccs1220/ccs/tools/compiler/gcc-arm-none-eabi-9-2019-q4-major/bin/../lib/gcc/arm-none-eabi/9.2.1/thumb/v7e-m+fp/hard/libgcc.a(_clrsbsi2.o)
                0x0000000000000c44                __clrsbsi2
 .text          0x0000000000000c5c       0x30 /Applications/ti/ccs1220/ccs/tools/compiler/gcc-arm-none-eabi-9-2019-q4-major/bin/../lib/gcc/arm-none-eabi/9.2.1/thumb/v7e-m+fp/hard/libgcc.a(_fixdfdi.o)
                0x0000000000000c5c                __fixdfdi
                0x0000000000000c5c                __aeabi_d2lz
 .text          0x0000000000000c8c       0x3c /Applications/ti/ccs1220/ccs/tools/compiler/gcc-arm-none-eabi-9-2019-q4-major/bin/../lib/gcc/arm-none-eabi/9.2.1/thumb/v7e-m+fp/hard/libgcc.a(_fixunsdfdi.o)
                0x0000000000000c8c                __aeabi_d2ulz
                0x0000000000000c8c                __fixunsdfdi
 .text          0x0000000000000cc8        0x0 /Applications/ti/ccs1220/ccs/tools/compiler/gcc-arm-none-eabi-9-2019-q4-major/bin/../lib/gcc/arm-none-eabi/9.2.1/../../../../arm-none-eabi/lib/thumb/v7e-m+fp/hard/libc_nano.a(lib_a-aeabi_atexit.o)
 .text          0x0000000000000cc8        0x0 /Applications/ti/ccs1220/ccs/tools/compiler/gcc-arm-none-eabi-9-2019-q4-major/bin/../lib/gcc/arm-none-eabi/9.2.1/../../../../arm-none-eabi/lib/thumb/v7e-m+fp/hard/libc_nano.a(lib_a-bsearch.o)
 .text          0x0000000000000cc8        0x0 /Applications/ti/ccs1220/ccs/tools/compiler/gcc-arm-none-eabi-9-2019-q4-major/bin/../lib/gcc/arm-none-eabi/9.2.1/../../../../arm-none-eabi/lib/thumb/v7e-m+fp/hard/libc_nano.a(lib_a-cxa_atexit.o)
 .text          0x0000000000000cc8        0x0 /Applications/ti/ccs1220/ccs/tools/compiler/gcc-arm-none-eabi-9-2019-q4-major/bin/../lib/gcc/arm-none-eabi/9.2.1/../../../../arm-none-eabi/lib/thumb/v7e-m+fp/hard/libc_nano.a(lib_a-errno.o)
 .text          0x0000000000000cc8        0x0 /Applications/ti/ccs1220/ccs/tools/compiler/gcc-arm-none-eabi-9-2019-q4-major/bin/../lib/gcc/arm-none-eabi/9.2.1/../../../../arm-none-eabi/lib/thumb/v7e-m+fp/hard/libc_nano.a(lib_a-impure.o)
 .text          0x0000000000000cc8        0x0 /Applications/ti/ccs1220/ccs/tools/compiler/gcc-arm-none-eabi-9-2019-q4-major/bin/../lib/gcc/arm-none-eabi/9.2.1/../../../../arm-none-eabi/lib/thumb/v7e-m+fp/hard/libc_nano.a(lib_a-malloc.o)
 .text          0x0000000000000cc8        0x0 /Applications/ti/ccs1220/ccs/tools/compiler/gcc-arm-none-eabi-9-2019-q4-major/bin/../lib/gcc/arm-none-eabi/9.2.1/../../../../arm-none-eabi/lib/thumb/v7e-m+fp/hard/libc_nano.a(lib_a-nano-freer.o)
 .text          0x0000000000000cc8        0x0 /Applications/ti/ccs1220/ccs/tools/compiler/gcc-arm-none-eabi-9-2019-q4-major/bin/../lib/gcc/arm-none-eabi/9.2.1/../../../../arm-none-eabi/lib/thumb/v7e-m+fp/hard/libc_nano.a(lib_a-nano-mallocr.o)
 .text          0x0000000000000cc8        0x0 /Applications/ti/ccs1220/ccs/tools/compiler/gcc-arm-none-eabi-9-2019-q4-major/bin/../lib/gcc/arm-none-eabi/9.2.1/../../../../arm-none-eabi/lib/thumb/v7e-m+fp/hard/libc_nano.a(lib_a-on_exit_args.o)
 .text          0x0000000000000cc8        0x0 /Applications/ti/ccs1220/ccs/tools/compiler/gcc-arm-none-eabi-9-2019-q4-major/bin/../lib/gcc/arm-none-eabi/9.2.1/../../../../arm-none-eabi/lib/thumb/v7e-m+fp/hard/libc_nano.a(lib_a-s_frexp.o)
 .text          0x0000000000000cc8        0x0 /Applications/ti/ccs1220/ccs/tools/compiler/gcc-arm-none-eabi-9-2019-q4-major/bin/../lib/gcc/arm-none-eabi/9.2.1/../../../../arm-none-eabi/lib/thumb/v7e-m+fp/hard/libc_nano.a(lib_a-sbrkr.o)
 .text          0x0000000000000cc8       0x10 /Applications/ti/ccs1220/ccs/tools/compiler/gcc-arm-none-eabi-9-2019-q4-major/bin/../lib/gcc/arm-none-eabi/9.2.1/../../../../arm-none-eabi/lib/thumb/v7e-m+fp/hard/libc_nano.a(lib_a-strlen.o)
                0x0000000000000cc8                strlen
 .text          0x0000000000000cd8        0x0 /Applications/ti/ccs1220/ccs/tools/compiler/gcc-arm-none-eabi-9-2019-q4-major/bin/../lib/gcc/arm-none-eabi/9.2.1/../../../../arm-none-eabi/lib/thumb/v7e-m+fp/hard/libc_nano.a(lib_a-strtoll.o)
 .text          0x0000000000000cd8        0x0 /Applications/ti/ccs1220/ccs/tools/compiler/gcc-arm-none-eabi-9-2019-q4-major/bin/../lib/gcc/arm-none-eabi/9.2.1/../../../../arm-none-eabi/lib/thumb/v7e-m+fp/hard/libc_nano.a(lib_a-strtoull.o)
 .text          0x0000000000000cd8        0x0 /Applications/ti/ccs1220/ccs/tools/compiler/gcc-arm-none-eabi-9-2019-q4-major/bin/../lib/gcc/arm-none-eabi/9.2.1/../../../../arm-none-eabi/lib/thumb/v7e-m+fp/hard/libc_nano.a(lib_a-ctype_.o)
 .text          0x0000000000000cd8        0x0 /Applications/ti/ccs1220/ccs/tools/compiler/gcc-arm-none-eabi-9-2019-q4-major/bin/../lib/gcc/arm-none-eabi/9.2.1/../../../../arm-none-eabi/lib/thumb/v7e-m+fp/hard/libc_nano.a(lib_a-mlock.o)
 .text          0x0000000000000cd8        0x0 /Applications/ti/ccs1220/ccs/tools/compiler/gcc-arm-none-eabi-9-2019-q4-major/bin/../lib/gcc/arm-none-eabi/9.2.1/../../../../arm-none-eabi/lib/thumb/v7e-m+fp/hard/libc_nano.a(lib_a-reent.o)
 .text          0x0000000000000cd8        0x0 /Applications/ti/ccs1220/ccs/tools/compiler/gcc-arm-none-eabi-9-2019-q4-major/bin/../lib/gcc/arm-none-eabi/9.2.1/../../../../arm-none-eabi/lib/thumb/v7e-m+fp/hard/libc_nano.a(lib_a-lock.o)
 .text          0x0000000000000cd8        0x0 /Applications/ti/ccs1220/ccs/tools/compiler/gcc-arm-none-eabi-9-2019-q4-major/bin/../lib/gcc/arm-none-eabi/9.2.1/../../../../arm-none-eabi/lib/thumb/v7e-m+fp/hard/libc_nano.a(lib_a-memcmp.o)
 .text          0x0000000000000cd8        0x0 /Applications/ti/ccs1220/ccs/tools/compiler/gcc-arm-none-eabi-9-2019-q4-major/bin/../lib/gcc/arm-none-eabi/9.2.1/../../../../arm-none-eabi/lib/thumb/v7e-m+fp/hard/libc_nano.a(lib_a-memcpy-stub.o)
 .text          0x0000000000000cd8        0x0 /Applications/ti/ccs1220/ccs/tools/compiler/gcc-arm-none-eabi-9-2019-q4-major/bin/../lib/gcc/arm-none-eabi/9.2.1/../../../../arm-none-eabi/lib/thumb/v7e-m+fp/hard/libc_nano.a(lib_a-memmove.o)
 .text          0x0000000000000cd8        0x0 /Applications/ti/ccs1220/ccs/tools/compiler/gcc-arm-none-eabi-9-2019-q4-major/bin/../lib/gcc/arm-none-eabi/9.2.1/../../../../arm-none-eabi/lib/thumb/v7e-m+fp/hard/libc_nano.a(lib_a-memset.o)
 .text          0x0000000000000cd8       0x14 /Applications/ti/ccs1220/ccs/tools/compiler/gcc-arm-none-eabi-9-2019-q4-major/bin/../lib/gcc/arm-none-eabi/9.2.1/../../../../arm-none-eabi/lib/thumb/v7e-m+fp/hard/libc_nano.a(lib_a-strcmp.o)
                0x0000000000000cd8                strcmp
 .text          0x0000000000000cec        0x0 /Applications/ti/ccs1220/ccs/tools/compiler/gcc-arm-none-eabi-9-2019-q4-major/bin/../lib/gcc/arm-none-eabi/9.2.1/../../../../arm-none-eabi/lib/thumb/v7e-m+fp/hard/libc_nano.a(lib_a-strncmp.o)
 .text          0x0000000000000cec        0x0 /Applications/ti/ccs1220/ccs/tools/compiler/gcc-arm-none-eabi-9-2019-q4-major/bin/../lib/gcc/arm-none-eabi/9.2.1/../../../../arm-none-eabi/lib/thumb/v7e-m+fp/hard/libm.a(lib_a-s_cos.o)
 .text          0x0000000000000cec        0x0 /Applications/ti/ccs1220/ccs/tools/compiler/gcc-arm-none-eabi-9-2019-q4-major/bin/../lib/gcc/arm-none-eabi/9.2.1/../../../../arm-none-eabi/lib/thumb/v7e-m+fp/hard/libm.a(lib_a-s_floor.o)
 .text          0x0000000000000cec        0x0 /Applications/ti/ccs1220/ccs/tools/compiler/gcc-arm-none-eabi-9-2019-q4-major/bin/../lib/gcc/arm-none-eabi/9.2.1/../../../../arm-none-eabi/lib/thumb/v7e-m+fp/hard/libm.a(lib_a-s_log1p.o)
 .text          0x0000000000000cec        0x0 /Applications/ti/ccs1220/ccs/tools/compiler/gcc-arm-none-eabi-9-2019-q4-major/bin/../lib/gcc/arm-none-eabi/9.2.1/../../../../arm-none-eabi/lib/thumb/v7e-m+fp/hard/libm.a(lib_a-s_round.o)
 .text          0x0000000000000cec        0x0 /Applications/ti/ccs1220/ccs/tools/compiler/gcc-arm-none-eabi-9-2019-q4-major/bin/../lib/gcc/arm-none-eabi/9.2.1/../../../../arm-none-eabi/lib/thumb/v7e-m+fp/hard/libm.a(lib_a-s_sin.o)
 .text          0x0000000000000cec        0x0 /Applications/ti/ccs1220/ccs/tools/compiler/gcc-arm-none-eabi-9-2019-q4-major/bin/../lib/gcc/arm-none-eabi/9.2.1/../../../../arm-none-eabi/lib/thumb/v7e-m+fp/hard/libm.a(lib_a-sf_ceil.o)
 .text          0x0000000000000cec        0x0 /Applications/ti/ccs1220/ccs/tools/compiler/gcc-arm-none-eabi-9-2019-q4-major/bin/../lib/gcc/arm-none-eabi/9.2.1/../../../../arm-none-eabi/lib/thumb/v7e-m+fp/hard/libm.a(lib_a-sf_cos.o)
 .text          0x0000000000000cec        0x0 /Applications/ti/ccs1220/ccs/tools/compiler/gcc-arm-none-eabi-9-2019-q4-major/bin/../lib/gcc/arm-none-eabi/9.2.1/../../../../arm-none-eabi/lib/thumb/v7e-m+fp/hard/libm.a(lib_a-sf_expm1.o)
 .text          0x0000000000000cec        0x0 /Applications/ti/ccs1220/ccs/tools/compiler/gcc-arm-none-eabi-9-2019-q4-major/bin/../lib/gcc/arm-none-eabi/9.2.1/../../../../arm-none-eabi/lib/thumb/v7e-m+fp/hard/libm.a(lib_a-sf_floor.o)
 .text          0x0000000000000cec        0x0 /Applications/ti/ccs1220/ccs/tools/compiler/gcc-arm-none-eabi-9-2019-q4-major/bin/../lib/gcc/arm-none-eabi/9.2.1/../../../../arm-none-eabi/lib/thumb/v7e-m+fp/hard/libm.a(lib_a-sf_fmax.o)
 .text          0x0000000000000cec        0x0 /Applications/ti/ccs1220/ccs/tools/compiler/gcc-arm-none-eabi-9-2019-q4-major/bin/../lib/gcc/arm-none-eabi/9.2.1/../../../../arm-none-eabi/lib/thumb/v7e-m+fp/hard/libm.a(lib_a-sf_fmin.o)
 .text          0x0000000000000cec        0x0 /Applications/ti/ccs1220/ccs/tools/compiler/gcc-arm-none-eabi-9-2019-q4-major/bin/../lib/gcc/arm-none-eabi/9.2.1/../../../../arm-none-eabi/lib/thumb/v7e-m+fp/hard/libm.a(lib_a-sf_fpclassify.o)
 .text          0x0000000000000cec        0x0 /Applications/ti/ccs1220/ccs/tools/compiler/gcc-arm-none-eabi-9-2019-q4-major/bin/../lib/gcc/arm-none-eabi/9.2.1/../../../../arm-none-eabi/lib/thumb/v7e-m+fp/hard/libm.a(lib_a-sf_round.o)
 .text          0x0000000000000cec        0x0 /Applications/ti/ccs1220/ccs/tools/compiler/gcc-arm-none-eabi-9-2019-q4-major/bin/../lib/gcc/arm-none-eabi/9.2.1/../../../../arm-none-eabi/lib/thumb/v7e-m+fp/hard/libm.a(lib_a-sf_sin.o)
 .text          0x0000000000000cec        0x0 /Applications/ti/ccs1220/ccs/tools/compiler/gcc-arm-none-eabi-9-2019-q4-major/bin/../lib/gcc/arm-none-eabi/9.2.1/../../../../arm-none-eabi/lib/thumb/v7e-m+fp/hard/libm.a(lib_a-sf_tanh.o)
 .text          0x0000000000000cec        0x0 /Applications/ti/ccs1220/ccs/tools/compiler/gcc-arm-none-eabi-9-2019-q4-major/bin/../lib/gcc/arm-none-eabi/9.2.1/../../../../arm-none-eabi/lib/thumb/v7e-m+fp/hard/libm.a(lib_a-w_exp.o)
 .text          0x0000000000000cec        0x0 /Applications/ti/ccs1220/ccs/tools/compiler/gcc-arm-none-eabi-9-2019-q4-major/bin/../lib/gcc/arm-none-eabi/9.2.1/../../../../arm-none-eabi/lib/thumb/v7e-m+fp/hard/libm.a(lib_a-w_pow.o)
 .text          0x0000000000000cec        0x0 /Applications/ti/ccs1220/ccs/tools/compiler/gcc-arm-none-eabi-9-2019-q4-major/bin/../lib/gcc/arm-none-eabi/9.2.1/../../../../arm-none-eabi/lib/thumb/v7e-m+fp/hard/libm.a(lib_a-w_sqrt.o)
 .text          0x0000000000000cec        0x0 /Applications/ti/ccs1220/ccs/tools/compiler/gcc-arm-none-eabi-9-2019-q4-major/bin/../lib/gcc/arm-none-eabi/9.2.1/../../../../arm-none-eabi/lib/thumb/v7e-m+fp/hard/libm.a(lib_a-wf_exp.o)
 .text          0x0000000000000cec        0x0 /Applications/ti/ccs1220/ccs/tools/compiler/gcc-arm-none-eabi-9-2019-q4-major/bin/../lib/gcc/arm-none-eabi/9.2.1/../../../../arm-none-eabi/lib/thumb/v7e-m+fp/hard/libm.a(lib_a-wf_fmod.o)
 .text          0x0000000000000cec        0x0 /Applications/ti/ccs1220/ccs/tools/compiler/gcc-arm-none-eabi-9-2019-q4-major/bin/../lib/gcc/arm-none-eabi/9.2.1/../../../../arm-none-eabi/lib/thumb/v7e-m+fp/hard/libm.a(lib_a-wf_log.o)
 .text          0x0000000000000cec        0x0 /Applications/ti/ccs1220/ccs/tools/compiler/gcc-arm-none-eabi-9-2019-q4-major/bin/../lib/gcc/arm-none-eabi/9.2.1/../../../../arm-none-eabi/lib/thumb/v7e-m+fp/hard/libm.a(lib_a-wf_pow.o)
 .text          0x0000000000000cec        0x0 /Applications/ti/ccs1220/ccs/tools/compiler/gcc-arm-none-eabi-9-2019-q4-major/bin/../lib/gcc/arm-none-eabi/9.2.1/../../../../arm-none-eabi/lib/thumb/v7e-m+fp/hard/libm.a(lib_a-wf_sqrt.o)
 .text          0x0000000000000cec        0x0 /Applications/ti/ccs1220/ccs/tools/compiler/gcc-arm-none-eabi-9-2019-q4-major/bin/../lib/gcc/arm-none-eabi/9.2.1/../../../../arm-none-eabi/lib/thumb/v7e-m+fp/hard/libm.a(lib_a-e_exp.o)
 .text          0x0000000000000cec        0x0 /Applications/ti/ccs1220/ccs/tools/compiler/gcc-arm-none-eabi-9-2019-q4-major/bin/../lib/gcc/arm-none-eabi/9.2.1/../../../../arm-none-eabi/lib/thumb/v7e-m+fp/hard/libm.a(lib_a-e_pow.o)
 .text          0x0000000000000cec        0x0 /Applications/ti/ccs1220/ccs/tools/compiler/gcc-arm-none-eabi-9-2019-q4-major/bin/../lib/gcc/arm-none-eabi/9.2.1/../../../../arm-none-eabi/lib/thumb/v7e-m+fp/hard/libm.a(lib_a-e_rem_pio2.o)
 .text          0x0000000000000cec        0x0 /Applications/ti/ccs1220/ccs/tools/compiler/gcc-arm-none-eabi-9-2019-q4-major/bin/../lib/gcc/arm-none-eabi/9.2.1/../../../../arm-none-eabi/lib/thumb/v7e-m+fp/hard/libm.a(lib_a-e_sqrt.o)
 .text          0x0000000000000cec        0x0 /Applications/ti/ccs1220/ccs/tools/compiler/gcc-arm-none-eabi-9-2019-q4-major/bin/../lib/gcc/arm-none-eabi/9.2.1/../../../../arm-none-eabi/lib/thumb/v7e-m+fp/hard/libm.a(lib_a-ef_exp.o)
 .text          0x0000000000000cec        0x0 /Applications/ti/ccs1220/ccs/tools/compiler/gcc-arm-none-eabi-9-2019-q4-major/bin/../lib/gcc/arm-none-eabi/9.2.1/../../../../arm-none-eabi/lib/thumb/v7e-m+fp/hard/libm.a(lib_a-ef_fmod.o)
 .text          0x0000000000000cec        0x0 /Applications/ti/ccs1220/ccs/tools/compiler/gcc-arm-none-eabi-9-2019-q4-major/bin/../lib/gcc/arm-none-eabi/9.2.1/../../../../arm-none-eabi/lib/thumb/v7e-m+fp/hard/libm.a(lib_a-ef_log.o)
 .text          0x0000000000000cec        0x0 /Applications/ti/ccs1220/ccs/tools/compiler/gcc-arm-none-eabi-9-2019-q4-major/bin/../lib/gcc/arm-none-eabi/9.2.1/../../../../arm-none-eabi/lib/thumb/v7e-m+fp/hard/libm.a(lib_a-ef_pow.o)
 .text          0x0000000000000cec        0x0 /Applications/ti/ccs1220/ccs/tools/compiler/gcc-arm-none-eabi-9-2019-q4-major/bin/../lib/gcc/arm-none-eabi/9.2.1/../../../../arm-none-eabi/lib/thumb/v7e-m+fp/hard/libm.a(lib_a-ef_rem_pio2.o)
 .text          0x0000000000000cec        0x0 /Applications/ti/ccs1220/ccs/tools/compiler/gcc-arm-none-eabi-9-2019-q4-major/bin/../lib/gcc/arm-none-eabi/9.2.1/../../../../arm-none-eabi/lib/thumb/v7e-m+fp/hard/libm.a(lib_a-ef_sqrt.o)
 .text          0x0000000000000cec        0x0 /Applications/ti/ccs1220/ccs/tools/compiler/gcc-arm-none-eabi-9-2019-q4-major/bin/../lib/gcc/arm-none-eabi/9.2.1/../../../../arm-none-eabi/lib/thumb/v7e-m+fp/hard/libm.a(lib_a-k_cos.o)
 .text          0x0000000000000cec        0x0 /Applications/ti/ccs1220/ccs/tools/compiler/gcc-arm-none-eabi-9-2019-q4-major/bin/../lib/gcc/arm-none-eabi/9.2.1/../../../../arm-none-eabi/lib/thumb/v7e-m+fp/hard/libm.a(lib_a-k_rem_pio2.o)
 .text          0x0000000000000cec        0x0 /Applications/ti/ccs1220/ccs/tools/compiler/gcc-arm-none-eabi-9-2019-q4-major/bin/../lib/gcc/arm-none-eabi/9.2.1/../../../../arm-none-eabi/lib/thumb/v7e-m+fp/hard/libm.a(lib_a-k_sin.o)
 .text          0x0000000000000cec        0x0 /Applications/ti/ccs1220/ccs/tools/compiler/gcc-arm-none-eabi-9-2019-q4-major/bin/../lib/gcc/arm-none-eabi/9.2.1/../../../../arm-none-eabi/lib/thumb/v7e-m+fp/hard/libm.a(lib_a-kf_cos.o)
 .text          0x0000000000000cec        0x0 /Applications/ti/ccs1220/ccs/tools/compiler/gcc-arm-none-eabi-9-2019-q4-major/bin/../lib/gcc/arm-none-eabi/9.2.1/../../../../arm-none-eabi/lib/thumb/v7e-m+fp/hard/libm.a(lib_a-kf_rem_pio2.o)
 .text          0x0000000000000cec        0x0 /Applications/ti/ccs1220/ccs/tools/compiler/gcc-arm-none-eabi-9-2019-q4-major/bin/../lib/gcc/arm-none-eabi/9.2.1/../../../../arm-none-eabi/lib/thumb/v7e-m+fp/hard/libm.a(lib_a-kf_sin.o)
 .text          0x0000000000000cec        0x0 /Applications/ti/ccs1220/ccs/tools/compiler/gcc-arm-none-eabi-9-2019-q4-major/bin/../lib/gcc/arm-none-eabi/9.2.1/../../../../arm-none-eabi/lib/thumb/v7e-m+fp/hard/libm.a(lib_a-s_fabs.o)
 .text          0x0000000000000cec        0x0 /Applications/ti/ccs1220/ccs/tools/compiler/gcc-arm-none-eabi-9-2019-q4-major/bin/../lib/gcc/arm-none-eabi/9.2.1/../../../../arm-none-eabi/lib/thumb/v7e-m+fp/hard/libm.a(lib_a-s_finite.o)
 .text          0x0000000000000cec        0x0 /Applications/ti/ccs1220/ccs/tools/compiler/gcc-arm-none-eabi-9-2019-q4-major/bin/../lib/gcc/arm-none-eabi/9.2.1/../../../../arm-none-eabi/lib/thumb/v7e-m+fp/hard/libm.a(lib_a-s_lib_ver.o)
 .text          0x0000000000000cec        0x0 /Applications/ti/ccs1220/ccs/tools/compiler/gcc-arm-none-eabi-9-2019-q4-major/bin/../lib/gcc/arm-none-eabi/9.2.1/../../../../arm-none-eabi/lib/thumb/v7e-m+fp/hard/libm.a(lib_a-s_matherr.o)
 .text          0x0000000000000cec        0x0 /Applications/ti/ccs1220/ccs/tools/compiler/gcc-arm-none-eabi-9-2019-q4-major/bin/../lib/gcc/arm-none-eabi/9.2.1/../../../../arm-none-eabi/lib/thumb/v7e-m+fp/hard/libm.a(lib_a-s_nan.o)
 .text          0x0000000000000cec        0x0 /Applications/ti/ccs1220/ccs/tools/compiler/gcc-arm-none-eabi-9-2019-q4-major/bin/../lib/gcc/arm-none-eabi/9.2.1/../../../../arm-none-eabi/lib/thumb/v7e-m+fp/hard/libm.a(lib_a-s_rint.o)
 .text          0x0000000000000cec        0x0 /Applications/ti/ccs1220/ccs/tools/compiler/gcc-arm-none-eabi-9-2019-q4-major/bin/../lib/gcc/arm-none-eabi/9.2.1/../../../../arm-none-eabi/lib/thumb/v7e-m+fp/hard/libm.a(lib_a-s_scalbn.o)
 .text          0x0000000000000cec        0x0 /Applications/ti/ccs1220/ccs/tools/compiler/gcc-arm-none-eabi-9-2019-q4-major/bin/../lib/gcc/arm-none-eabi/9.2.1/../../../../arm-none-eabi/lib/thumb/v7e-m+fp/hard/libm.a(lib_a-sf_fabs.o)
 .text          0x0000000000000cec        0x0 /Applications/ti/ccs1220/ccs/tools/compiler/gcc-arm-none-eabi-9-2019-q4-major/bin/../lib/gcc/arm-none-eabi/9.2.1/../../../../arm-none-eabi/lib/thumb/v7e-m+fp/hard/libm.a(lib_a-sf_finite.o)
 .text          0x0000000000000cec        0x0 /Applications/ti/ccs1220/ccs/tools/compiler/gcc-arm-none-eabi-9-2019-q4-major/bin/../lib/gcc/arm-none-eabi/9.2.1/../../../../arm-none-eabi/lib/thumb/v7e-m+fp/hard/libm.a(lib_a-sf_nan.o)
 .text          0x0000000000000cec        0x0 /Applications/ti/ccs1220/ccs/tools/compiler/gcc-arm-none-eabi-9-2019-q4-major/bin/../lib/gcc/arm-none-eabi/9.2.1/../../../../arm-none-eabi/lib/thumb/v7e-m+fp/hard/libm.a(lib_a-sf_rint.o)
 .text          0x0000000000000cec        0x0 /Applications/ti/ccs1220/ccs/tools/compiler/gcc-arm-none-eabi-9-2019-q4-major/bin/../lib/gcc/arm-none-eabi/9.2.1/../../../../arm-none-eabi/lib/thumb/v7e-m+fp/hard/libm.a(lib_a-sf_scalbn.o)
 .text          0x0000000000000cec        0x0 /Applications/ti/ccs1220/ccs/tools/compiler/gcc-arm-none-eabi-9-2019-q4-major/bin/../lib/gcc/arm-none-eabi/9.2.1/../../../../arm-none-eabi/lib/thumb/v7e-m+fp/hard/libnosys.a(sbrk.o)
 .text          0x0000000000000cec        0x0 /Applications/ti/ccs1220/ccs/tools/compiler/gcc-arm-none-eabi-9-2019-q4-major/bin/../lib/gcc/arm-none-eabi/9.2.1/../../../../arm-none-eabi/lib/thumb/v7e-m+fp/hard/libnosys.a(getpid.o)
 .text          0x0000000000000cec        0x0 /Applications/ti/ccs1220/ccs/tools/compiler/gcc-arm-none-eabi-9-2019-q4-major/bin/../lib/gcc/arm-none-eabi/9.2.1/../../../../arm-none-eabi/lib/thumb/v7e-m+fp/hard/libnosys.a(kill.o)
 .text          0x0000000000000cec        0x0 /Applications/ti/ccs1220/ccs/tools/compiler/gcc-arm-none-eabi-9-2019-q4-major/bin/../lib/gcc/arm-none-eabi/9.2.1/../../../../arm-none-eabi/lib/thumb/v7e-m+fp/hard/libnosys.a(_exit.o)
 .text          0x0000000000000cec        0x0 /Applications/ti/ccs1220/ccs/tools/compiler/gcc-arm-none-eabi-9-2019-q4-major/bin/../lib/gcc/arm-none-eabi/9.2.1/../../../../arm-none-eabi/lib/thumb/v7e-m+fp/hard/libstdc++_nano.a(del_op.o)
 .text          0x0000000000000cec        0x0 /Applications/ti/ccs1220/ccs/tools/compiler/gcc-arm-none-eabi-9-2019-q4-major/bin/../lib/gcc/arm-none-eabi/9.2.1/../../../../arm-none-eabi/lib/thumb/v7e-m+fp/hard/libstdc++_nano.a(del_opv.o)
 .text          0x0000000000000cec        0x0 /Applications/ti/ccs1220/ccs/tools/compiler/gcc-arm-none-eabi-9-2019-q4-major/bin/../lib/gcc/arm-none-eabi/9.2.1/../../../../arm-none-eabi/lib/thumb/v7e-m+fp/hard/libstdc++_nano.a(new_op.o)
 .text          0x0000000000000cec        0x0 /Applications/ti/ccs1220/ccs/tools/compiler/gcc-arm-none-eabi-9-2019-q4-major/bin/../lib/gcc/arm-none-eabi/9.2.1/../../../../arm-none-eabi/lib/thumb/v7e-m+fp/hard/libstdc++_nano.a(new_opv.o)
 .text          0x0000000000000cec        0x0 /Applications/ti/ccs1220/ccs/tools/compiler/gcc-arm-none-eabi-9-2019-q4-major/bin/../lib/gcc/arm-none-eabi/9.2.1/../../../../arm-none-eabi/lib/thumb/v7e-m+fp/hard/libstdc++_nano.a(new_handler.o)
 .text          0x0000000000000cec      0x424 /Applications/ti/ccs1220/ccs/tools/compiler/gcc-arm-none-eabi-9-2019-q4-major/bin/../lib/gcc/arm-none-eabi/9.2.1/thumb/v7e-m+fp/hard/libgcc.a(_arm_muldivdf3.o)
                0x0000000000000cec                __aeabi_dmul
                0x0000000000000cec                __muldf3
                0x0000000000000f40                __aeabi_ddiv
                0x0000000000000f40                __divdf3
 .text          0x0000000000001110       0x2c /Applications/ti/ccs1220/ccs/tools/compiler/gcc-arm-none-eabi-9-2019-q4-major/bin/../lib/gcc/arm-none-eabi/9.2.1/thumb/v7e-m+fp/hard/libgcc.a(_arm_unorddf2.o)
                0x0000000000001110                __aeabi_dcmpun
                0x0000000000001110                __unorddf2
 .text          0x000000000000113c       0xa0 /Applications/ti/ccs1220/ccs/tools/compiler/gcc-arm-none-eabi-9-2019-q4-major/bin/../lib/gcc/arm-none-eabi/9.2.1/thumb/v7e-m+fp/hard/libgcc.a(_arm_truncdfsf2.o)
                0x000000000000113c                __aeabi_d2f
                0x000000000000113c                __truncdfsf2
 .text          0x00000000000011dc        0x0 /Applications/ti/ccs1220/ccs/tools/compiler/gcc-arm-none-eabi-9-2019-q4-major/bin/../lib/gcc/arm-none-eabi/9.2.1/../../../../arm-none-eabi/lib/thumb/v7e-m+fp/hard/libg_nano.a(lib_a-abort.o)
 .text          0x00000000000011dc        0x0 /Applications/ti/ccs1220/ccs/tools/compiler/gcc-arm-none-eabi-9-2019-q4-major/bin/../lib/gcc/arm-none-eabi/9.2.1/../../../../arm-none-eabi/lib/thumb/v7e-m+fp/hard/libg_nano.a(lib_a-signal.o)
 .text          0x00000000000011dc        0x0 /Applications/ti/ccs1220/ccs/tools/compiler/gcc-arm-none-eabi-9-2019-q4-major/bin/../lib/gcc/arm-none-eabi/9.2.1/../../../../arm-none-eabi/lib/thumb/v7e-m+fp/hard/libg_nano.a(lib_a-signalr.o)
 *(.text.*)
 .text._ZN6tflite12_GLOBAL__N_14InitEP13TfLiteContextPKcj
                0x00000000000011dc        0x8 /var/folders/th/91gccdrx7m975kl4frrh3gnh0000gn/T//hello_world_MSP_EXP432P401R_nortos_gcc.out.1OAlnh.ltrans0.ltrans.o
 .text._ZN6tflite12_GLOBAL__N_14InitEP13TfLiteContextPKcj.lto_priv.16
                0x00000000000011e4        0x6 /var/folders/th/91gccdrx7m975kl4frrh3gnh0000gn/T//hello_world_MSP_EXP432P401R_nortos_gcc.out.1OAlnh.ltrans0.ltrans.o
 .text.arm_nn_vec_mat_mult_t_s8.constprop.0
                0x00000000000011ea      0x2ae /var/folders/th/91gccdrx7m975kl4frrh3gnh0000gn/T//hello_world_MSP_EXP432P401R_nortos_gcc.out.1OAlnh.ltrans0.ltrans.o
 .text.arm_nn_vec_mat_mult_t_s16
                0x0000000000001498      0x2a2 /var/folders/th/91gccdrx7m975kl4frrh3gnh0000gn/T//hello_world_MSP_EXP432P401R_nortos_gcc.out.1OAlnh.ltrans0.ltrans.o
 .text._ZN6tflite19GreedyMemoryPlanner14GetBufferCountEv
                0x000000000000173a        0x4 /var/folders/th/91gccdrx7m975kl4frrh3gnh0000gn/T//hello_world_MSP_EXP432P401R_nortos_gcc.out.1OAlnh.ltrans0.ltrans.o
 .text._ZN6tflite19GreedyMemoryPlanner24CalculateOffsetsIfNeededEv
                0x000000000000173e      0x1da /var/folders/th/91gccdrx7m975kl4frrh3gnh0000gn/T//hello_world_MSP_EXP432P401R_nortos_gcc.out.1OAlnh.ltrans0.ltrans.o
 .text._ZN6tflite19GreedyMemoryPlanner20GetMaximumMemorySizeEv
                0x0000000000001918       0x3a /var/folders/th/91gccdrx7m975kl4frrh3gnh0000gn/T//hello_world_MSP_EXP432P401R_nortos_gcc.out.1OAlnh.ltrans0.ltrans.o
 .text._ZN6tflite19GreedyMemoryPlanner9AddBufferEiiii
                0x0000000000001952       0x1c /var/folders/th/91gccdrx7m975kl4frrh3gnh0000gn/T//hello_world_MSP_EXP432P401R_nortos_gcc.out.1OAlnh.ltrans0.ltrans.o
 .text._ZN6tflite19GreedyMemoryPlannerD2Ev
                0x000000000000196e        0x2 /var/folders/th/91gccdrx7m975kl4frrh3gnh0000gn/T//hello_world_MSP_EXP432P401R_nortos_gcc.out.1OAlnh.ltrans0.ltrans.o
 .text._ZN6tflite19GreedyMemoryPlanner4InitEPhi
                0x0000000000001970       0x34 /var/folders/th/91gccdrx7m975kl4frrh3gnh0000gn/T//hello_world_MSP_EXP432P401R_nortos_gcc.out.1OAlnh.ltrans0.ltrans.o
 .text._ZN6tflite22MicroMutableOpResolverILj128EE10AddBuiltinENS_15BuiltinOperatorERK18TfLiteRegistrationPF12TfLiteStatusPKNS_8OperatorEPNS_13ErrorReporterEPNS_20BuiltinDataAllocatorEPPvE.constprop.0
                0x00000000000019a4       0xb8 /var/folders/th/91gccdrx7m975kl4frrh3gnh0000gn/T//hello_world_MSP_EXP432P401R_nortos_gcc.out.1OAlnh.ltrans0.ltrans.o
 .text._ZN6tflite22MicroMutableOpResolverILj128EE9AddCustomEPKcP18TfLiteRegistration.constprop.0
                0x0000000000001a5c       0x78 /var/folders/th/91gccdrx7m975kl4frrh3gnh0000gn/T//hello_world_MSP_EXP432P401R_nortos_gcc.out.1OAlnh.ltrans0.ltrans.o
 .text._ZN6tflite19GreedyMemoryPlanner18GetOffsetForBufferEiPi
                0x0000000000001ad4       0x34 /var/folders/th/91gccdrx7m975kl4frrh3gnh0000gn/T//hello_world_MSP_EXP432P401R_nortos_gcc.out.1OAlnh.ltrans0.ltrans.o
 .text._ZN6tflite19GreedyMemoryPlanner15PrintMemoryPlanEv
                0x0000000000001b08      0x190 /var/folders/th/91gccdrx7m975kl4frrh3gnh0000gn/T//hello_world_MSP_EXP432P401R_nortos_gcc.out.1OAlnh.ltrans0.ltrans.o
 .text._ZN6tflite19GreedyMemoryPlanner9AddBufferEiii
                0x0000000000001c98       0x40 /var/folders/th/91gccdrx7m975kl4frrh3gnh0000gn/T//hello_world_MSP_EXP432P401R_nortos_gcc.out.1OAlnh.ltrans0.ltrans.o
 .text._ZN6tflite12_GLOBAL__N_110MaxPrepareEP13TfLiteContextP10TfLiteNode
                0x0000000000001cd8       0x14 /var/folders/th/91gccdrx7m975kl4frrh3gnh0000gn/T//hello_world_MSP_EXP432P401R_nortos_gcc.out.1OAlnh.ltrans0.ltrans.o
 .text._ZN6tflite12_GLOBAL__N_114AveragePrepareEP13TfLiteContextP10TfLiteNode
                0x0000000000001cec       0x8a /var/folders/th/91gccdrx7m975kl4frrh3gnh0000gn/T//hello_world_MSP_EXP432P401R_nortos_gcc.out.1OAlnh.ltrans0.ltrans.o
 *fill*         0x0000000000001d76        0x2 
 .text._ZN6tflite12tensor_utils47PortableMatrixBatchVectorMultiplyAccumulateImplIsEEvPKaPKlS3_llllllPT_.constprop.0
                0x0000000000001d78       0x98 /var/folders/th/91gccdrx7m975kl4frrh3gnh0000gn/T//hello_world_MSP_EXP432P401R_nortos_gcc.out.1OAlnh.ltrans0.ltrans.o
 .text.arm_nn_softmax_common_s8
                0x0000000000001e10      0xe88 /var/folders/th/91gccdrx7m975kl4frrh3gnh0000gn/T//hello_world_MSP_EXP432P401R_nortos_gcc.out.1OAlnh.ltrans0.ltrans.o
 .text._ZN6tflite12_GLOBAL__N_17MaxEvalEP13TfLiteContextP10TfLiteNode
                0x0000000000002c98      0x4ac /var/folders/th/91gccdrx7m975kl4frrh3gnh0000gn/T//hello_world_MSP_EXP432P401R_nortos_gcc.out.1OAlnh.ltrans0.ltrans.o
 .text._ZN6tflite12_GLOBAL__N_111AverageEvalEP13TfLiteContextP10TfLiteNode
                0x0000000000003144      0x3bc /var/folders/th/91gccdrx7m975kl4frrh3gnh0000gn/T//hello_world_MSP_EXP432P401R_nortos_gcc.out.1OAlnh.ltrans0.ltrans.o
 .text._ZN6tflite12_GLOBAL__N_113EvalQuantizedEP13TfLiteContextP10TfLiteNodePKNS_9OpDataMulEPK16TfLiteEvalTensorSA_PS8_.isra.0
                0x0000000000003500      0x356 /var/folders/th/91gccdrx7m975kl4frrh3gnh0000gn/T//hello_world_MSP_EXP432P401R_nortos_gcc.out.1OAlnh.ltrans0.ltrans.o
 *fill*         0x0000000000003856        0x2 
 .text._ZN6tflite7gen_lutIfssEEvPFT_S1_ES1_S1_S1_S1_PT1_.constprop.0
                0x0000000000003858      0x12c /var/folders/th/91gccdrx7m975kl4frrh3gnh0000gn/T//hello_world_MSP_EXP432P401R_nortos_gcc.out.1OAlnh.ltrans0.ltrans.o
 .text._ZN6tflite12_GLOBAL__N_111SoftmaxEvalEP13TfLiteContextP10TfLiteNode
                0x0000000000003984      0x2f4 /var/folders/th/91gccdrx7m975kl4frrh3gnh0000gn/T//hello_world_MSP_EXP432P401R_nortos_gcc.out.1OAlnh.ltrans0.ltrans.o
 .text._ZN6tflite12_GLOBAL__N_18EvalSvdfEP13TfLiteContextP10TfLiteNode
                0x0000000000003c78      0xd08 /var/folders/th/91gccdrx7m975kl4frrh3gnh0000gn/T//hello_world_MSP_EXP432P401R_nortos_gcc.out.1OAlnh.ltrans0.ltrans.o
 .text._ZN6tflite12_GLOBAL__N_17PrepareEP13TfLiteContextP10TfLiteNode.lto_priv.33
                0x0000000000004980      0x598 /var/folders/th/91gccdrx7m975kl4frrh3gnh0000gn/T//hello_world_MSP_EXP432P401R_nortos_gcc.out.1OAlnh.ltrans0.ltrans.o
 .text.MicroVsnprintf.constprop.0
                0x0000000000004f18      0x270 /var/folders/th/91gccdrx7m975kl4frrh3gnh0000gn/T//hello_world_MSP_EXP432P401R_nortos_gcc.out.1OAlnh.ltrans0.ltrans.o
                0x0000000000004f18                MicroVsnprintf.constprop.0
 .text._ZNK11flatbuffers5Table8GetFieldIaEET_tS2_.constprop.0
                0x0000000000005188        0xe /var/folders/th/91gccdrx7m975kl4frrh3gnh0000gn/T//hello_world_MSP_EXP432P401R_nortos_gcc.out.1OAlnh.ltrans0.ltrans.o
                0x0000000000005188                signed char flatbuffers::Table::GetField<signed char>(unsigned short, signed char) const [clone .constprop.0]
 *fill*         0x0000000000005196        0x2 
 .text._ZN6tflite14AllOpsResolverC2Ev.constprop.0
                0x0000000000005198     0x117c /var/folders/th/91gccdrx7m975kl4frrh3gnh0000gn/T//hello_world_MSP_EXP432P401R_nortos_gcc.out.1OAlnh.ltrans0.ltrans.o
                0x0000000000005198                tflite::AllOpsResolver::AllOpsResolver() [clone .constprop.0]
 .text._ZN6tflite14MicroAllocator6CreateEPhj.constprop.0
                0x0000000000006314       0xa0 /var/folders/th/91gccdrx7m975kl4frrh3gnh0000gn/T//hello_world_MSP_EXP432P401R_nortos_gcc.out.1OAlnh.ltrans0.ltrans.o
                0x0000000000006314                tflite::MicroAllocator::Create(unsigned char*, unsigned int) [clone .constprop.0]
 .text._ZN6tflite13ErrorReporter11ReportErrorEPvPKcz.constprop.0
                0x00000000000063b4       0x20 /var/folders/th/91gccdrx7m975kl4frrh3gnh0000gn/T//hello_world_MSP_EXP432P401R_nortos_gcc.out.1OAlnh.ltrans0.ltrans.o
                0x00000000000063b4                tflite::ErrorReporter::ReportError(void*, char const*, ...) [clone .constprop.0]
 .text._ZN6tflite12_GLOBAL__N_126FlatBufferIntVectorToArrayEiPKN11flatbuffers6VectorIlEEPiPNS_13ErrorReporterEPKc.constprop.0
                0x00000000000063d4       0x40 /var/folders/th/91gccdrx7m975kl4frrh3gnh0000gn/T//hello_world_MSP_EXP432P401R_nortos_gcc.out.1OAlnh.ltrans0.ltrans.o
                0x00000000000063d4                tflite::(anonymous namespace)::FlatBufferIntVectorToArray(int, flatbuffers::Vector<long> const*, int*, tflite::ErrorReporter*, char const*) [clone .constprop.0]
 *fill*         0x0000000000006414        0x4 
 .text._ZN6tflite32GetQuantizedConvolutionMultiplerEP13TfLiteContextPK12TfLiteTensorS4_S4_PS2_Pd.constprop.0
                0x0000000000006418       0xf0 /var/folders/th/91gccdrx7m975kl4frrh3gnh0000gn/T//hello_world_MSP_EXP432P401R_nortos_gcc.out.1OAlnh.ltrans0.ltrans.o
                0x0000000000006418                tflite::GetQuantizedConvolutionMultipler(TfLiteContext*, TfLiteTensor const*, TfLiteTensor const*, TfLiteTensor const*, TfLiteTensor*, double*) [clone .constprop.0]
 .text._ZN6tflite12_GLOBAL__N_17PrepareEP13TfLiteContextP10TfLiteNode.lto_priv.32
                0x0000000000006508      0x22c /var/folders/th/91gccdrx7m975kl4frrh3gnh0000gn/T//hello_world_MSP_EXP432P401R_nortos_gcc.out.1OAlnh.ltrans0.ltrans.o
 .text._ZN6tflite12RuntimeShapeC2EiRKS0_i.constprop.0
                0x0000000000006734       0x38 /var/folders/th/91gccdrx7m975kl4frrh3gnh0000gn/T//hello_world_MSP_EXP432P401R_nortos_gcc.out.1OAlnh.ltrans0.ltrans.o
                0x0000000000006734                tflite::RuntimeShape::RuntimeShape(int, tflite::RuntimeShape const&, int) [clone .constprop.0]
 .text._ZN6tflite21EvalMulFloatReferenceEP13TfLiteContextP10TfLiteNodeP15TfLiteMulParamsPKNS_9OpDataMulEPK16TfLiteEvalTensorSB_PS9_.constprop.0
                0x000000000000676c      0x18c /var/folders/th/91gccdrx7m975kl4frrh3gnh0000gn/T//hello_world_MSP_EXP432P401R_nortos_gcc.out.1OAlnh.ltrans0.ltrans.o
 .text._ZN6tflite25EvalMulQuantizedReferenceEP13TfLiteContextP10TfLiteNodePKNS_9OpDataMulEPK16TfLiteEvalTensorS9_PS7_.constprop.0
                0x00000000000068f8      0x240 /var/folders/th/91gccdrx7m975kl4frrh3gnh0000gn/T//hello_world_MSP_EXP432P401R_nortos_gcc.out.1OAlnh.ltrans0.ltrans.o
 .text._ZN6tflite4EvalEP13TfLiteContextP10TfLiteNode
                0x0000000000006b38       0x84 /var/folders/th/91gccdrx7m975kl4frrh3gnh0000gn/T//hello_world_MSP_EXP432P401R_nortos_gcc.out.1OAlnh.ltrans0.ltrans.o
 .text._ZN11flatbuffers19StringToIntegerImplIxEEbPT_PKcib.constprop.0
                0x0000000000006bbc       0x48 /var/folders/th/91gccdrx7m975kl4frrh3gnh0000gn/T//hello_world_MSP_EXP432P401R_nortos_gcc.out.1OAlnh.ltrans0.ltrans.o
                0x0000000000006bbc                bool flatbuffers::StringToIntegerImpl<long long>(long long*, char const*, int, bool) [clone .constprop.0]
 .text._ZN11flatbuffers19StringToIntegerImplIyEEbPT_PKcib.constprop.0
                0x0000000000006c04       0x48 /var/folders/th/91gccdrx7m975kl4frrh3gnh0000gn/T//hello_world_MSP_EXP432P401R_nortos_gcc.out.1OAlnh.ltrans0.ltrans.o
                0x0000000000006c04                bool flatbuffers::StringToIntegerImpl<unsigned long long>(unsigned long long*, char const*, int, bool) [clone .constprop.0]
 .text._ZN6tflite3ops5micro11elementwise12_GLOBAL__N_18EvalImplIfEE12TfLiteStatusP13TfLiteContextP10TfLiteNodePFT_SA_EPFS5_SA_E10TfLiteType.constprop.0
                0x0000000000006c4c       0x9c /var/folders/th/91gccdrx7m975kl4frrh3gnh0000gn/T//hello_world_MSP_EXP432P401R_nortos_gcc.out.1OAlnh.ltrans0.ltrans.o
                0x0000000000006c4c                TfLiteStatus tflite::ops::micro::elementwise::(anonymous namespace)::EvalImpl<float>(TfLiteContext*, TfLiteNode*, float (*)(float), TfLiteStatus (*)(float), TfLiteType) [clone .constprop.0]
 .text._ZN6tflite21reference_integer_ops4TanhEllRKNS_12RuntimeShapeEPKsS3_Ps.constprop.0
                0x0000000000006ce8       0xa8 /var/folders/th/91gccdrx7m975kl4frrh3gnh0000gn/T//hello_world_MSP_EXP432P401R_nortos_gcc.out.1OAlnh.ltrans0.ltrans.o
                0x0000000000006ce8                tflite::reference_integer_ops::Tanh(long, long, tflite::RuntimeShape const&, short const*, tflite::RuntimeShape const&, short*) [clone .constprop.0]
 .text._ZN6tflite12_GLOBAL__N_132CalculateLstmOutputInteger8x8_16EiiiPslPKslllPKallPKllaPaS1_S8_Pl.constprop.0
                0x0000000000006d90      0x1f0 /var/folders/th/91gccdrx7m975kl4frrh3gnh0000gn/T//hello_world_MSP_EXP432P401R_nortos_gcc.out.1OAlnh.ltrans0.ltrans.o
                0x0000000000006d90                tflite::(anonymous namespace)::CalculateLstmOutputInteger8x8_16(int, int, int, short*, long, short const*, long, long, long, signed char const*, long, long, long const*, long, signed char, signed char*, short*, signed char*, long*) [clone .constprop.0]
 .text._ZN6tflite13reference_ops6ReduceIslEEbPKT_PKiS6_iiS6_iPiPFT0_S8_S2_EPS8_.constprop.0
                0x0000000000006f80       0x6c /var/folders/th/91gccdrx7m975kl4frrh3gnh0000gn/T//hello_world_MSP_EXP432P401R_nortos_gcc.out.1OAlnh.ltrans0.ltrans.o
                0x0000000000006f80                bool tflite::reference_ops::Reduce<short, long>(short const*, int const*, int const*, int, int, int const*, int, int*, long (*)(long, short), long*) [clone .constprop.0]
 .text._ZN6tflite13reference_ops11ResolveAxisEiPKixPiS3_.constprop.0
                0x0000000000006fec       0x68 /var/folders/th/91gccdrx7m975kl4frrh3gnh0000gn/T//hello_world_MSP_EXP432P401R_nortos_gcc.out.1OAlnh.ltrans0.ltrans.o
                0x0000000000006fec                tflite::reference_ops::ResolveAxis(int, int const*, long long, int*, int*) [clone .constprop.0]
 .text._ZN6tflite13reference_ops18QuantizedMeanOrSumIslEEbPKT_lfPKiiPS2_lfS6_iS6_ibPiS8_PT0_b.constprop.0
                0x0000000000007054      0x18c /var/folders/th/91gccdrx7m975kl4frrh3gnh0000gn/T//hello_world_MSP_EXP432P401R_nortos_gcc.out.1OAlnh.ltrans0.ltrans.o
                0x0000000000007054                bool tflite::reference_ops::QuantizedMeanOrSum<short, long>(short const*, long, float, int const*, int, short*, long, float, int const*, int, int const*, int, bool, int*, int*, long*, bool) [clone .constprop.0]
 .text._ZN6tflite13reference_ops6ReduceIalEEbPKT_PKiS6_iiS6_iPiPFT0_S8_S2_EPS8_.constprop.0
                0x00000000000071e0       0x6c /var/folders/th/91gccdrx7m975kl4frrh3gnh0000gn/T//hello_world_MSP_EXP432P401R_nortos_gcc.out.1OAlnh.ltrans0.ltrans.o
                0x00000000000071e0                bool tflite::reference_ops::Reduce<signed char, long>(signed char const*, int const*, int const*, int, int, int const*, int, int*, long (*)(long, signed char), long*) [clone .constprop.0]
 .text._ZN6tflite13reference_ops18QuantizedMeanOrSumIalEEbPKT_lfPKiiPS2_lfS6_iS6_ibPiS8_PT0_b.constprop.0
                0x000000000000724c      0x188 /var/folders/th/91gccdrx7m975kl4frrh3gnh0000gn/T//hello_world_MSP_EXP432P401R_nortos_gcc.out.1OAlnh.ltrans0.ltrans.o
                0x000000000000724c                bool tflite::reference_ops::QuantizedMeanOrSum<signed char, long>(signed char const*, long, float, int const*, int, signed char*, long, float, int const*, int, int const*, int, bool, int*, int*, long*, bool) [clone .constprop.0]
 .text._ZN6tflite13reference_ops6ReduceIffEEbPKT_PKiS6_iiS6_iPiPFT0_S8_S2_EPS8_.constprop.0
                0x00000000000073d4       0x74 /var/folders/th/91gccdrx7m975kl4frrh3gnh0000gn/T//hello_world_MSP_EXP432P401R_nortos_gcc.out.1OAlnh.ltrans0.ltrans.o
                0x00000000000073d4                bool tflite::reference_ops::Reduce<float, float>(float const*, int const*, int const*, int, int, int const*, int, int*, float (*)(float, float), float*) [clone .constprop.0]
 .text._ZN6tflite13reference_ops13ReduceGenericIfEEbPKT_PKiiPS2_S6_iS6_xbPiS8_S2_PFS2_S2_S2_E.constprop.0
                0x0000000000007448       0x92 /var/folders/th/91gccdrx7m975kl4frrh3gnh0000gn/T//hello_world_MSP_EXP432P401R_nortos_gcc.out.1OAlnh.ltrans0.ltrans.o
                0x0000000000007448                bool tflite::reference_ops::ReduceGeneric<float>(float const*, int const*, int, float*, int const*, int, int const*, long long, bool, int*, int*, float, float (*)(float, float)) [clone .constprop.0]
 .text._ZN6tflite21reference_integer_ops29BroadcastBinaryFunction4DSlowERKNS_16ArithmeticParamsERKNS_12RuntimeShapeEPKaS6_S8_S6_PaPFvS3_EPFaaaS3_E.constprop.0
                0x00000000000074da       0xa4 /var/folders/th/91gccdrx7m975kl4frrh3gnh0000gn/T//hello_world_MSP_EXP432P401R_nortos_gcc.out.1OAlnh.ltrans0.ltrans.o
                0x00000000000074da                tflite::reference_integer_ops::BroadcastBinaryFunction4DSlow(tflite::ArithmeticParams const&, tflite::RuntimeShape const&, signed char const*, tflite::RuntimeShape const&, signed char const*, tflite::RuntimeShape const&, signed char*, void (*)(tflite::ArithmeticParams const&), signed char (*)(signed char, signed char, tflite::ArithmeticParams const&)) [clone .constprop.0]
 .text._ZN6tflite13strided_slice22StridedSlicePadIndicesEPNS_18StridedSliceParamsEi.constprop.0
                0x000000000000757e       0xaa /var/folders/th/91gccdrx7m975kl4frrh3gnh0000gn/T//hello_world_MSP_EXP432P401R_nortos_gcc.out.1OAlnh.ltrans0.ltrans.o
                0x000000000000757e                tflite::strided_slice::StridedSlicePadIndices(tflite::StridedSliceParams*, int) [clone .constprop.0]
 .text._ZN6tflite16EvalSubQuantizedEP13TfLiteContextP10TfLiteNodeP15TfLiteSubParamsPKNS_9OpDataSubEPK16TfLiteEvalTensorSB_PS9_.constprop.0
                0x0000000000007628      0x3f4 /var/folders/th/91gccdrx7m975kl4frrh3gnh0000gn/T//hello_world_MSP_EXP432P401R_nortos_gcc.out.1OAlnh.ltrans0.ltrans.o
                0x0000000000007628                tflite::EvalSubQuantized(TfLiteContext*, TfLiteNode*, TfLiteSubParams*, tflite::OpDataSub const*, TfLiteEvalTensor const*, TfLiteEvalTensor const*, TfLiteEvalTensor*) [clone .constprop.0]
 .text._ZN6tflite7EvalSubEP13TfLiteContextP10TfLiteNodeP15TfLiteSubParamsPKNS_9OpDataSubEPK16TfLiteEvalTensorSB_PS9_.constprop.0
                0x0000000000007a1c      0x17c /var/folders/th/91gccdrx7m975kl4frrh3gnh0000gn/T//hello_world_MSP_EXP432P401R_nortos_gcc.out.1OAlnh.ltrans0.ltrans.o
                0x0000000000007a1c                tflite::EvalSub(TfLiteContext*, TfLiteNode*, TfLiteSubParams*, tflite::OpDataSub const*, TfLiteEvalTensor const*, TfLiteEvalTensor const*, TfLiteEvalTensor*) [clone .constprop.0]
 .text._ZN6tflite21reference_integer_ops13TransposeConvIxEEvRKNS_10ConvParamsEPKlS6_RKNS_12RuntimeShapeEPKsS9_PKaS9_PKT_S9_PsS9_PaPSE_.constprop.0
                0x0000000000007b98      0x28c /var/folders/th/91gccdrx7m975kl4frrh3gnh0000gn/T//hello_world_MSP_EXP432P401R_nortos_gcc.out.1OAlnh.ltrans0.ltrans.o
                0x0000000000007b98                void tflite::reference_integer_ops::TransposeConv<long long>(tflite::ConvParams const&, long const*, long const*, tflite::RuntimeShape const&, short const*, tflite::RuntimeShape const&, signed char const*, tflite::RuntimeShape const&, long long const*, tflite::RuntimeShape const&, short*, tflite::RuntimeShape const&, signed char*, long long*) [clone .constprop.0]
 .text.arm_convolve_1x1_s8_fast.constprop.0
                0x0000000000007e24      0x794 /var/folders/th/91gccdrx7m975kl4frrh3gnh0000gn/T//hello_world_MSP_EXP432P401R_nortos_gcc.out.1OAlnh.ltrans0.ltrans.o
                0x0000000000007e24                arm_convolve_1x1_s8_fast.constprop.0
 .text._ZN6tflite12_GLOBAL__N_14EvalEP13TfLiteContextP10TfLiteNode.lto_priv.32
                0x00000000000085b8      0x370 /var/folders/th/91gccdrx7m975kl4frrh3gnh0000gn/T//hello_world_MSP_EXP432P401R_nortos_gcc.out.1OAlnh.ltrans0.ltrans.o
 .text.arm_q7_to_q15_with_offset
                0x0000000000008928       0x5a /var/folders/th/91gccdrx7m975kl4frrh3gnh0000gn/T//hello_world_MSP_EXP432P401R_nortos_gcc.out.1OAlnh.ltrans0.ltrans.o
                0x0000000000008928                arm_q7_to_q15_with_offset
 .text.arm_convolve_s8.constprop.0
                0x0000000000008982      0x7b2 /var/folders/th/91gccdrx7m975kl4frrh3gnh0000gn/T//hello_world_MSP_EXP432P401R_nortos_gcc.out.1OAlnh.ltrans0.ltrans.o
                0x0000000000008982                arm_convolve_s8.constprop.0
 .text._ZN6tflite14GetBuiltinCodeEPKNS_12OperatorCodeE
                0x0000000000009134       0x1e /var/folders/th/91gccdrx7m975kl4frrh3gnh0000gn/T//hello_world_MSP_EXP432P401R_nortos_gcc.out.1OAlnh.ltrans0.ltrans.o
                0x0000000000009134                tflite::GetBuiltinCode(tflite::OperatorCode const*)
 *fill*         0x0000000000009152        0x2 
 .text._ZN6tflite32GetInvSqrtQuantizedMultiplierExpEliPlPi.constprop.0
                0x0000000000009154      0x18c /var/folders/th/91gccdrx7m975kl4frrh3gnh0000gn/T//hello_world_MSP_EXP432P401R_nortos_gcc.out.1OAlnh.ltrans0.ltrans.o
                0x0000000000009154                tflite::GetInvSqrtQuantizedMultiplierExp(long, int, long*, int*) [clone .constprop.0]
 .text._ZN6tflite12_GLOBAL__N_130CalculateLstmGateInteger8x8_16EPKaS2_PKlllS2_S2_S4_llPKsS6_llS6_S4_llliiii21TfLiteFusedActivationPsPl.constprop.0
                0x00000000000092e0      0x294 /var/folders/th/91gccdrx7m975kl4frrh3gnh0000gn/T//hello_world_MSP_EXP432P401R_nortos_gcc.out.1OAlnh.ltrans0.ltrans.o
                0x00000000000092e0                tflite::(anonymous namespace)::CalculateLstmGateInteger8x8_16(signed char const*, signed char const*, long const*, long, long, signed char const*, signed char const*, long const*, long, long, short const*, short const*, long, long, short const*, long const*, long, long, long, int, int, int, int, TfLiteFusedActivation, short*, long*) [clone .constprop.0]
 .text._ZN6tflite7InitAddEP13TfLiteContextPKcj
                0x0000000000009574        0x6 /var/folders/th/91gccdrx7m975kl4frrh3gnh0000gn/T//hello_world_MSP_EXP432P401R_nortos_gcc.out.1OAlnh.ltrans1.ltrans.o
                0x0000000000009574                tflite::InitAdd(TfLiteContext*, char const*, unsigned int)
 .text._ZN6tflite12_GLOBAL__N_14InitEP13TfLiteContextPKcj
                0x000000000000957a       0x14 /var/folders/th/91gccdrx7m975kl4frrh3gnh0000gn/T//hello_world_MSP_EXP432P401R_nortos_gcc.out.1OAlnh.ltrans1.ltrans.o
                0x000000000000957a                tflite::(anonymous namespace)::Init(TfLiteContext*, char const*, unsigned int) [clone .lto_priv.13] [clone .lto_priv.0]
                0x000000000000957e                tflite::(anonymous namespace)::Init(TfLiteContext*, char const*, unsigned int) [clone .lto_priv.12] [clone .lto_priv.0]
                0x0000000000009582                tflite::(anonymous namespace)::Init(TfLiteContext*, char const*, unsigned int) [clone .lto_priv.14] [clone .lto_priv.0]
                0x0000000000009586                tflite::(anonymous namespace)::Init(TfLiteContext*, char const*, unsigned int) [clone .lto_priv.11] [clone .lto_priv.0]
                0x000000000000958a                tflite::(anonymous namespace)::Init(TfLiteContext*, char const*, unsigned int) [clone .lto_priv.10] [clone .lto_priv.0]
 *fill*         0x000000000000958e        0x2 
 .text._ZN6tflite12_GLOBAL__N_17PrepareEP13TfLiteContextP10TfLiteNode.lto_priv.29
                0x0000000000009590       0xd4 /var/folders/th/91gccdrx7m975kl4frrh3gnh0000gn/T//hello_world_MSP_EXP432P401R_nortos_gcc.out.1OAlnh.ltrans1.ltrans.o
                0x0000000000009590                tflite::(anonymous namespace)::Prepare(TfLiteContext*, TfLiteNode*) [clone .lto_priv.29]
 .text._ZN6tflite12_GLOBAL__N_17PrepareEP13TfLiteContextP10TfLiteNode.lto_priv.28
                0x0000000000009664      0x144 /var/folders/th/91gccdrx7m975kl4frrh3gnh0000gn/T//hello_world_MSP_EXP432P401R_nortos_gcc.out.1OAlnh.ltrans1.ltrans.o
                0x0000000000009664                tflite::(anonymous namespace)::Prepare(TfLiteContext*, TfLiteNode*) [clone .lto_priv.28]
 .text._ZN6tflite12_GLOBAL__N_14EvalEP13TfLiteContextP10TfLiteNode.lto_priv.27
                0x00000000000097a8       0x10 /var/folders/th/91gccdrx7m975kl4frrh3gnh0000gn/T//hello_world_MSP_EXP432P401R_nortos_gcc.out.1OAlnh.ltrans1.ltrans.o
                0x00000000000097a8                tflite::(anonymous namespace)::Eval(TfLiteContext*, TfLiteNode*) [clone .lto_priv.27]
 .text._ZN6tflite12_GLOBAL__N_14EvalEP13TfLiteContextP10TfLiteNode.lto_priv.31
                0x00000000000097b8     0x18d8 /var/folders/th/91gccdrx7m975kl4frrh3gnh0000gn/T//hello_world_MSP_EXP432P401R_nortos_gcc.out.1OAlnh.ltrans1.ltrans.o
                0x00000000000097b8                tflite::(anonymous namespace)::Eval(TfLiteContext*, TfLiteNode*) [clone .lto_priv.31]
 .text._ZN6tflite12_GLOBAL__N_14EvalEP13TfLiteContextP10TfLiteNode.lto_priv.29
                0x000000000000b090       0xa8 /var/folders/th/91gccdrx7m975kl4frrh3gnh0000gn/T//hello_world_MSP_EXP432P401R_nortos_gcc.out.1OAlnh.ltrans1.ltrans.o
                0x000000000000b090                tflite::(anonymous namespace)::Eval(TfLiteContext*, TfLiteNode*) [clone .lto_priv.29]
 .text._ZN6tflite3ops5micro6unpack12_GLOBAL__N_14EvalEP13TfLiteContextP10TfLiteNode.lto_priv.0
                0x000000000000b138      0x234 /var/folders/th/91gccdrx7m975kl4frrh3gnh0000gn/T//hello_world_MSP_EXP432P401R_nortos_gcc.out.1OAlnh.ltrans1.ltrans.o
                0x000000000000b138                tflite::ops::micro::unpack::(anonymous namespace)::Eval(TfLiteContext*, TfLiteNode*) [clone .lto_priv.0]
 .text._ZN6tflite12_GLOBAL__N_17PrepareEP13TfLiteContextP10TfLiteNode.lto_priv.31
                0x000000000000b36c      0x3e8 /var/folders/th/91gccdrx7m975kl4frrh3gnh0000gn/T//hello_world_MSP_EXP432P401R_nortos_gcc.out.1OAlnh.ltrans1.ltrans.o
                0x000000000000b36c                tflite::(anonymous namespace)::Prepare(TfLiteContext*, TfLiteNode*) [clone .lto_priv.31]
 .text._ZN6tflite12_GLOBAL__N_17PrepareEP13TfLiteContextP10TfLiteNode.lto_priv.30
                0x000000000000b754      0x3b8 /var/folders/th/91gccdrx7m975kl4frrh3gnh0000gn/T//hello_world_MSP_EXP432P401R_nortos_gcc.out.1OAlnh.ltrans1.ltrans.o
                0x000000000000b754                tflite::(anonymous namespace)::Prepare(TfLiteContext*, TfLiteNode*) [clone .lto_priv.30]
 .text._ZN6tflite12_GLOBAL__N_14EvalEP13TfLiteContextP10TfLiteNode.lto_priv.30
                0x000000000000bb0c     0x1100 /var/folders/th/91gccdrx7m975kl4frrh3gnh0000gn/T//hello_world_MSP_EXP432P401R_nortos_gcc.out.1OAlnh.ltrans1.ltrans.o
                0x000000000000bb0c                tflite::(anonymous namespace)::Eval(TfLiteContext*, TfLiteNode*) [clone .lto_priv.30]
 .text._ZN6tflite21reference_integer_ops7AddFuncEaaRKNS_16ArithmeticParamsE
                0x000000000000cc0c       0x4a /var/folders/th/91gccdrx7m975kl4frrh3gnh0000gn/T//hello_world_MSP_EXP432P401R_nortos_gcc.out.1OAlnh.ltrans1.ltrans.o
 .text._ZN6tflite12_GLOBAL__N_121EvalAddQuantizedInt16EP13TfLiteContextP10TfLiteNodeP15TfLiteAddParamsPKNS0_6OpDataEPK16TfLiteEvalTensorSC_PSA_.isra.0
                0x000000000000cc56      0x1ec /var/folders/th/91gccdrx7m975kl4frrh3gnh0000gn/T//hello_world_MSP_EXP432P401R_nortos_gcc.out.1OAlnh.ltrans1.ltrans.o
 .text._ZN6tflite12_GLOBAL__N_112EvalAddFloatEP13TfLiteContextP10TfLiteNodeP15TfLiteAddParamsPKNS0_6OpDataEPK16TfLiteEvalTensorSC_PSA_.isra.0
                0x000000000000ce42      0x15a /var/folders/th/91gccdrx7m975kl4frrh3gnh0000gn/T//hello_world_MSP_EXP432P401R_nortos_gcc.out.1OAlnh.ltrans1.ltrans.o
 .text._ZN6tflite12_GLOBAL__N_120EvalAddQuantizedInt8EP13TfLiteContextP10TfLiteNodeP15TfLiteAddParamsPKNS0_6OpDataEPK16TfLiteEvalTensorSC_PSA_.isra.0
                0x000000000000cf9c      0x668 /var/folders/th/91gccdrx7m975kl4frrh3gnh0000gn/T//hello_world_MSP_EXP432P401R_nortos_gcc.out.1OAlnh.ltrans1.ltrans.o
 .text._ZN6tflite7EvalAddEP13TfLiteContextP10TfLiteNode
                0x000000000000d604       0x7c /var/folders/th/91gccdrx7m975kl4frrh3gnh0000gn/T//hello_world_MSP_EXP432P401R_nortos_gcc.out.1OAlnh.ltrans1.ltrans.o
                0x000000000000d604                tflite::EvalAdd(TfLiteContext*, TfLiteNode*)
 .text._ZN6tflite10PrepareAddEP13TfLiteContextP10TfLiteNode
                0x000000000000d680      0x240 /var/folders/th/91gccdrx7m975kl4frrh3gnh0000gn/T//hello_world_MSP_EXP432P401R_nortos_gcc.out.1OAlnh.ltrans1.ltrans.o
                0x000000000000d680                tflite::PrepareAdd(TfLiteContext*, TfLiteNode*)
 .text._ZN6tflite12_GLOBAL__N_14EvalEP13TfLiteContextP10TfLiteNode.lto_priv.28
                0x000000000000d8c0      0x14c /var/folders/th/91gccdrx7m975kl4frrh3gnh0000gn/T//hello_world_MSP_EXP432P401R_nortos_gcc.out.1OAlnh.ltrans1.ltrans.o
                0x000000000000d8c0                tflite::(anonymous namespace)::Eval(TfLiteContext*, TfLiteNode*) [clone .lto_priv.28]
 .text._ZN6tflite12_GLOBAL__N_17PrepareEP13TfLiteContextP10TfLiteNode.lto_priv.27
                0x000000000000da0c       0xb4 /var/folders/th/91gccdrx7m975kl4frrh3gnh0000gn/T//hello_world_MSP_EXP432P401R_nortos_gcc.out.1OAlnh.ltrans1.ltrans.o
                0x000000000000da0c                tflite::(anonymous namespace)::Prepare(TfLiteContext*, TfLiteNode*) [clone .lto_priv.27]
 .text._ZN6tflite12_GLOBAL__N_130UnidirectionalSequenceLstmEvalEP13TfLiteContextP10TfLiteNode.lto_priv.0
                0x000000000000dac0     0x1068 /var/folders/th/91gccdrx7m975kl4frrh3gnh0000gn/T//hello_world_MSP_EXP432P401R_nortos_gcc.out.1OAlnh.ltrans1.ltrans.o
                0x000000000000dac0                tflite::(anonymous namespace)::UnidirectionalSequenceLstmEval(TfLiteContext*, TfLiteNode*) [clone .lto_priv.0]
 .text._ZN6tflite12_GLOBAL__N_130UnidirectionalSequenceLstmInitEP13TfLiteContextPKcj.lto_priv.0
                0x000000000000eb28        0x8 /var/folders/th/91gccdrx7m975kl4frrh3gnh0000gn/T//hello_world_MSP_EXP432P401R_nortos_gcc.out.1OAlnh.ltrans2.ltrans.o
                0x000000000000eb28                tflite::(anonymous namespace)::UnidirectionalSequenceLstmInit(TfLiteContext*, char const*, unsigned int) [clone .lto_priv.0]
 .text._ZN6tflite12_GLOBAL__N_14InitEP13TfLiteContextPKcj.lto_priv.9
                0x000000000000eb30        0x6 /var/folders/th/91gccdrx7m975kl4frrh3gnh0000gn/T//hello_world_MSP_EXP432P401R_nortos_gcc.out.1OAlnh.ltrans2.ltrans.o
                0x000000000000eb30                tflite::(anonymous namespace)::Init(TfLiteContext*, char const*, unsigned int) [clone .lto_priv.9]
 *fill*         0x000000000000eb36        0x2 
 .text._ZN6tflite12_GLOBAL__N_17PrepareEP13TfLiteContextP10TfLiteNode.lto_priv.25
                0x000000000000eb38      0x1b0 /var/folders/th/91gccdrx7m975kl4frrh3gnh0000gn/T//hello_world_MSP_EXP432P401R_nortos_gcc.out.1OAlnh.ltrans2.ltrans.o
                0x000000000000eb38                tflite::(anonymous namespace)::Prepare(TfLiteContext*, TfLiteNode*) [clone .lto_priv.25]
 .text._ZN6tflite7SubInitEP13TfLiteContextPKcj
                0x000000000000ece8        0x6 /var/folders/th/91gccdrx7m975kl4frrh3gnh0000gn/T//hello_world_MSP_EXP432P401R_nortos_gcc.out.1OAlnh.ltrans2.ltrans.o
                0x000000000000ece8                tflite::SubInit(TfLiteContext*, char const*, unsigned int)
 .text._ZN6tflite3ops5micro13strided_slice4InitEP13TfLiteContextPKcj
                0x000000000000ecee        0x6 /var/folders/th/91gccdrx7m975kl4frrh3gnh0000gn/T//hello_world_MSP_EXP432P401R_nortos_gcc.out.1OAlnh.ltrans2.ltrans.o
                0x000000000000ecee                tflite::ops::micro::strided_slice::Init(TfLiteContext*, char const*, unsigned int)
 .text._ZN6tflite3ops5micro13strided_slice23BuildStridedSliceParamsEPNS2_19StridedSliceContextE
                0x000000000000ecf4       0x5e /var/folders/th/91gccdrx7m975kl4frrh3gnh0000gn/T//hello_world_MSP_EXP432P401R_nortos_gcc.out.1OAlnh.ltrans2.ltrans.o
 .text._ZN6tflite13strided_slice11StopForAxisERKNS_18StridedSliceParamsERKNS_12RuntimeShapeEii
                0x000000000000ed52       0x5e /var/folders/th/91gccdrx7m975kl4frrh3gnh0000gn/T//hello_world_MSP_EXP432P401R_nortos_gcc.out.1OAlnh.ltrans2.ltrans.o
 .text._ZN6tflite13strided_slice12StartForAxisERKNS_18StridedSliceParamsERKNS_12RuntimeShapeEi
                0x000000000000edb0       0x4e /var/folders/th/91gccdrx7m975kl4frrh3gnh0000gn/T//hello_world_MSP_EXP432P401R_nortos_gcc.out.1OAlnh.ltrans2.ltrans.o
 .text._ZN6tflite12_GLOBAL__N_117SquaredDifferenceIfEET_S2_S2_
                0x000000000000edfe        0xa /var/folders/th/91gccdrx7m975kl4frrh3gnh0000gn/T//hello_world_MSP_EXP432P401R_nortos_gcc.out.1OAlnh.ltrans2.ltrans.o
 .text._ZN6tflite12_GLOBAL__N_121SquaredDifferenceInitEP13TfLiteContextPKcj.lto_priv.0
                0x000000000000ee08        0x6 /var/folders/th/91gccdrx7m975kl4frrh3gnh0000gn/T//hello_world_MSP_EXP432P401R_nortos_gcc.out.1OAlnh.ltrans2.ltrans.o
                0x000000000000ee08                tflite::(anonymous namespace)::SquaredDifferenceInit(TfLiteContext*, char const*, unsigned int) [clone .lto_priv.0]
 *fill*         0x000000000000ee0e        0x2 
 .text._ZN6tflite3ops5micro7split_v7PrepareEP13TfLiteContextP10TfLiteNode
                0x000000000000ee10       0x74 /var/folders/th/91gccdrx7m975kl4frrh3gnh0000gn/T//hello_world_MSP_EXP432P401R_nortos_gcc.out.1OAlnh.ltrans2.ltrans.o
                0x000000000000ee10                tflite::ops::micro::split_v::Prepare(TfLiteContext*, TfLiteNode*)
 *fill*         0x000000000000ee84        0x4 
 .text._ZN6tflite11PrepareSvdfEP13TfLiteContextP10TfLiteNode
                0x000000000000ee88      0x670 /var/folders/th/91gccdrx7m975kl4frrh3gnh0000gn/T//hello_world_MSP_EXP432P401R_nortos_gcc.out.1OAlnh.ltrans2.ltrans.o
                0x000000000000ee88                tflite::PrepareSvdf(TfLiteContext*, TfLiteNode*)
 .text._ZN6tflite12_GLOBAL__N_138PrecomputeZeroPointTimesWeightWithBiasEP13TfLiteContextlPK12TfLiteTensorS5_PPl
                0x000000000000f4f8       0xc4 /var/folders/th/91gccdrx7m975kl4frrh3gnh0000gn/T//hello_world_MSP_EXP432P401R_nortos_gcc.out.1OAlnh.ltrans2.ltrans.o
 .text._ZN6tflite12_GLOBAL__N_133UnidirectionalSequenceLstmPrepareEP13TfLiteContextP10TfLiteNode.lto_priv.0
                0x000000000000f5bc     0x22c8 /var/folders/th/91gccdrx7m975kl4frrh3gnh0000gn/T//hello_world_MSP_EXP432P401R_nortos_gcc.out.1OAlnh.ltrans2.ltrans.o
                0x000000000000f5bc                tflite::(anonymous namespace)::UnidirectionalSequenceLstmPrepare(TfLiteContext*, TfLiteNode*) [clone .lto_priv.0]
 .text._ZN6tflite12_GLOBAL__N_14EvalEP13TfLiteContextP10TfLiteNode.lto_priv.26
                0x0000000000011884      0x610 /var/folders/th/91gccdrx7m975kl4frrh3gnh0000gn/T//hello_world_MSP_EXP432P401R_nortos_gcc.out.1OAlnh.ltrans2.ltrans.o
                0x0000000000011884                tflite::(anonymous namespace)::Eval(TfLiteContext*, TfLiteNode*) [clone .lto_priv.26]
 .text._ZN6tflite3ops5micro7split_v4EvalEP13TfLiteContextP10TfLiteNode
                0x0000000000011e94      0x4a4 /var/folders/th/91gccdrx7m975kl4frrh3gnh0000gn/T//hello_world_MSP_EXP432P401R_nortos_gcc.out.1OAlnh.ltrans2.ltrans.o
                0x0000000000011e94                tflite::ops::micro::split_v::Eval(TfLiteContext*, TfLiteNode*)
 .text._ZN6tflite12_GLOBAL__N_17PrepareEP13TfLiteContextP10TfLiteNode.lto_priv.26
                0x0000000000012338      0x3a4 /var/folders/th/91gccdrx7m975kl4frrh3gnh0000gn/T//hello_world_MSP_EXP432P401R_nortos_gcc.out.1OAlnh.ltrans2.ltrans.o
                0x0000000000012338                tflite::(anonymous namespace)::Prepare(TfLiteContext*, TfLiteNode*) [clone .lto_priv.26]
 .text._ZN6tflite12_GLOBAL__N_14EvalEP13TfLiteContextP10TfLiteNode.lto_priv.25
                0x00000000000126dc      0x2a4 /var/folders/th/91gccdrx7m975kl4frrh3gnh0000gn/T//hello_world_MSP_EXP432P401R_nortos_gcc.out.1OAlnh.ltrans2.ltrans.o
                0x00000000000126dc                tflite::(anonymous namespace)::Eval(TfLiteContext*, TfLiteNode*) [clone .lto_priv.25]
 .text._ZN6tflite3ops5micro11activations12_GLOBAL__N_111TanhPrepareEP13TfLiteContextP10TfLiteNode.lto_priv.0
                0x0000000000012980      0x300 /var/folders/th/91gccdrx7m975kl4frrh3gnh0000gn/T//hello_world_MSP_EXP432P401R_nortos_gcc.out.1OAlnh.ltrans2.ltrans.o
                0x0000000000012980                tflite::ops::micro::activations::(anonymous namespace)::TanhPrepare(TfLiteContext*, TfLiteNode*) [clone .lto_priv.0]
 .text._ZN6tflite3ops5micro11activations12_GLOBAL__N_18TanhInitEP13TfLiteContextPKcj
                0x0000000000012c80        0x4 /var/folders/th/91gccdrx7m975kl4frrh3gnh0000gn/T//hello_world_MSP_EXP432P401R_nortos_gcc.out.1OAlnh.ltrans2.ltrans.o
                0x0000000000012c80                tflite::ops::micro::activations::(anonymous namespace)::TanhInit(TfLiteContext*, char const*, unsigned int) [clone .lto_priv.0]
 .text._ZN6tflite12_GLOBAL__N_124SquaredDifferencePrepareEP13TfLiteContextP10TfLiteNode.lto_priv.0
                0x0000000000012c84      0x2ec /var/folders/th/91gccdrx7m975kl4frrh3gnh0000gn/T//hello_world_MSP_EXP432P401R_nortos_gcc.out.1OAlnh.ltrans2.ltrans.o
                0x0000000000012c84                tflite::(anonymous namespace)::SquaredDifferencePrepare(TfLiteContext*, TfLiteNode*) [clone .lto_priv.0]
 .text._ZN6tflite10SubPrepareEP13TfLiteContextP10TfLiteNode
                0x0000000000012f70      0x190 /var/folders/th/91gccdrx7m975kl4frrh3gnh0000gn/T//hello_world_MSP_EXP432P401R_nortos_gcc.out.1OAlnh.ltrans2.ltrans.o
                0x0000000000012f70                tflite::SubPrepare(TfLiteContext*, TfLiteNode*)
 .text._ZN6tflite7SubEvalEP13TfLiteContextP10TfLiteNode
                0x0000000000013100       0x84 /var/folders/th/91gccdrx7m975kl4frrh3gnh0000gn/T//hello_world_MSP_EXP432P401R_nortos_gcc.out.1OAlnh.ltrans2.ltrans.o
                0x0000000000013100                tflite::SubEval(TfLiteContext*, TfLiteNode*)
 .text._ZN6tflite3ops5micro13strided_slice4EvalEP13TfLiteContextP10TfLiteNode
                0x0000000000013184      0x9ac /var/folders/th/91gccdrx7m975kl4frrh3gnh0000gn/T//hello_world_MSP_EXP432P401R_nortos_gcc.out.1OAlnh.ltrans2.ltrans.o
                0x0000000000013184                tflite::ops::micro::strided_slice::Eval(TfLiteContext*, TfLiteNode*)
 .text._ZN6tflite3ops5micro13strided_slice7PrepareEP13TfLiteContextP10TfLiteNode
                0x0000000000013b30      0x220 /var/folders/th/91gccdrx7m975kl4frrh3gnh0000gn/T//hello_world_MSP_EXP432P401R_nortos_gcc.out.1OAlnh.ltrans2.ltrans.o
                0x0000000000013b30                tflite::ops::micro::strided_slice::Prepare(TfLiteContext*, TfLiteNode*)
 .text._ZN6tflite12_GLOBAL__N_14EvalEP13TfLiteContextP10TfLiteNode.lto_priv.24
                0x0000000000013d50       0x94 /var/folders/th/91gccdrx7m975kl4frrh3gnh0000gn/T//hello_world_MSP_EXP432P401R_nortos_gcc.out.1OAlnh.ltrans2.ltrans.o
                0x0000000000013d50                tflite::(anonymous namespace)::Eval(TfLiteContext*, TfLiteNode*) [clone .lto_priv.24]
 .text._ZN6tflite12_GLOBAL__N_17PrepareEP13TfLiteContextP10TfLiteNode.lto_priv.24
                0x0000000000013de4      0x16c /var/folders/th/91gccdrx7m975kl4frrh3gnh0000gn/T//hello_world_MSP_EXP432P401R_nortos_gcc.out.1OAlnh.ltrans2.ltrans.o
                0x0000000000013de4                tflite::(anonymous namespace)::Prepare(TfLiteContext*, TfLiteNode*) [clone .lto_priv.24]
 .text._ZN6tflite12_GLOBAL__N_117SquaredDifferenceEaaRKNS_16ArithmeticParamsE
                0x0000000000013f50       0x4c /var/folders/th/91gccdrx7m975kl4frrh3gnh0000gn/T//hello_world_MSP_EXP432P401R_nortos_gcc.out.1OAlnh.ltrans2.ltrans.o
 .text._ZN6tflite13reference_ops14BinaryFunctionIfffEEvRKNS_12RuntimeShapeEPKT0_S4_PKT1_S4_PT_PFSB_S5_S8_E.isra.0.lto_priv.0.lto_priv.0
                0x0000000000013f9c       0x32 /var/folders/th/91gccdrx7m975kl4frrh3gnh0000gn/T//hello_world_MSP_EXP432P401R_nortos_gcc.out.1OAlnh.ltrans2.ltrans.o
                0x0000000000013f9c                void tflite::reference_ops::BinaryFunction<float, float, float>(tflite::RuntimeShape const&, float const*, tflite::RuntimeShape const&, float const*, tflite::RuntimeShape const&, float*, float (*)(float, float)) [clone .isra.0] [clone .lto_priv.1] [clone .lto_priv.0]
                0x0000000000013f9c                void tflite::reference_ops::BinaryFunction<float, float, float>(tflite::RuntimeShape const&, float const*, tflite::RuntimeShape const&, float const*, tflite::RuntimeShape const&, float*, float (*)(float, float)) [clone .isra.0] [clone .lto_priv.0] [clone .lto_priv.0]
 *fill*         0x0000000000013fce        0x2 
 .text._ZN6tflite12_GLOBAL__N_121SquaredDifferenceEvalEP13TfLiteContextP10TfLiteNode.lto_priv.0
                0x0000000000013fd0      0x254 /var/folders/th/91gccdrx7m975kl4frrh3gnh0000gn/T//hello_world_MSP_EXP432P401R_nortos_gcc.out.1OAlnh.ltrans2.ltrans.o
                0x0000000000013fd0                tflite::(anonymous namespace)::SquaredDifferenceEval(TfLiteContext*, TfLiteNode*) [clone .lto_priv.0]
 .text._ZN6tflite3ops5micro11activations8TanhEvalEP13TfLiteContextP10TfLiteNode
                0x0000000000014224      0x1f8 /var/folders/th/91gccdrx7m975kl4frrh3gnh0000gn/T//hello_world_MSP_EXP432P401R_nortos_gcc.out.1OAlnh.ltrans2.ltrans.o
                0x0000000000014224                tflite::ops::micro::activations::TanhEval(TfLiteContext*, TfLiteNode*)
 .text._ZN6tflite3ops5micro5split7PrepareEP13TfLiteContextP10TfLiteNode
                0x000000000001441c       0x58 /var/folders/th/91gccdrx7m975kl4frrh3gnh0000gn/T//hello_world_MSP_EXP432P401R_nortos_gcc.out.1OAlnh.ltrans3.ltrans.o