Archive member included to satisfy reference by file (symbol)

/Users/rmc0mputer/ti/simplelink_msp432p4_sdk_3_40_01_02/source/ti/display/lib/display.am4fg(Display.om4fg)
                              ./THERM_2/THERM_2.o (symbol from plugin) (Display_doOpen)
/Users/rmc0mputer/ti/simplelink_msp432p4_sdk_3_40_01_02/source/ti/display/lib/display.am4fg(DisplayUart.om4fg)
                              ./syscfg/ti_drivers_config.o (symbol from plugin) (DisplayUartMin_fxnTable)
/Users/rmc0mputer/ti/simplelink_msp432p4_sdk_3_40_01_02/source/ti/drivers/lib/drivers_msp432p401x.am4fg(GPIOMSP432.om4fg)
                              ./THERM_2/THERM_2.o (symbol from plugin) (GPIO_init)
/Users/rmc0mputer/ti/simplelink_msp432p4_sdk_3_40_01_02/source/ti/drivers/lib/drivers_msp432p401x.am4fg(PowerMSP432.om4fg)
                              ./syscfg/ti_drivers_config.o (symbol from plugin) (Power_init)
/Users/rmc0mputer/ti/simplelink_msp432p4_sdk_3_40_01_02/source/ti/drivers/lib/drivers_msp432p401x.am4fg(UART.om4fg)
                              /Users/rmc0mputer/ti/simplelink_msp432p4_sdk_3_40_01_02/source/ti/display/lib/display.am4fg(DisplayUart.om4fg) (UART_close)
/Users/rmc0mputer/ti/simplelink_msp432p4_sdk_3_40_01_02/source/ti/drivers/lib/drivers_msp432p401x.am4fg(UARTMSP432.om4fg)
                              ./syscfg/ti_drivers_config.o (symbol from plugin) (UARTMSP432_fxnTable)
/Users/rmc0mputer/ti/simplelink_msp432p4_sdk_3_40_01_02/source/ti/drivers/lib/drivers_msp432p401x.am4fg(List.om4fg)
                              /Users/rmc0mputer/ti/simplelink_msp432p4_sdk_3_40_01_02/source/ti/drivers/lib/drivers_msp432p401x.am4fg(PowerMSP432.om4fg) (List_put)
/Users/rmc0mputer/ti/simplelink_msp432p4_sdk_3_40_01_02/source/ti/drivers/lib/drivers_msp432p401x.am4fg(RingBuf.om4fg)
                              /Users/rmc0mputer/ti/simplelink_msp432p4_sdk_3_40_01_02/source/ti/drivers/lib/drivers_msp432p401x.am4fg(UARTMSP432.om4fg) (RingBuf_construct)
/Users/rmc0mputer/ti/simplelink_msp432p4_sdk_3_40_01_02/kernel/nortos/lib/nortos_msp432p401x.am4fg(NoRTOS.om4fg)
                              ./THERM_2/main_nortos.o (symbol from plugin) (NoRTOS_start)
/Users/rmc0mputer/ti/simplelink_msp432p4_sdk_3_40_01_02/kernel/nortos/lib/nortos_msp432p401x.am4fg(SemaphoreP_nortos.om4fg)
                              /Users/rmc0mputer/ti/simplelink_msp432p4_sdk_3_40_01_02/source/ti/drivers/lib/drivers_msp432p401x.am4fg(UARTMSP432.om4fg) (SemaphoreP_create)
/Users/rmc0mputer/ti/simplelink_msp432p4_sdk_3_40_01_02/kernel/nortos/lib/nortos_msp432p401x.am4fg(SystemP_nortos.om4fg)
                              /Users/rmc0mputer/ti/simplelink_msp432p4_sdk_3_40_01_02/source/ti/display/lib/display.am4fg(DisplayUart.om4fg) (SystemP_snprintf)
/Users/rmc0mputer/ti/simplelink_msp432p4_sdk_3_40_01_02/kernel/nortos/lib/nortos_msp432p401x.am4fg(PowerMSP432_nortos.om4fg)
                              ./syscfg/ti_drivers_config.o (symbol from plugin) (PowerMSP432_sleepPolicy)
/Users/rmc0mputer/ti/simplelink_msp432p4_sdk_3_40_01_02/kernel/nortos/lib/nortos_msp432p401x.am4fg(ClockPTimer_nortos.om4fg)
                              /Users/rmc0mputer/ti/simplelink_msp432p4_sdk_3_40_01_02/source/ti/drivers/lib/drivers_msp432p401x.am4fg(UARTMSP432.om4fg) (ClockP_Params_init)
/Users/rmc0mputer/ti/simplelink_msp432p4_sdk_3_40_01_02/kernel/nortos/lib/nortos_msp432p401x.am4fg(TimerPMSP432_nortos.om4fg)
                              /Users/rmc0mputer/ti/simplelink_msp432p4_sdk_3_40_01_02/kernel/nortos/lib/nortos_msp432p401x.am4fg(ClockPTimer_nortos.om4fg) (TimerP_Params_init)
/Users/rmc0mputer/ti/simplelink_msp432p4_sdk_3_40_01_02/kernel/nortos/lib/nortos_msp432p401x.am4fg(HwiPMSP432_nortos.om4fg)
                              /Users/rmc0mputer/ti/simplelink_msp432p4_sdk_3_40_01_02/kernel/nortos/lib/nortos_msp432p401x.am4fg(TimerPMSP432_nortos.om4fg) (HwiP_construct)
/Users/rmc0mputer/ti/simplelink_msp432p4_sdk_3_40_01_02/kernel/nortos/lib/nortos_msp432p401x.am4fg(startup_msp432_gcc.om4fg)
                              (resetISR)
/Users/rmc0mputer/ti/simplelink_msp432p4_sdk_3_40_01_02/kernel/nortos/lib/nortos_msp432p401x.am4fg(QueueP_nortos.om4fg)
                              /Users/rmc0mputer/ti/simplelink_msp432p4_sdk_3_40_01_02/kernel/nortos/lib/nortos_msp432p401x.am4fg(ClockPTimer_nortos.om4fg) (QueueP_init)
/Users/rmc0mputer/ti/simplelink_msp432p4_sdk_3_40_01_02/kernel/nortos/lib/nortos_msp432p401x.am4fg(SwiP_nortos.om4fg)
                              /Users/rmc0mputer/ti/simplelink_msp432p4_sdk_3_40_01_02/kernel/nortos/lib/nortos_msp432p401x.am4fg(ClockPTimer_nortos.om4fg) (SwiP_Params_init)
/Users/rmc0mputer/ti/simplelink_msp432p4_sdk_3_40_01_02/source/ti/devices/msp432p4xx/driverlib/gcc/msp432p4xx_driverlib.a(cs.o)
                              /Users/rmc0mputer/ti/simplelink_msp432p4_sdk_3_40_01_02/source/ti/drivers/lib/drivers_msp432p401x.am4fg(PowerMSP432.om4fg) (CS_setExternalClockSourceFrequency)
[...]
Memory Configuration

Name             Origin             Length             Attributes
MAIN_FLASH       0x0000000000000000 0x0000000000040000 xr
INFO_FLASH       0x0000000000200000 0x0000000000004000 xr
SRAM_DATA        0x0000000020000000 0x0000000000010000 rw
*default*        0x0000000000000000 0xffffffffffffffff

Linker script and memory map

LOAD /var/folders/th/91gccdrx7m975kl4frrh3gnh0000gn/T//TFL_therm_2.out.XjlNHU.ltrans0.ltrans.o
LOAD /var/folders/th/91gccdrx7m975kl4frrh3gnh0000gn/T//TFL_therm_2.out.XjlNHU.ltrans1.ltrans.o
LOAD /var/folders/th/91gccdrx7m975kl4frrh3gnh0000gn/T//TFL_therm_2.out.XjlNHU.ltrans2.ltrans.o
LOAD /var/folders/th/91gccdrx7m975kl4frrh3gnh0000gn/T//TFL_therm_2.out.XjlNHU.ltrans3.ltrans.o
LOAD /var/folders/th/91gccdrx7m975kl4frrh3gnh0000gn/T//TFL_therm_2.out.XjlNHU.ltrans4.ltrans.o
LOAD /var/folders/th/91gccdrx7m975kl4frrh3gnh0000gn/T//TFL_therm_2.out.XjlNHU.ltrans5.ltrans.o
LOAD /var/folders/th/91gccdrx7m975kl4frrh3gnh0000gn/T//TFL_therm_2.out.XjlNHU.ltrans6.ltrans.o
LOAD /var/folders/th/91gccdrx7m975kl4frrh3gnh0000gn/T//ccRu7eB5.debug.temp.o
LOAD /var/folders/th/91gccdrx7m975kl4frrh3gnh0000gn/T//cc8aNvHW.debug.temp.o
LOAD /var/folders/th/91gccdrx7m975kl4frrh3gnh0000gn/T//ccLUhXqh.debug.temp.o
LOAD /var/folders/th/91gccdrx7m975kl4frrh3gnh0000gn/T//ccfNU20s.debug.temp.o
LOAD /var/folders/th/91gccdrx7m975kl4frrh3gnh0000gn/T//ccfNxKUX.debug.temp.o
LOAD /var/folders/th/91gccdrx7m975kl4frrh3gnh0000gn/T//cc8w2TqT.debug.temp.o
LOAD /var/folders/th/91gccdrx7m975kl4frrh3gnh0000gn/T//ccX8Dyzt.debug.temp.o
LOAD /var/folders/th/91gccdrx7m975kl4frrh3gnh0000gn/T//ccCY00W2.debug.temp.o
LOAD /var/folders/th/91gccdrx7m975kl4frrh3gnh0000gn/T//ccmi5UHI.debug.temp.o
LOAD /var/folders/th/91gccdrx7m975kl4frrh3gnh0000gn/T//ccPXdHHJ.debug.temp.o
LOAD /var/folders/th/91gccdrx7m975kl4frrh3gnh0000gn/T//ccEFtUuC.debug.temp.o
LOAD /var/folders/th/91gccdrx7m975kl4frrh3gnh0000gn/T//ccrLNMrI.debug.temp.o
LOAD /var/folders/th/91gccdrx7m975kl4frrh3gnh0000gn/T//ccyyg6yc.debug.temp.o
LOAD /var/folders/th/91gccdrx7m975kl4frrh3gnh0000gn/T//ccNemdIf.debug.temp.o
LOAD /var/folders/th/91gccdrx7m975kl4frrh3gnh0000gn/T//ccgVuODQ.debug.temp.o
LOAD /var/folders/th/91gccdrx7m975kl4frrh3gnh0000gn/T//cceuPj99.debug.temp.o
LOAD /var/folders/th/91gccdrx7m975kl4frrh3gnh0000gn/T//ccTE5jwb.debug.temp.o
LOAD /var/folders/th/91gccdrx7m975kl4frrh3gnh0000gn/T//ccZ3EdEU.debug.temp.o
LOAD /var/folders/th/91gccdrx7m975kl4frrh3gnh0000gn/T//cce6UEdW.debug.temp.o
LOAD /var/folders/th/91gccdrx7m975kl4frrh3gnh0000gn/T//cccHPpvs.debug.temp.o
LOAD /var/folders/th/91gccdrx7m975kl4frrh3gnh0000gn/T//ccToJNBF.debug.temp.o
LOAD /var/folders/th/91gccdrx7m975kl4frrh3gnh0000gn/T//ccb3OupT.debug.temp.o
LOAD /var/folders/th/91gccdrx7m975kl4frrh3gnh0000gn/T//ccxJJnXj.debug.temp.o
LOAD /var/folders/th/91gccdrx7m975kl4frrh3gnh0000gn/T//ccbf8u7m.debug.temp.o
LOAD /var/folders/th/91gccdrx7m975kl4frrh3gnh0000gn/T//ccQ1GrnQ.debug.temp.o
LOAD /var/folders/th/91gccdrx7m975kl4frrh3gnh0000gn/T//cc6CqgoZ.debug.temp.o
LOAD /var/folders/th/91gccdrx7m975kl4frrh3gnh0000gn/T//cc2avGMB.debug.temp.o
LOAD /var/folders/th/91gccdrx7m975kl4frrh3gnh0000gn/T//ccjq30tG.debug.temp.o
LOAD /var/folders/th/91gccdrx7m975kl4frrh3gnh0000gn/T//cc3VF5lD.debug.temp.o
LOAD /var/folders/th/91gccdrx7m975kl4frrh3gnh0000gn/T//ccV9HS60.debug.temp.o
LOAD /var/folders/th/91gccdrx7m975kl4frrh3gnh0000gn/T//cc43jupg.debug.temp.o
LOAD /var/folders/th/91gccdrx7m975kl4frrh3gnh0000gn/T//ccg0zm06.debug.temp.o
LOAD /var/folders/th/91gccdrx7m975kl4frrh3gnh0000gn/T//ccK4XNfG.debug.temp.o
LOAD /var/folders/th/91gccdrx7m975kl4frrh3gnh0000gn/T//cctOyTJP.debug.temp.o
LOAD /var/folders/th/91gccdrx7m975kl4frrh3gnh0000gn/T//cc1VDGGl.debug.temp.o
LOAD /var/folders/th/91gccdrx7m975kl4frrh3gnh0000gn/T//ccuP9NXc.debug.temp.o
LOAD /var/folders/th/91gccdrx7m975kl4frrh3gnh0000gn/T//ccfj8XVK.debug.temp.o
LOAD /var/folders/th/91gccdrx7m975kl4frrh3gnh0000gn/T//cc8fwZ5y.debug.temp.o
LOAD /var/folders/th/91gccdrx7m975kl4frrh3gnh0000gn/T//ccqG39Ua.debug.temp.o
LOAD /var/folders/th/91gccdrx7m975kl4frrh3gnh0000gn/T//ccW4ZYd5.debug.temp.o
LOAD /var/folders/th/91gccdrx7m975kl4frrh3gnh0000gn/T//ccwAb60A.debug.temp.o
LOAD /var/folders/th/91gccdrx7m975kl4frrh3gnh0000gn/T//ccS7MM29.debug.temp.o
LOAD /var/folders/th/91gccdrx7m975kl4frrh3gnh0000gn/T//ccUS1g7W.debug.temp.o
LOAD /var/folders/th/91gccdrx7m975kl4frrh3gnh0000gn/T//ccZEGNVk.debug.temp.o
LOAD /var/folders/th/91gccdrx7m975kl4frrh3gnh0000gn/T//ccBeNxBn.debug.temp.o
LOAD /var/folders/th/91gccdrx7m975kl4frrh3gnh0000gn/T//cclr2StK.debug.temp.o
LOAD /var/folders/th/91gccdrx7m975kl4frrh3gnh0000gn/T//cc9MhTOz.debug.temp.o
LOAD /var/folders/th/91gccdrx7m975kl4frrh3gnh0000gn/T//ccfXDUjK.debug.temp.o
LOAD /var/folders/th/91gccdrx7m975kl4frrh3gnh0000gn/T//ccZRqehT.debug.temp.o
LOAD /var/folders/th/91gccdrx7m975kl4frrh3gnh0000gn/T//ccArXc54.debug.temp.o
LOAD /var/folders/th/91gccdrx7m975kl4frrh3gnh0000gn/T//ccnJRC8d.debug.temp.o
LOAD /var/folders/th/91gccdrx7m975kl4frrh3gnh0000gn/T//cc60zCHv.debug.temp.o
LOAD /var/folders/th/91gccdrx7m975kl4frrh3gnh0000gn/T//ccyndMu2.debug.temp.o
LOAD /var/folders/th/91gccdrx7m975kl4frrh3gnh0000gn/T//cctBur62.debug.temp.o
LOAD /var/folders/th/91gccdrx7m975kl4frrh3gnh0000gn/T//ccs270pN.debug.temp.o
LOAD /var/folders/th/91gccdrx7m975kl4frrh3gnh0000gn/T//ccsKvgMz.debug.temp.o
LOAD /var/folders/th/91gccdrx7m975kl4frrh3gnh0000gn/T//ccJcPGt1.debug.temp.o
LOAD /var/folders/th/91gccdrx7m975kl4frrh3gnh0000gn/T//ccUtrQA2.debug.temp.o
LOAD /var/folders/th/91gccdrx7m975kl4frrh3gnh0000gn/T//ccOd51Jf.debug.temp.o
LOAD /var/folders/th/91gccdrx7m975kl4frrh3gnh0000gn/T//cc25lcSd.debug.temp.o
LOAD /var/folders/th/91gccdrx7m975kl4frrh3gnh0000gn/T//ccnFRo7o.debug.temp.o
LOAD /var/folders/th/91gccdrx7m975kl4frrh3gnh0000gn/T//ccag3B1M.debug.temp.o
LOAD /var/folders/th/91gccdrx7m975kl4frrh3gnh0000gn/T//ccU0r1fH.debug.temp.o
LOAD /var/folders/th/91gccdrx7m975kl4frrh3gnh0000gn/T//ccUEXTo5.debug.temp.o
LOAD /var/folders/th/91gccdrx7m975kl4frrh3gnh0000gn/T//ccXoMV1t.debug.temp.o
LOAD /var/folders/th/91gccdrx7m975kl4frrh3gnh0000gn/T//cccDYS0v.debug.temp.o
LOAD /var/folders/th/91gccdrx7m975kl4frrh3gnh0000gn/T//ccNKMnq0.debug.temp.o
LOAD /var/folders/th/91gccdrx7m975kl4frrh3gnh0000gn/T//ccLysPNF.debug.temp.o
LOAD /var/folders/th/91gccdrx7m975kl4frrh3gnh0000gn/T//cc0sorVC.debug.temp.o
LOAD /var/folders/th/91gccdrx7m975kl4frrh3gnh0000gn/T//ccI4LMnR.debug.temp.o
LOAD /var/folders/th/91gccdrx7m975kl4frrh3gnh0000gn/T//ccC6ZYHw.debug.temp.o
LOAD /var/folders/th/91gccdrx7m975kl4frrh3gnh0000gn/T//ccorV4qG.debug.temp.o
LOAD /var/folders/th/91gccdrx7m975kl4frrh3gnh0000gn/T//ccUQ6LTV.debug.temp.o
LOAD /var/folders/th/91gccdrx7m975kl4frrh3gnh0000gn/T//ccIgunOV.debug.temp.o
LOAD /var/folders/th/91gccdrx7m975kl4frrh3gnh0000gn/T//ccOfIsjY.debug.temp.o
LOAD /var/folders/th/91gccdrx7m975kl4frrh3gnh0000gn/T//ccYCawnL.debug.temp.o
LOAD /var/folders/th/91gccdrx7m975kl4frrh3gnh0000gn/T//ccpqIPYy.debug.temp.o
LOAD /var/folders/th/91gccdrx7m975kl4frrh3gnh0000gn/T//cca1j0su.debug.temp.o
LOAD /var/folders/th/91gccdrx7m975kl4frrh3gnh0000gn/T//ccWxlK3r.debug.temp.o
LOAD /var/folders/th/91gccdrx7m975kl4frrh3gnh0000gn/T//cceYHv1h.debug.temp.o
LOAD /var/folders/th/91gccdrx7m975kl4frrh3gnh0000gn/T//ccq64v4z.debug.temp.o
LOAD /var/folders/th/91gccdrx7m975kl4frrh3gnh0000gn/T//cc5TkNCg.debug.temp.o
LOAD /var/folders/th/91gccdrx7m975kl4frrh3gnh0000gn/T//cc9EwuMF.debug.temp.o
LOAD /var/folders/th/91gccdrx7m975kl4frrh3gnh0000gn/T//cc9moIEC.debug.temp.o
LOAD /var/folders/th/91gccdrx7m975kl4frrh3gnh0000gn/T//ccPexL6X.debug.temp.o
LOAD /var/folders/th/91gccdrx7m975kl4frrh3gnh0000gn/T//cccCWGYE.debug.temp.o
LOAD /var/folders/th/91gccdrx7m975kl4frrh3gnh0000gn/T//ccsUyEbN.debug.temp.o
LOAD /var/folders/th/91gccdrx7m975kl4frrh3gnh0000gn/T//ccXpUinL.debug.temp.o
LOAD /var/folders/th/91gccdrx7m975kl4frrh3gnh0000gn/T//cc1AF48i.debug.temp.o
LOAD /var/folders/th/91gccdrx7m975kl4frrh3gnh0000gn/T//ccV55qzn.debug.temp.o
LOAD /var/folders/th/91gccdrx7m975kl4frrh3gnh0000gn/T//ccAVByFr.debug.temp.o
LOAD /var/folders/th/91gccdrx7m975kl4frrh3gnh0000gn/T//ccjpyq2Y.debug.temp.o
LOAD /var/folders/th/91gccdrx7m975kl4frrh3gnh0000gn/T//ccHShSuW.debug.temp.o
LOAD /var/folders/th/91gccdrx7m975kl4frrh3gnh0000gn/T//ccIGVN71.debug.temp.o
LOAD /var/folders/th/91gccdrx7m975kl4frrh3gnh0000gn/T//cc8sSE9b.debug.temp.o
LOAD /var/folders/th/91gccdrx7m975kl4frrh3gnh0000gn/T//ccToi6UG.debug.temp.o
LOAD /var/folders/th/91gccdrx7m975kl4frrh3gnh0000gn/T//ccxlQBRj.debug.temp.o
LOAD /var/folders/th/91gccdrx7m975kl4frrh3gnh0000gn/T//ccgPMbQJ.debug.temp.o
LOAD /var/folders/th/91gccdrx7m975kl4frrh3gnh0000gn/T//cchRGczp.debug.temp.o
LOAD /var/folders/th/91gccdrx7m975kl4frrh3gnh0000gn/T//ccK4OXj2.debug.temp.o
LOAD /var/folders/th/91gccdrx7m975kl4frrh3gnh0000gn/T//ccVWWmtx.debug.temp.o
LOAD /var/folders/th/91gccdrx7m975kl4frrh3gnh0000gn/T//ccmeXkvX.debug.temp.o
LOAD /var/folders/th/91gccdrx7m975kl4frrh3gnh0000gn/T//ccbrBCe2.debug.temp.o
LOAD /var/folders/th/91gccdrx7m975kl4frrh3gnh0000gn/T//cchdQIC6.debug.temp.o
LOAD /var/folders/th/91gccdrx7m975kl4frrh3gnh0000gn/T//ccaIfIKd.debug.temp.o
LOAD /var/folders/th/91gccdrx7m975kl4frrh3gnh0000gn/T//ccHxzcIm.debug.temp.o
LOAD /var/folders/th/91gccdrx7m975kl4frrh3gnh0000gn/T//ccTS8dRM.debug.temp.o
LOAD /var/folders/th/91gccdrx7m975kl4frrh3gnh0000gn/T//ccbLarXc.debug.temp.o
LOAD /var/folders/th/91gccdrx7m975kl4frrh3gnh0000gn/T//cc06MALv.debug.temp.o
LOAD /var/folders/th/91gccdrx7m975kl4frrh3gnh0000gn/T//ccAdeeWs.debug.temp.o
LOAD /var/folders/th/91gccdrx7m975kl4frrh3gnh0000gn/T//cc6KfvkO.debug.temp.o
LOAD /var/folders/th/91gccdrx7m975kl4frrh3gnh0000gn/T//ccBBglZw.debug.temp.o
LOAD /var/folders/th/91gccdrx7m975kl4frrh3gnh0000gn/T//cc9vNh17.debug.temp.o
LOAD /var/folders/th/91gccdrx7m975kl4frrh3gnh0000gn/T//cchGJOX2.debug.temp.o
LOAD /var/folders/th/91gccdrx7m975kl4frrh3gnh0000gn/T//ccVp2vbs.debug.temp.o
LOAD /var/folders/th/91gccdrx7m975kl4frrh3gnh0000gn/T//ccw1pkPW.debug.temp.o
LOAD /var/folders/th/91gccdrx7m975kl4frrh3gnh0000gn/T//ccRMasHZ.debug.temp.o
LOAD /var/folders/th/91gccdrx7m975kl4frrh3gnh0000gn/T//ccKYR73f.debug.temp.o
LOAD /var/folders/th/91gccdrx7m975kl4frrh3gnh0000gn/T//ccNX48un.debug.temp.o
LOAD /var/folders/th/91gccdrx7m975kl4frrh3gnh0000gn/T//ccBfAQ8H.debug.temp.o
LOAD /var/folders/th/91gccdrx7m975kl4frrh3gnh0000gn/T//cck5b2Fu.debug.temp.o
LOAD /var/folders/th/91gccdrx7m975kl4frrh3gnh0000gn/T//ccqfIdAO.debug.temp.o
LOAD /var/folders/th/91gccdrx7m975kl4frrh3gnh0000gn/T//ccERKpVv.debug.temp.o
LOAD /var/folders/th/91gccdrx7m975kl4frrh3gnh0000gn/T//ccCzEVKC.debug.temp.o
LOAD /var/folders/th/91gccdrx7m975kl4frrh3gnh0000gn/T//ccIy3uuO.debug.temp.o
LOAD /var/folders/th/91gccdrx7m975kl4frrh3gnh0000gn/T//cckeZroP.debug.temp.o
LOAD /var/folders/th/91gccdrx7m975kl4frrh3gnh0000gn/T//ccIMGzKU.debug.temp.o
LOAD /var/folders/th/91gccdrx7m975kl4frrh3gnh0000gn/T//ccQoGQc9.debug.temp.o
LOAD /var/folders/th/91gccdrx7m975kl4frrh3gnh0000gn/T//ccNgjbRZ.debug.temp.o
LOAD /var/folders/th/91gccdrx7m975kl4frrh3gnh0000gn/T//ccY6vOR3.debug.temp.o
LOAD /var/folders/th/91gccdrx7m975kl4frrh3gnh0000gn/T//ccTNHpIa.debug.temp.o
LOAD /var/folders/th/91gccdrx7m975kl4frrh3gnh0000gn/T//ccM1pfxA.debug.temp.o
LOAD /var/folders/th/91gccdrx7m975kl4frrh3gnh0000gn/T//ccxyWtQc.debug.temp.o
LOAD /var/folders/th/91gccdrx7m975kl4frrh3gnh0000gn/T//ccqES52n.debug.temp.o
LOAD /var/folders/th/91gccdrx7m975kl4frrh3gnh0000gn/T//ccqHtOab.debug.temp.o
LOAD /var/folders/th/91gccdrx7m975kl4frrh3gnh0000gn/T//ccM084bj.debug.temp.o
LOAD /var/folders/th/91gccdrx7m975kl4frrh3gnh0000gn/T//ccBRPUs8.debug.temp.o
LOAD /var/folders/th/91gccdrx7m975kl4frrh3gnh0000gn/T//ccuAZCdU.debug.temp.o
LOAD /var/folders/th/91gccdrx7m975kl4frrh3gnh0000gn/T//ccenD2gI.debug.temp.o
LOAD /var/folders/th/91gccdrx7m975kl4frrh3gnh0000gn/T//ccNCyoOp.debug.temp.o
LOAD /var/folders/th/91gccdrx7m975kl4frrh3gnh0000gn/T//cciqJERc.debug.temp.o
LOAD /var/folders/th/91gccdrx7m975kl4frrh3gnh0000gn/T//ccHS19Mv.debug.temp.o
LOAD /var/folders/th/91gccdrx7m975kl4frrh3gnh0000gn/T//ccRXYxsw.debug.temp.o
LOAD /var/folders/th/91gccdrx7m975kl4frrh3gnh0000gn/T//cc2ifmmZ.debug.temp.o
LOAD /var/folders/th/91gccdrx7m975kl4frrh3gnh0000gn/T//ccrycs0W.debug.temp.o
LOAD /var/folders/th/91gccdrx7m975kl4frrh3gnh0000gn/T//ccecxe0c.debug.temp.o
LOAD /var/folders/th/91gccdrx7m975kl4frrh3gnh0000gn/T//ccZfBrza.debug.temp.o
LOAD /var/folders/th/91gccdrx7m975kl4frrh3gnh0000gn/T//ccrPU1Ap.debug.temp.o
LOAD /var/folders/th/91gccdrx7m975kl4frrh3gnh0000gn/T//ccexdtF2.debug.temp.o
LOAD /var/folders/th/91gccdrx7m975kl4frrh3gnh0000gn/T//ccHeeDet.debug.temp.o
LOAD /var/folders/th/91gccdrx7m975kl4frrh3gnh0000gn/T//ccAvdRRT.debug.temp.o
LOAD /var/folders/th/91gccdrx7m975kl4frrh3gnh0000gn/T//ccKvnze5.debug.temp.o
LOAD /var/folders/th/91gccdrx7m975kl4frrh3gnh0000gn/T//ccDjThv4.debug.temp.o
LOAD /var/folders/th/91gccdrx7m975kl4frrh3gnh0000gn/T//ccI5kI7C.debug.temp.o
LOAD /var/folders/th/91gccdrx7m975kl4frrh3gnh0000gn/T//ccn1ZZES.debug.temp.o
LOAD /var/folders/th/91gccdrx7m975kl4frrh3gnh0000gn/T//ccVfiJEW.debug.temp.o
LOAD /var/folders/th/91gccdrx7m975kl4frrh3gnh0000gn/T//ccgdVMFx.debug.temp.o
LOAD /var/folders/th/91gccdrx7m975kl4frrh3gnh0000gn/T//cc14lhjk.debug.temp.o
LOAD /var/folders/th/91gccdrx7m975kl4frrh3gnh0000gn/T//cc9iuyCI.debug.temp.o
LOAD /var/folders/th/91gccdrx7m975kl4frrh3gnh0000gn/T//ccqXYML7.debug.temp.o
LOAD /var/folders/th/91gccdrx7m975kl4frrh3gnh0000gn/T//ccUcyiKo.debug.temp.o
LOAD /var/folders/th/91gccdrx7m975kl4frrh3gnh0000gn/T//ccEG50eQ.debug.temp.o
LOAD /var/folders/th/91gccdrx7m975kl4frrh3gnh0000gn/T//ccCDFALH.debug.temp.o
LOAD /var/folders/th/91gccdrx7m975kl4frrh3gnh0000gn/T//ccF9h7nh.debug.temp.o
LOAD /var/folders/th/91gccdrx7m975kl4frrh3gnh0000gn/T//ccvEl4Jf.debug.temp.o
LOAD /var/folders/th/91gccdrx7m975kl4frrh3gnh0000gn/T//cc7Cslt3.debug.temp.o
LOAD /var/folders/th/91gccdrx7m975kl4frrh3gnh0000gn/T//ccfdsOkQ.debug.temp.o
LOAD /var/folders/th/91gccdrx7m975kl4frrh3gnh0000gn/T//ccWRLbMU.debug.temp.o
LOAD /var/folders/th/91gccdrx7m975kl4frrh3gnh0000gn/T//cc7Obc3N.debug.temp.o
LOAD /var/folders/th/91gccdrx7m975kl4frrh3gnh0000gn/T//cc5QyUqL.debug.temp.o
LOAD /var/folders/th/91gccdrx7m975kl4frrh3gnh0000gn/T//cckJNcTt.debug.temp.o
LOAD /var/folders/th/91gccdrx7m975kl4frrh3gnh0000gn/T//ccz9uvNc.debug.temp.o
LOAD /var/folders/th/91gccdrx7m975kl4frrh3gnh0000gn/T//ccsLTwNE.debug.temp.o
LOAD /var/folders/th/91gccdrx7m975kl4frrh3gnh0000gn/T//ccQTNS8J.debug.temp.o
LOAD /var/folders/th/91gccdrx7m975kl4frrh3gnh0000gn/T//ccdMgFu3.debug.temp.o
LOAD /var/folders/th/91gccdrx7m975kl4frrh3gnh0000gn/T//ccDJ1buB.debug.temp.o
LOAD /var/folders/th/91gccdrx7m975kl4frrh3gnh0000gn/T//ccNnwX4L.debug.temp.o
LOAD /var/folders/th/91gccdrx7m975kl4frrh3gnh0000gn/T//cc7Eq0I1.debug.temp.o
LOAD /var/folders/th/91gccdrx7m975kl4frrh3gnh0000gn/T//cckw17vX.debug.temp.o
LOAD /var/folders/th/91gccdrx7m975kl4frrh3gnh0000gn/T//ccKoaHHb.debug.temp.o
LOAD /var/folders/th/91gccdrx7m975kl4frrh3gnh0000gn/T//ccqR0doh.debug.temp.o
LOAD /var/folders/th/91gccdrx7m975kl4frrh3gnh0000gn/T//ccT7MLDc.debug.temp.o
LOAD /var/folders/th/91gccdrx7m975kl4frrh3gnh0000gn/T//ccjxiLO2.debug.temp.o
LOAD /var/folders/th/91gccdrx7m975kl4frrh3gnh0000gn/T//cctRRFxL.debug.temp.o
LOAD /var/folders/th/91gccdrx7m975kl4frrh3gnh0000gn/T//ccCO1b86.debug.temp.o
LOAD /var/folders/th/91gccdrx7m975kl4frrh3gnh0000gn/T//cccm2krv.debug.temp.o
LOAD /var/folders/th/91gccdrx7m975kl4frrh3gnh0000gn/T//ccbtYfIc.debug.temp.o
LOAD /var/folders/th/91gccdrx7m975kl4frrh3gnh0000gn/T//cclySSal.debug.temp.o
LOAD /var/folders/th/91gccdrx7m975kl4frrh3gnh0000gn/T//ccMtIoqD.debug.temp.o
LOAD /var/folders/th/91gccdrx7m975kl4frrh3gnh0000gn/T//ccCWcamN.debug.temp.o
LOAD /var/folders/th/91gccdrx7m975kl4frrh3gnh0000gn/T//cc3KcXoU.debug.temp.o
LOAD /var/folders/th/91gccdrx7m975kl4frrh3gnh0000gn/T//ccw1gD8S.debug.temp.o
LOAD /var/folders/th/91gccdrx7m975kl4frrh3gnh0000gn/T//ccCoMTPs.debug.temp.o
LOAD /var/folders/th/91gccdrx7m975kl4frrh3gnh0000gn/T//ccQ3MGDq.debug.temp.o
LOAD /var/folders/th/91gccdrx7m975kl4frrh3gnh0000gn/T//ccTxEjja.debug.temp.o
LOAD /var/folders/th/91gccdrx7m975kl4frrh3gnh0000gn/T//ccQX9fQ9.debug.temp.o
LOAD /var/folders/th/91gccdrx7m975kl4frrh3gnh0000gn/T//cciRL5dG.debug.temp.o
LOAD /var/folders/th/91gccdrx7m975kl4frrh3gnh0000gn/T//ccqos7i8.debug.temp.o
LOAD /var/folders/th/91gccdrx7m975kl4frrh3gnh0000gn/T//ccrUkNcC.debug.temp.o
LOAD /var/folders/th/91gccdrx7m975kl4frrh3gnh0000gn/T//cccDKOt3.debug.temp.o
LOAD /var/folders/th/91gccdrx7m975kl4frrh3gnh0000gn/T//ccu5T1EJ.debug.temp.o
LOAD /var/folders/th/91gccdrx7m975kl4frrh3gnh0000gn/T//ccsVEMCp.debug.temp.o
LOAD /var/folders/th/91gccdrx7m975kl4frrh3gnh0000gn/T//ccbYpUpz.debug.temp.o
LOAD /var/folders/th/91gccdrx7m975kl4frrh3gnh0000gn/T//ccrLjSVC.debug.temp.o
LOAD /var/folders/th/91gccdrx7m975kl4frrh3gnh0000gn/T//cch9AyU5.debug.temp.o
LOAD /var/folders/th/91gccdrx7m975kl4frrh3gnh0000gn/T//ccbKMMA0.debug.temp.o
LOAD /var/folders/th/91gccdrx7m975kl4frrh3gnh0000gn/T//ccqcPJ6d.debug.temp.o
LOAD /var/folders/th/91gccdrx7m975kl4frrh3gnh0000gn/T//ccIwh2JE.debug.temp.o
LOAD /var/folders/th/91gccdrx7m975kl4frrh3gnh0000gn/T//ccICgdk0.debug.temp.o
LOAD /var/folders/th/91gccdrx7m975kl4frrh3gnh0000gn/T//ccR6Kswj.debug.temp.o
LOAD /var/folders/th/91gccdrx7m975kl4frrh3gnh0000gn/T//ccWdpkzM.debug.temp.o
LOAD /var/folders/th/91gccdrx7m975kl4frrh3gnh0000gn/T//ccdAvXfn.debug.temp.o
LOAD /var/folders/th/91gccdrx7m975kl4frrh3gnh0000gn/T//ccgyb4uQ.debug.temp.o
LOAD /var/folders/th/91gccdrx7m975kl4frrh3gnh0000gn/T//cc56zSzf.debug.temp.o
LOAD /var/folders/th/91gccdrx7m975kl4frrh3gnh0000gn/T//ccy0hXUu.debug.temp.o
LOAD /var/folders/th/91gccdrx7m975kl4frrh3gnh0000gn/T//cc2OeIBG.debug.temp.o
LOAD /var/folders/th/91gccdrx7m975kl4frrh3gnh0000gn/T//ccI5FH2X.debug.temp.o
LOAD /var/folders/th/91gccdrx7m975kl4frrh3gnh0000gn/T//ccFyqhrh.debug.temp.o
LOAD /var/folders/th/91gccdrx7m975kl4frrh3gnh0000gn/T//ccGuYFWa.debug.temp.o
LOAD /var/folders/th/91gccdrx7m975kl4frrh3gnh0000gn/T//cczWfQM2.debug.temp.o
LOAD /var/folders/th/91gccdrx7m975kl4frrh3gnh0000gn/T//ccsjYdoj.debug.temp.o
LOAD /var/folders/th/91gccdrx7m975kl4frrh3gnh0000gn/T//ccIbapAC.debug.temp.o
LOAD /var/folders/th/91gccdrx7m975kl4frrh3gnh0000gn/T//cc9e2FVN.debug.temp.o
LOAD /var/folders/th/91gccdrx7m975kl4frrh3gnh0000gn/T//ccJThZyM.debug.temp.o
LOAD /var/folders/th/91gccdrx7m975kl4frrh3gnh0000gn/T//ccCkLCzE.debug.temp.o
LOAD /var/folders/th/91gccdrx7m975kl4frrh3gnh0000gn/T//ccbi3WYI.debug.temp.o
LOAD /var/folders/th/91gccdrx7m975kl4frrh3gnh0000gn/T//ccUwNq6J.debug.temp.o
LOAD /var/folders/th/91gccdrx7m975kl4frrh3gnh0000gn/T//ccH4NbbW.debug.temp.o
LOAD /var/folders/th/91gccdrx7m975kl4frrh3gnh0000gn/T//ccgk7fRa.debug.temp.o
LOAD /var/folders/th/91gccdrx7m975kl4frrh3gnh0000gn/T//ccJRti4v.debug.temp.o
LOAD /var/folders/th/91gccdrx7m975kl4frrh3gnh0000gn/T//ccemGkRK.debug.temp.o
LOAD /var/folders/th/91gccdrx7m975kl4frrh3gnh0000gn/T//ccvEIxP8.debug.temp.o
LOAD /var/folders/th/91gccdrx7m975kl4frrh3gnh0000gn/T//cc0iLEBL.debug.temp.o
LOAD /var/folders/th/91gccdrx7m975kl4frrh3gnh0000gn/T//ccSYTfLo.debug.temp.o
LOAD /var/folders/th/91gccdrx7m975kl4frrh3gnh0000gn/T//ccbdRJCZ.debug.temp.o
LOAD /var/folders/th/91gccdrx7m975kl4frrh3gnh0000gn/T//ccaXHO4F.debug.temp.o
LOAD /var/folders/th/91gccdrx7m975kl4frrh3gnh0000gn/T//ccvErZIT.debug.temp.o
LOAD /var/folders/th/91gccdrx7m975kl4frrh3gnh0000gn/T//ccPDfYyD.debug.temp.o
LOAD /var/folders/th/91gccdrx7m975kl4frrh3gnh0000gn/T//ccOdazLe.debug.temp.o
LOAD /var/folders/th/91gccdrx7m975kl4frrh3gnh0000gn/T//ccWKOItb.debug.temp.o
LOAD /var/folders/th/91gccdrx7m975kl4frrh3gnh0000gn/T//cc4qqi7R.debug.temp.o
LOAD /var/folders/th/91gccdrx7m975kl4frrh3gnh0000gn/T//ccdDDf5G.debug.temp.o
LOAD /var/folders/th/91gccdrx7m975kl4frrh3gnh0000gn/T//cccEFObi.debug.temp.o
LOAD /var/folders/th/91gccdrx7m975kl4frrh3gnh0000gn/T//ccuJIqKz.debug.temp.o
LOAD /var/folders/th/91gccdrx7m975kl4frrh3gnh0000gn/T//ccpa3ZEp.debug.temp.o
LOAD /var/folders/th/91gccdrx7m975kl4frrh3gnh0000gn/T//ccybj7Mq.debug.temp.o
LOAD /var/folders/th/91gccdrx7m975kl4frrh3gnh0000gn/T//ccIvMKJ3.debug.temp.o
LOAD /var/folders/th/91gccdrx7m975kl4frrh3gnh0000gn/T//cctWYMQ0.debug.temp.o
LOAD /var/folders/th/91gccdrx7m975kl4frrh3gnh0000gn/T//ccnRa4p5.debug.temp.o
LOAD /var/folders/th/91gccdrx7m975kl4frrh3gnh0000gn/T//cc7yjfww.debug.temp.o
LOAD /var/folders/th/91gccdrx7m975kl4frrh3gnh0000gn/T//ccEvhgFi.debug.temp.o
LOAD /var/folders/th/91gccdrx7m975kl4frrh3gnh0000gn/T//cc9A62Pb.debug.temp.o
                0x0000000000001000                STACKSIZE = 0x1000
                0x0000000000005000                HEAP_SIZE = 0x5000
                0x0000000000000000                PROVIDE (_intvecs_base_address = DEFINED (_intvecs_base_address)?_intvecs_base_address:0x0)

.intvecs        0x0000000000000000      0x140
 *(.intvecs)
 .intvecs       0x0000000000000000      0x140 /Users/rmc0mputer/ti/simplelink_msp432p4_sdk_3_40_01_02/kernel/nortos/lib/nortos_msp432p401x.am4fg(startup_msp432_gcc.om4fg)
                0x0000000000000000                interruptVectors
                0x0000000020000000                PROVIDE (_vtable_base_address = DEFINED (_vtable_base_address)?_vtable_base_address:0x20000000)

.vtable
 *(.vtable)

.text           0x0000000000000140    0x31300
 CREATE_OBJECT_SYMBOLS
 *(.text)
 .text          0x0000000000000140        0x0 /var/folders/th/91gccdrx7m975kl4frrh3gnh0000gn/T//TFL_therm_2.out.XjlNHU.ltrans0.ltrans.o
 .text          0x0000000000000140        0x0 /var/folders/th/91gccdrx7m975kl4frrh3gnh0000gn/T//TFL_therm_2.out.XjlNHU.ltrans1.ltrans.o
 .text          0x0000000000000140        0x0 /var/folders/th/91gccdrx7m975kl4frrh3gnh0000gn/T//TFL_therm_2.out.XjlNHU.ltrans2.ltrans.o
 .text          0x0000000000000140        0x0 /var/folders/th/91gccdrx7m975kl4frrh3gnh0000gn/T//TFL_therm_2.out.XjlNHU.ltrans3.ltrans.o
 .text          0x0000000000000140        0x0 /var/folders/th/91gccdrx7m975kl4frrh3gnh0000gn/T//TFL_therm_2.out.XjlNHU.ltrans4.ltrans.o
 .text          0x0000000000000140        0x0 /var/folders/th/91gccdrx7m975kl4frrh3gnh0000gn/T//TFL_therm_2.out.XjlNHU.ltrans5.ltrans.o
 .text          0x0000000000000140        0x0 /var/folders/th/91gccdrx7m975kl4frrh3gnh0000gn/T//TFL_therm_2.out.XjlNHU.ltrans6.ltrans.o
 .text          0x0000000000000140        0x0 /Users/rmc0mputer/ti/simplelink_msp432p4_sdk_3_40_01_02/source/ti/display/lib/display.am4fg(Display.om4fg)
 .text          0x0000000000000140        0x0 /Users/rmc0mputer/ti/simplelink_msp432p4_sdk_3_40_01_02/source/ti/display/lib/display.am4fg(DisplayUart.om4fg)
 .text          0x0000000000000140        0x0 /Users/rmc0mputer/ti/simplelink_msp432p4_sdk_3_40_01_02/source/ti/drivers/lib/drivers_msp432p401x.am4fg(GPIOMSP432.om4fg)
 .text          0x0000000000000140        0x0 /Users/rmc0mputer/ti/simplelink_msp432p4_sdk_3_40_01_02/source/ti/drivers/lib/drivers_msp432p401x.am4fg(PowerMSP432.om4fg)
 .text          0x0000000000000140        0x0 /Users/rmc0mputer/ti/simplelink_msp432p4_sdk_3_40_01_02/source/ti/drivers/lib/drivers_msp432p401x.am4fg(UART.om4fg)
 .text          0x0000000000000140        0x0 /Users/rmc0mputer/ti/simplelink_msp432p4_sdk_3_40_01_02/source/ti/drivers/lib/drivers_msp432p401x.am4fg(UARTMSP432.om4fg)
 .text          0x0000000000000140        0x0 /Users/rmc0mputer/ti/simplelink_msp432p4_sdk_3_40_01_02/source/ti/drivers/lib/drivers_msp432p401x.am4fg(List.om4fg)
 .text          0x0000000000000140        0x0 /Users/rmc0mputer/ti/simplelink_msp432p4_sdk_3_40_01_02/source/ti/drivers/lib/drivers_msp432p401x.am4fg(RingBuf.om4fg)
 .text          0x0000000000000140        0x0 /Users/rmc0mputer/ti/simplelink_msp432p4_sdk_3_40_01_02/kernel/nortos/lib/nortos_msp432p401x.am4fg(NoRTOS.om4fg)
 .text          0x0000000000000140        0x0 /Users/rmc0mputer/ti/simplelink_msp432p4_sdk_3_40_01_02/kernel/nortos/lib/nortos_msp432p401x.am4fg(SemaphoreP_nortos.om4fg)
 .text          0x0000000000000140        0x0 /Users/rmc0mputer/ti/simplelink_msp432p4_sdk_3_40_01_02/kernel/nortos/lib/nortos_msp432p401x.am4fg(SystemP_nortos.om4fg)
 .text          0x0000000000000140        0x0 /Users/rmc0mputer/ti/simplelink_msp432p4_sdk_3_40_01_02/kernel/nortos/lib/nortos_msp432p401x.am4fg(PowerMSP432_nortos.om4fg)
 .text          0x0000000000000140        0x0 /Users/rmc0mputer/ti/simplelink_msp432p4_sdk_3_40_01_02/kernel/nortos/lib/nortos_msp432p401x.am4fg(ClockPTimer_nortos.om4fg)
 .text          0x0000000000000140        0x0 /Users/rmc0mputer/ti/simplelink_msp432p4_sdk_3_40_01_02/kernel/nortos/lib/nortos_msp432p401x.am4fg(TimerPMSP432_nortos.om4fg)
 .text          0x0000000000000140        0x0 /Users/rmc0mputer/ti/simplelink_msp432p4_sdk_3_40_01_02/kernel/nortos/lib/nortos_msp432p401x.am4fg(HwiPMSP432_nortos.om4fg)
 .text          0x0000000000000140        0x0 /Users/rmc0mputer/ti/simplelink_msp432p4_sdk_3_40_01_02/kernel/nortos/lib/nortos_msp432p401x.am4fg(startup_msp432_gcc.om4fg)
 .text          0x0000000000000140        0x0 /Users/rmc0mputer/ti/simplelink_msp432p4_sdk_3_40_01_02/kernel/nortos/lib/nortos_msp432p401x.am4fg(QueueP_nortos.om4fg)
 .text          0x0000000000000140        0x0 /Users/rmc0mputer/ti/simplelink_msp432p4_sdk_3_40_01_02/kernel/nortos/lib/nortos_msp432p401x.am4fg(SwiP_nortos.om4fg)
 .text          0x0000000000000140        0x0 /Users/rmc0mputer/ti/simplelink_msp432p4_sdk_3_40_01_02/source/ti/devices/msp432p4xx/driverlib/gcc/msp432p4xx_driverlib.a(cs.o)
 .text          0x0000000000000140        0x0 /Users/rmc0mputer/ti/simplelink_msp432p4_sdk_3_40_01_02/source/ti/devices/msp432p4xx/driverlib/gcc/msp432p4xx_driverlib.a(interrupt.o)
 .text          0x0000000000000140        0x0 /Users/rmc0mputer/ti/simplelink_msp432p4_sdk_3_40_01_02/source/ti/devices/msp432p4xx/driverlib/gcc/msp432p4xx_driverlib.a(sysctl.o)
 .text          0x0000000000000140        0x0 /Users/rmc0mputer/ti/simplelink_msp432p4_sdk_3_40_01_02/source/ti/devices/msp432p4xx/driverlib/gcc/msp432p4xx_driverlib.a(sysctl_a.o)
 .text          0x0000000000000140        0x0 /Users/rmc0mputer/ti/simplelink_msp432p4_sdk_3_40_01_02/source/ti/devices/msp432p4xx/driverlib/gcc/msp432p4xx_driverlib.a(uart.o)
 .text          0x0000000000000140        0x0 /Users/rmc0mputer/ti/simplelink_msp432p4_sdk_3_40_01_02/source/ti/devices/msp432p4xx/driverlib/gcc/msp432p4xx_driverlib.a(cpu.o)
 .text          0x0000000000000140      0x254 /Applications/ti/ccs1220/ccs/tools/compiler/gcc-arm-none-eabi-9-2019-q4-major/bin/../lib/gcc/arm-none-eabi/9.2.1/thumb/v7e-m+fp/hard/libgcc.a(_arm_muldf3.o)
 .text          0x0000000000000394      0x378 /Applications/ti/ccs1220/ccs/tools/compiler/gcc-arm-none-eabi-9-2019-q4-major/bin/../lib/gcc/arm-none-eabi/9.2.1/thumb/v7e-m+fp/hard/libgcc.a(_arm_addsubdf3.o)
                0x0000000000000394                __aeabi_drsub
                0x000000000000039c                __aeabi_dsub
                0x000000000000039c                __subdf3
                0x00000000000003a0                __adddf3
                0x00000000000003a0                __aeabi_dadd
                0x0000000000000618                __floatunsidf
                0x0000000000000618                __aeabi_ui2d
                0x0000000000000638                __aeabi_i2d
                0x0000000000000638                __floatsidf
                0x000000000000065c                __extendsfdf2
                0x000000000000065c                __aeabi_f2d
                0x00000000000006a0                __aeabi_ul2d
                0x00000000000006a0                __floatundidf
                0x00000000000006b0                __floatdidf
                0x00000000000006b0                __aeabi_l2d
 .text          0x000000000000070c      0x110 /Applications/ti/ccs1220/ccs/tools/compiler/gcc-arm-none-eabi-9-2019-q4-major/bin/../lib/gcc/arm-none-eabi/9.2.1/thumb/v7e-m+fp/hard/libgcc.a(_arm_cmpdf2.o)
                0x000000000000070c                __gtdf2
                0x000000000000070c                __gedf2
                0x0000000000000714                __ledf2
                0x0000000000000714                __ltdf2
                0x000000000000071c                __eqdf2
                0x000000000000071c                __cmpdf2
                0x000000000000071c                __nedf2
                0x0000000000000798                __aeabi_cdrcmple
                0x00000000000007a8                __aeabi_cdcmpeq
                0x00000000000007a8                __aeabi_cdcmple
                0x00000000000007b8                __aeabi_dcmpeq
                0x00000000000007cc                __aeabi_dcmplt
                0x00000000000007e0                __aeabi_dcmple
                0x00000000000007f4                __aeabi_dcmpge
                0x0000000000000808                __aeabi_dcmpgt
 .text          0x000000000000081c       0x50 /Applications/ti/ccs1220/ccs/tools/compiler/gcc-arm-none-eabi-9-2019-q4-major/bin/../lib/gcc/arm-none-eabi/9.2.1/thumb/v7e-m+fp/hard/libgcc.a(_arm_fixdfsi.o)
                0x000000000000081c                __aeabi_d2iz
                0x000000000000081c                __fixdfsi
 .text          0x000000000000086c       0x40 /Applications/ti/ccs1220/ccs/tools/compiler/gcc-arm-none-eabi-9-2019-q4-major/bin/../lib/gcc/arm-none-eabi/9.2.1/thumb/v7e-m+fp/hard/libgcc.a(_arm_fixunsdfsi.o)
                0x000000000000086c                __aeabi_d2uiz
                0x000000000000086c                __fixunsdfsi
 .text          0x00000000000008ac       0xa0 /Applications/ti/ccs1220/ccs/tools/compiler/gcc-arm-none-eabi-9-2019-q4-major/bin/../lib/gcc/arm-none-eabi/9.2.1/thumb/v7e-m+fp/hard/libgcc.a(_aeabi_ldivmod.o)
                0x00000000000008ac                __aeabi_ldivmod
 .text          0x000000000000094c       0x30 /Applications/ti/ccs1220/ccs/tools/compiler/gcc-arm-none-eabi-9-2019-q4-major/bin/../lib/gcc/arm-none-eabi/9.2.1/thumb/v7e-m+fp/hard/libgcc.a(_aeabi_uldivmod.o)
                0x000000000000094c                __aeabi_uldivmod
 .text          0x000000000000097c      0x2c4 /Applications/ti/ccs1220/ccs/tools/compiler/gcc-arm-none-eabi-9-2019-q4-major/bin/../lib/gcc/arm-none-eabi/9.2.1/thumb/v7e-m+fp/hard/libgcc.a(_udivmoddi4.o)
                0x000000000000097c                __udivmoddi4
 .text          0x0000000000000c40        0x4 /Applications/ti/ccs1220/ccs/tools/compiler/gcc-arm-none-eabi-9-2019-q4-major/bin/../lib/gcc/arm-none-eabi/9.2.1/thumb/v7e-m+fp/hard/libgcc.a(_dvmd_tls.o)
                0x0000000000000c40                __aeabi_ldiv0
                0x0000000000000c40                __aeabi_idiv0
 .text          0x0000000000000c44       0x18 /Applications/ti/ccs1220/ccs/tools/compiler/gcc-arm-none-eabi-9-2019-q4-major/bin/../lib/gcc/arm-none-eabi/9.2.1/thumb/v7e-m+fp/hard/libgcc.a(_clrsbsi2.o)
                0x0000000000000c44                __clrsbsi2
 .text          0x0000000000000c5c       0x30 /Applications/ti/ccs1220/ccs/tools/compiler/gcc-arm-none-eabi-9-2019-q4-major/bin/../lib/gcc/arm-none-eabi/9.2.1/thumb/v7e-m+fp/hard/libgcc.a(_fixdfdi.o)
                0x0000000000000c5c                __fixdfdi
                0x0000000000000c5c                __aeabi_d2lz
 .text          0x0000000000000c8c       0x3c /Applications/ti/ccs1220/ccs/tools/compiler/gcc-arm-none-eabi-9-2019-q4-major/bin/../lib/gcc/arm-none-eabi/9.2.1/thumb/v7e-m+fp/hard/libgcc.a(_fixunsdfdi.o)
                0x0000000000000c8c                __aeabi_d2ulz
                0x0000000000000c8c                __fixunsdfdi
 .text          0x0000000000000cc8        0x0 /Applications/ti/ccs1220/ccs/tools/compiler/gcc-arm-none-eabi-9-2019-q4-major/bin/../lib/gcc/arm-none-eabi/9.2.1/../../../../arm-none-eabi/lib/thumb/v7e-m+fp/hard/libc_nano.a(lib_a-aeabi_atexit.o)
 .text          0x0000000000000cc8        0x0 /Applications/ti/ccs1220/ccs/tools/compiler/gcc-arm-none-eabi-9-2019-q4-major/bin/../lib/gcc/arm-none-eabi/9.2.1/../../../../arm-none-eabi/lib/thumb/v7e-m+fp/hard/libc_nano.a(lib_a-bsearch.o)
 .text          0x0000000000000cc8        0x0 /Applications/ti/ccs1220/ccs/tools/compiler/gcc-arm-none-eabi-9-2019-q4-major/bin/../lib/gcc/arm-none-eabi/9.2.1/../../../../arm-none-eabi/lib/thumb/v7e-m+fp/hard/libc_nano.a(lib_a-cxa_atexit.o)
 .text          0x0000000000000cc8        0x0 /Applications/ti/ccs1220/ccs/tools/compiler/gcc-arm-none-eabi-9-2019-q4-major/bin/../lib/gcc/arm-none-eabi/9.2.1/../../../../arm-none-eabi/lib/thumb/v7e-m+fp/hard/libc_nano.a(lib_a-errno.o)
 .text          0x0000000000000cc8        0x0 /Applications/ti/ccs1220/ccs/tools/compiler/gcc-arm-none-eabi-9-2019-q4-major/bin/../lib/gcc/arm-none-eabi/9.2.1/../../../../arm-none-eabi/lib/thumb/v7e-m+fp/hard/libc_nano.a(lib_a-impure.o)
 .text          0x0000000000000cc8        0x0 /Applications/ti/ccs1220/ccs/tools/compiler/gcc-arm-none-eabi-9-2019-q4-major/bin/../lib/gcc/arm-none-eabi/9.2.1/../../../../arm-none-eabi/lib/thumb/v7e-m+fp/hard/libc_nano.a(lib_a-malloc.o)
 .text          0x0000000000000cc8        0x0 /Applications/ti/ccs1220/ccs/tools/compiler/gcc-arm-none-eabi-9-2019-q4-major/bin/../lib/gcc/arm-none-eabi/9.2.1/../../../../arm-none-eabi/lib/thumb/v7e-m+fp/hard/libc_nano.a(lib_a-nano-freer.o)
 .text          0x0000000000000cc8        0x0 /Applications/ti/ccs1220/ccs/tools/compiler/gcc-arm-none-eabi-9-2019-q4-major/bin/../lib/gcc/arm-none-eabi/9.2.1/../../../../arm-none-eabi/lib/thumb/v7e-m+fp/hard/libc_nano.a(lib_a-nano-mallocr.o)
 .text          0x0000000000000cc8        0x0 /Applications/ti/ccs1220/ccs/tools/compiler/gcc-arm-none-eabi-9-2019-q4-major/bin/../lib/gcc/arm-none-eabi/9.2.1/../../../../arm-none-eabi/lib/thumb/v7e-m+fp/hard/libc_nano.a(lib_a-on_exit_args.o)
 .text          0x0000000000000cc8        0x0 /Applications/ti/ccs1220/ccs/tools/compiler/gcc-arm-none-eabi-9-2019-q4-major/bin/../lib/gcc/arm-none-eabi/9.2.1/../../../../arm-none-eabi/lib/thumb/v7e-m+fp/hard/libc_nano.a(lib_a-s_frexp.o)
 .text          0x0000000000000cc8        0x0 /Applications/ti/ccs1220/ccs/tools/compiler/gcc-arm-none-eabi-9-2019-q4-major/bin/../lib/gcc/arm-none-eabi/9.2.1/../../../../arm-none-eabi/lib/thumb/v7e-m+fp/hard/libc_nano.a(lib_a-sbrkr.o)
 .text          0x0000000000000cc8       0x10 /Applications/ti/ccs1220/ccs/tools/compiler/gcc-arm-none-eabi-9-2019-q4-major/bin/../lib/gcc/arm-none-eabi/9.2.1/../../../../arm-none-eabi/lib/thumb/v7e-m+fp/hard/libc_nano.a(lib_a-strlen.o)
                0x0000000000000cc8                strlen
 .text          0x0000000000000cd8        0x0 /Applications/ti/ccs1220/ccs/tools/compiler/gcc-arm-none-eabi-9-2019-q4-major/bin/../lib/gcc/arm-none-eabi/9.2.1/../../../../arm-none-eabi/lib/thumb/v7e-m+fp/hard/libc_nano.a(lib_a-strtoll.o)
 .text          0x0000000000000cd8        0x0 /Applications/ti/ccs1220/ccs/tools/compiler/gcc-arm-none-eabi-9-2019-q4-major/bin/../lib/gcc/arm-none-eabi/9.2.1/../../../../arm-none-eabi/lib/thumb/v7e-m+fp/hard/libc_nano.a(lib_a-strtoull.o)
 .text          0x0000000000000cd8        0x0 /Applications/ti/ccs1220/ccs/tools/compiler/gcc-arm-none-eabi-9-2019-q4-major/bin/../lib/gcc/arm-none-eabi/9.2.1/../../../../arm-none-eabi/lib/thumb/v7e-m+fp/hard/libc_nano.a(lib_a-ctype_.o)
 .text          0x0000000000000cd8        0x0 /Applications/ti/ccs1220/ccs/tools/compiler/gcc-arm-none-eabi-9-2019-q4-major/bin/../lib/gcc/arm-none-eabi/9.2.1/../../../../arm-none-eabi/lib/thumb/v7e-m+fp/hard/libc_nano.a(lib_a-mlock.o)
 .text          0x0000000000000cd8        0x0 /Applications/ti/ccs1220/ccs/tools/compiler/gcc-arm-none-eabi-9-2019-q4-major/bin/../lib/gcc/arm-none-eabi/9.2.1/../../../../arm-none-eabi/lib/thumb/v7e-m+fp/hard/libc_nano.a(lib_a-reent.o)
 .text          0x0000000000000cd8        0x0 /Applications/ti/ccs1220/ccs/tools/compiler/gcc-arm-none-eabi-9-2019-q4-major/bin/../lib/gcc/arm-none-eabi/9.2.1/../../../../arm-none-eabi/lib/thumb/v7e-m+fp/hard/libc_nano.a(lib_a-lock.o)
 .text          0x0000000000000cd8        0x0 /Applications/ti/ccs1220/ccs/tools/compiler/gcc-arm-none-eabi-9-2019-q4-major/bin/../lib/gcc/arm-none-eabi/9.2.1/../../../../arm-none-eabi/lib/thumb/v7e-m+fp/hard/libc_nano.a(lib_a-memcmp.o)
 .text          0x0000000000000cd8        0x0 /Applications/ti/ccs1220/ccs/tools/compiler/gcc-arm-none-eabi-9-2019-q4-major/bin/../lib/gcc/arm-none-eabi/9.2.1/../../../../arm-none-eabi/lib/thumb/v7e-m+fp/hard/libc_nano.a(lib_a-memcpy-stub.o)
 .text          0x0000000000000cd8        0x0 /Applications/ti/ccs1220/ccs/tools/compiler/gcc-arm-none-eabi-9-2019-q4-major/bin/../lib/gcc/arm-none-eabi/9.2.1/../../../../arm-none-eabi/lib/thumb/v7e-m+fp/hard/libc_nano.a(lib_a-memmove.o)
 .text          0x0000000000000cd8        0x0 /Applications/ti/ccs1220/ccs/tools/compiler/gcc-arm-none-eabi-9-2019-q4-major/bin/../lib/gcc/arm-none-eabi/9.2.1/../../../../arm-none-eabi/lib/thumb/v7e-m+fp/hard/libc_nano.a(lib_a-memset.o)
 .text          0x0000000000000cd8       0x14 /Applications/ti/ccs1220/ccs/tools/compiler/gcc-arm-none-eabi-9-2019-q4-major/bin/../lib/gcc/arm-none-eabi/9.2.1/../../../../arm-none-eabi/lib/thumb/v7e-m+fp/hard/libc_nano.a(lib_a-strcmp.o)
                0x0000000000000cd8                strcmp
 .text          0x0000000000000cec        0x0 /Applications/ti/ccs1220/ccs/tools/compiler/gcc-arm-none-eabi-9-2019-q4-major/bin/../lib/gcc/arm-none-eabi/9.2.1/../../../../arm-none-eabi/lib/thumb/v7e-m+fp/hard/libc_nano.a(lib_a-strncmp.o)
 .text          0x0000000000000cec        0x0 /Applications/ti/ccs1220/ccs/tools/compiler/gcc-arm-none-eabi-9-2019-q4-major/bin/../lib/gcc/arm-none-eabi/9.2.1/../../../../arm-none-eabi/lib/thumb/v7e-m+fp/hard/libm.a(lib_a-s_cos.o)
 .text          0x0000000000000cec        0x0 /Applications/ti/ccs1220/ccs/tools/compiler/gcc-arm-none-eabi-9-2019-q4-major/bin/../lib/gcc/arm-none-eabi/9.2.1/../../../../arm-none-eabi/lib/thumb/v7e-m+fp/hard/libm.a(lib_a-s_floor.o)
 .text          0x0000000000000cec        0x0 /Applications/ti/ccs1220/ccs/tools/compiler/gcc-arm-none-eabi-9-2019-q4-major/bin/../lib/gcc/arm-none-eabi/9.2.1/../../../../arm-none-eabi/lib/thumb/v7e-m+fp/hard/libm.a(lib_a-s_log1p.o)
 .text          0x0000000000000cec        0x0 /Applications/ti/ccs1220/ccs/tools/compiler/gcc-arm-none-eabi-9-2019-q4-major/bin/../lib/gcc/arm-none-eabi/9.2.1/../../../../arm-none-eabi/lib/thumb/v7e-m+fp/hard/libm.a(lib_a-s_round.o)
 .text          0x0000000000000cec        0x0 /Applications/ti/ccs1220/ccs/tools/compiler/gcc-arm-none-eabi-9-2019-q4-major/bin/../lib/gcc/arm-none-eabi/9.2.1/../../../../arm-none-eabi/lib/thumb/v7e-m+fp/hard/libm.a(lib_a-s_sin.o)
 .text          0x0000000000000cec        0x0 /Applications/ti/ccs1220/ccs/tools/compiler/gcc-arm-none-eabi-9-2019-q4-major/bin/../lib/gcc/arm-none-eabi/9.2.1/../../../../arm-none-eabi/lib/thumb/v7e-m+fp/hard/libm.a(lib_a-sf_ceil.o)
 .text          0x0000000000000cec        0x0 /Applications/ti/ccs1220/ccs/tools/compiler/gcc-arm-none-eabi-9-2019-q4-major/bin/../lib/gcc/arm-none-eabi/9.2.1/../../../../arm-none-eabi/lib/thumb/v7e-m+fp/hard/libm.a(lib_a-sf_cos.o)
 .text          0x0000000000000cec        0x0 /Applications/ti/ccs1220/ccs/tools/compiler/gcc-arm-none-eabi-9-2019-q4-major/bin/../lib/gcc/arm-none-eabi/9.2.1/../../../../arm-none-eabi/lib/thumb/v7e-m+fp/hard/libm.a(lib_a-sf_expm1.o)
 .text          0x0000000000000cec        0x0 /Applications/ti/ccs1220/ccs/tools/compiler/gcc-arm-none-eabi-9-2019-q4-major/bin/../lib/gcc/arm-none-eabi/9.2.1/../../../../arm-none-eabi/lib/thumb/v7e-m+fp/hard/libm.a(lib_a-sf_floor.o)
 .text          0x0000000000000cec        0x0 /Applications/ti/ccs1220/ccs/tools/compiler/gcc-arm-none-eabi-9-2019-q4-major/bin/../lib/gcc/arm-none-eabi/9.2.1/../../../../arm-none-eabi/lib/thumb/v7e-m+fp/hard/libm.a(lib_a-sf_fmax.o)
 .text          0x0000000000000cec        0x0 /Applications/ti/ccs1220/ccs/tools/compiler/gcc-arm-none-eabi-9-2019-q4-major/bin/../lib/gcc/arm-none-eabi/9.2.1/../../../../arm-none-eabi/lib/thumb/v7e-m+fp/hard/libm.a(lib_a-sf_fmin.o)
 .text          0x0000000000000cec        0x0 /Applications/ti/ccs1220/ccs/tools/compiler/gcc-arm-none-eabi-9-2019-q4-major/bin/../lib/gcc/arm-none-eabi/9.2.1/../../../../arm-none-eabi/lib/thumb/v7e-m+fp/hard/libm.a(lib_a-sf_fpclassify.o)
 .text          0x0000000000000cec        0x0 /Applications/ti/ccs1220/ccs/tools/compiler/gcc-arm-none-eabi-9-2019-q4-major/bin/../lib/gcc/arm-none-eabi/9.2.1/../../../../arm-none-eabi/lib/thumb/v7e-m+fp/hard/libm.a(lib_a-sf_round.o)
 .text          0x0000000000000cec        0x0 /Applications/ti/ccs1220/ccs/tools/compiler/gcc-arm-none-eabi-9-2019-q4-major/bin/../lib/gcc/arm-none-eabi/9.2.1/../../../../arm-none-eabi/lib/thumb/v7e-m+fp/hard/libm.a(lib_a-sf_sin.o)
 .text          0x0000000000000cec        0x0 /Applications/ti/ccs1220/ccs/tools/compiler/gcc-arm-none-eabi-9-2019-q4-major/bin/../lib/gcc/arm-none-eabi/9.2.1/../../../../arm-none-eabi/lib/thumb/v7e-m+fp/hard/libm.a(lib_a-sf_tanh.o)
 .text          0x0000000000000cec        0x0 /Applications/ti/ccs1220/ccs/tools/compiler/gcc-arm-none-eabi-9-2019-q4-major/bin/../lib/gcc/arm-none-eabi/9.2.1/../../../../arm-none-eabi/lib/thumb/v7e-m+fp/hard/libm.a(lib_a-w_exp.o)
 .text          0x0000000000000cec        0x0 /Applications/ti/ccs1220/ccs/tools/compiler/gcc-arm-none-eabi-9-2019-q4-major/bin/../lib/gcc/arm-none-eabi/9.2.1/../../../../arm-none-eabi/lib/thumb/v7e-m+fp/hard/libm.a(lib_a-w_pow.o)
 .text          0x0000000000000cec        0x0 /Applications/ti/ccs1220/ccs/tools/compiler/gcc-arm-none-eabi-9-2019-q4-major/bin/../lib/gcc/arm-none-eabi/9.2.1/../../../../arm-none-eabi/lib/thumb/v7e-m+fp/hard/libm.a(lib_a-w_sqrt.o)
 .text          0x0000000000000cec        0x0 /Applications/ti/ccs1220/ccs/tools/compiler/gcc-arm-none-eabi-9-2019-q4-major/bin/../lib/gcc/arm-none-eabi/9.2.1/../../../../arm-none-eabi/lib/thumb/v7e-m+fp/hard/libm.a(lib_a-wf_exp.o)
 .text          0x0000000000000cec        0x0 /Applications/ti/ccs1220/ccs/tools/compiler/gcc-arm-none-eabi-9-2019-q4-major/bin/../lib/gcc/arm-none-eabi/9.2.1/../../../../arm-none-eabi/lib/thumb/v7e-m+fp/hard/libm.a(lib_a-wf_fmod.o)
 .text          0x0000000000000cec        0x0 /Applications/ti/ccs1220/ccs/tools/compiler/gcc-arm-none-eabi-9-2019-q4-major/bin/../lib/gcc/arm-none-eabi/9.2.1/../../../../arm-none-eabi/lib/thumb/v7e-m+fp/hard/libm.a(lib_a-wf_log.o)
 .text          0x0000000000000cec        0x0 /Applications/ti/ccs1220/ccs/tools/compiler/gcc-arm-none-eabi-9-2019-q4-major/bin/../lib/gcc/arm-none-eabi/9.2.1/../../../../arm-none-eabi/lib/thumb/v7e-m+fp/hard/libm.a(lib_a-wf_pow.o)
 .text          0x0000000000000cec        0x0 /Applications/ti/ccs1220/ccs/tools/compiler/gcc-arm-none-eabi-9-2019-q4-major/bin/../lib/gcc/arm-none-eabi/9.2.1/../../../../arm-none-eabi/lib/thumb/v7e-m+fp/hard/libm.a(lib_a-wf_sqrt.o)
 .text          0x0000000000000cec        0x0 /Applications/ti/ccs1220/ccs/tools/compiler/gcc-arm-none-eabi-9-2019-q4-major/bin/../lib/gcc/arm-none-eabi/9.2.1/../../../../arm-none-eabi/lib/thumb/v7e-m+fp/hard/libm.a(lib_a-e_exp.o)
 .text          0x0000000000000cec        0x0 /Applications/ti/ccs1220/ccs/tools/compiler/gcc-arm-none-eabi-9-2019-q4-major/bin/../lib/gcc/arm-none-eabi/9.2.1/../../../../arm-none-eabi/lib/thumb/v7e-m+fp/hard/libm.a(lib_a-e_pow.o)
 .text          0x0000000000000cec        0x0 /Applications/ti/ccs1220/ccs/tools/compiler/gcc-arm-none-eabi-9-2019-q4-major/bin/../lib/gcc/arm-none-eabi/9.2.1/../../../../arm-none-eabi/lib/thumb/v7e-m+fp/hard/libm.a(lib_a-e_rem_pio2.o)
 .text          0x0000000000000cec        0x0 /Applications/ti/ccs1220/ccs/tools/compiler/gcc-arm-none-eabi-9-2019-q4-major/bin/../lib/gcc/arm-none-eabi/9.2.1/../../../../arm-none-eabi/lib/thumb/v7e-m+fp/hard/libm.a(lib_a-e_sqrt.o)
 .text          0x0000000000000cec        0x0 /Applications/ti/ccs1220/ccs/tools/compiler/gcc-arm-none-eabi-9-2019-q4-major/bin/../lib/gcc/arm-none-eabi/9.2.1/../../../../arm-none-eabi/lib/thumb/v7e-m+fp/hard/libm.a(lib_a-ef_exp.o)
 .text          0x0000000000000cec        0x0 /Applications/ti/ccs1220/ccs/tools/compiler/gcc-arm-none-eabi-9-2019-q4-major/bin/../lib/gcc/arm-none-eabi/9.2.1/../../../../arm-none-eabi/lib/thumb/v7e-m+fp/hard/libm.a(lib_a-ef_fmod.o)
 .text          0x0000000000000cec        0x0 /Applications/ti/ccs1220/ccs/tools/compiler/gcc-arm-none-eabi-9-2019-q4-major/bin/../lib/gcc/arm-none-eabi/9.2.1/../../../../arm-none-eabi/lib/thumb/v7e-m+fp/hard/libm.a(lib_a-ef_log.o)
 .text          0x0000000000000cec        0x0 /Applications/ti/ccs1220/ccs/tools/compiler/gcc-arm-none-eabi-9-2019-q4-major/bin/../lib/gcc/arm-none-eabi/9.2.1/../../../../arm-none-eabi/lib/thumb/v7e-m+fp/hard/libm.a(lib_a-ef_pow.o)
 .text          0x0000000000000cec        0x0 /Applications/ti/ccs1220/ccs/tools/compiler/gcc-arm-none-eabi-9-2019-q4-major/bin/../lib/gcc/arm-none-eabi/9.2.1/../../../../arm-none-eabi/lib/thumb/v7e-m+fp/hard/libm.a(lib_a-ef_rem_pio2.o)
 .text          0x0000000000000cec        0x0 /Applications/ti/ccs1220/ccs/tools/compiler/gcc-arm-none-eabi-9-2019-q4-major/bin/../lib/gcc/arm-none-eabi/9.2.1/../../../../arm-none-eabi/lib/thumb/v7e-m+fp/hard/libm.a(lib_a-ef_sqrt.o)
 .text          0x0000000000000cec        0x0 /Applications/ti/ccs1220/ccs/tools/compiler/gcc-arm-none-eabi-9-2019-q4-major/bin/../lib/gcc/arm-none-eabi/9.2.1/../../../../arm-none-eabi/lib/thumb/v7e-m+fp/hard/libm.a(lib_a-k_cos.o)
 .text          0x0000000000000cec        0x0 /Applications/ti/ccs1220/ccs/tools/compiler/gcc-arm-none-eabi-9-2019-q4-major/bin/../lib/gcc/arm-none-eabi/9.2.1/../../../../arm-none-eabi/lib/thumb/v7e-m+fp/hard/libm.a(lib_a-k_rem_pio2.o)
 .text          0x0000000000000cec        0x0 /Applications/ti/ccs1220/ccs/tools/compiler/gcc-arm-none-eabi-9-2019-q4-major/bin/../lib/gcc/arm-none-eabi/9.2.1/../../../../arm-none-eabi/lib/thumb/v7e-m+fp/hard/libm.a(lib_a-k_sin.o)
 .text          0x0000000000000cec        0x0 /Applications/ti/ccs1220/ccs/tools/compiler/gcc-arm-none-eabi-9-2019-q4-major/bin/../lib/gcc/arm-none-eabi/9.2.1/../../../../arm-none-eabi/lib/thumb/v7e-m+fp/hard/libm.a(lib_a-kf_cos.o)
 .text          0x0000000000000cec        0x0 /Applications/ti/ccs1220/ccs/tools/compiler/gcc-arm-none-eabi-9-2019-q4-major/bin/../lib/gcc/arm-none-eabi/9.2.1/../../../../arm-none-eabi/lib/thumb/v7e-m+fp/hard/libm.a(lib_a-kf_rem_pio2.o)
 .text          0x0000000000000cec        0x0 /Applications/ti/ccs1220/ccs/tools/compiler/gcc-arm-none-eabi-9-2019-q4-major/bin/../lib/gcc/arm-none-eabi/9.2.1/../../../../arm-none-eabi/lib/thumb/v7e-m+fp/hard/libm.a(lib_a-kf_sin.o)
 .text          0x0000000000000cec        0x0 /Applications/ti/ccs1220/ccs/tools/compiler/gcc-arm-none-eabi-9-2019-q4-major/bin/../lib/gcc/arm-none-eabi/9.2.1/../../../../arm-none-eabi/lib/thumb/v7e-m+fp/hard/libm.a(lib_a-s_fabs.o)
 .text          0x0000000000000cec        0x0 /Applications/ti/ccs1220/ccs/tools/compiler/gcc-arm-none-eabi-9-2019-q4-major/bin/../lib/gcc/arm-none-eabi/9.2.1/../../../../arm-none-eabi/lib/thumb/v7e-m+fp/hard/libm.a(lib_a-s_finite.o)
 .text          0x0000000000000cec        0x0 /Applications/ti/ccs1220/ccs/tools/compiler/gcc-arm-none-eabi-9-2019-q4-major/bin/../lib/gcc/arm-none-eabi/9.2.1/../../../../arm-none-eabi/lib/thumb/v7e-m+fp/hard/libm.a(lib_a-s_lib_ver.o)
 .text          0x0000000000000cec        0x0 /Applications/ti/ccs1220/ccs/tools/compiler/gcc-arm-none-eabi-9-2019-q4-major/bin/../lib/gcc/arm-none-eabi/9.2.1/../../../../arm-none-eabi/lib/thumb/v7e-m+fp/hard/libm.a(lib_a-s_matherr.o)
 .text          0x0000000000000cec        0x0 /Applications/ti/ccs1220/ccs/tools/compiler/gcc-arm-none-eabi-9-2019-q4-major/bin/../lib/gcc/arm-none-eabi/9.2.1/../../../../arm-none-eabi/lib/thumb/v7e-m+fp/hard/libm.a(lib_a-s_nan.o)
 .text          0x0000000000000cec        0x0 /Applications/ti/ccs1220/ccs/tools/compiler/gcc-arm-none-eabi-9-2019-q4-major/bin/../lib/gcc/arm-none-eabi/9.2.1/../../../../arm-none-eabi/lib/thumb/v7e-m+fp/hard/libm.a(lib_a-s_rint.o)
 .text          0x0000000000000cec        0x0 /Applications/ti/ccs1220/ccs/tools/compiler/gcc-arm-none-eabi-9-2019-q4-major/bin/../lib/gcc/arm-none-eabi/9.2.1/../../../../arm-none-eabi/lib/thumb/v7e-m+fp/hard/libm.a(lib_a-s_scalbn.o)
 .text          0x0000000000000cec        0x0 /Applications/ti/ccs1220/ccs/tools/compiler/gcc-arm-none-eabi-9-2019-q4-major/bin/../lib/gcc/arm-none-eabi/9.2.1/../../../../arm-none-eabi/lib/thumb/v7e-m+fp/hard/libm.a(lib_a-sf_fabs.o)
 .text          0x0000000000000cec        0x0 /Applications/ti/ccs1220/ccs/tools/compiler/gcc-arm-none-eabi-9-2019-q4-major/bin/../lib/gcc/arm-none-eabi/9.2.1/../../../../arm-none-eabi/lib/thumb/v7e-m+fp/hard/libm.a(lib_a-sf_finite.o)
 .text          0x0000000000000cec        0x0 /Applications/ti/ccs1220/ccs/tools/compiler/gcc-arm-none-eabi-9-2019-q4-major/bin/../lib/gcc/arm-none-eabi/9.2.1/../../../../arm-none-eabi/lib/thumb/v7e-m+fp/hard/libm.a(lib_a-sf_nan.o)
 .text          0x0000000000000cec        0x0 /Applications/ti/ccs1220/ccs/tools/compiler/gcc-arm-none-eabi-9-2019-q4-major/bin/../lib/gcc/arm-none-eabi/9.2.1/../../../../arm-none-eabi/lib/thumb/v7e-m+fp/hard/libm.a(lib_a-sf_rint.o)
 .text          0x0000000000000cec        0x0 /Applications/ti/ccs1220/ccs/tools/compiler/gcc-arm-none-eabi-9-2019-q4-major/bin/../lib/gcc/arm-none-eabi/9.2.1/../../../../arm-none-eabi/lib/thumb/v7e-m+fp/hard/libm.a(lib_a-sf_scalbn.o)
 .text          0x0000000000000cec        0x0 /Applications/ti/ccs1220/ccs/tools/compiler/gcc-arm-none-eabi-9-2019-q4-major/bin/../lib/gcc/arm-none-eabi/9.2.1/../../../../arm-none-eabi/lib/thumb/v7e-m+fp/hard/libnosys.a(sbrk.o)
 .text          0x0000000000000cec        0x0 /Applications/ti/ccs1220/ccs/tools/compiler/gcc-arm-none-eabi-9-2019-q4-major/bin/../lib/gcc/arm-none-eabi/9.2.1/../../../../arm-none-eabi/lib/thumb/v7e-m+fp/hard/libnosys.a(getpid.o)
 .text          0x0000000000000cec        0x0 /Applications/ti/ccs1220/ccs/tools/compiler/gcc-arm-none-eabi-9-2019-q4-major/bin/../lib/gcc/arm-none-eabi/9.2.1/../../../../arm-none-eabi/lib/thumb/v7e-m+fp/hard/libnosys.a(kill.o)
 .text          0x0000000000000cec        0x0 /Applications/ti/ccs1220/ccs/tools/compiler/gcc-arm-none-eabi-9-2019-q4-major/bin/../lib/gcc/arm-none-eabi/9.2.1/../../../../arm-none-eabi/lib/thumb/v7e-m+fp/hard/libnosys.a(_exit.o)
 .text          0x0000000000000cec        0x0 /Applications/ti/ccs1220/ccs/tools/compiler/gcc-arm-none-eabi-9-2019-q4-major/bin/../lib/gcc/arm-none-eabi/9.2.1/../../../../arm-none-eabi/lib/thumb/v7e-m+fp/hard/libstdc++_nano.a(del_op.o)
 .text          0x0000000000000cec        0x0 /Applications/ti/ccs1220/ccs/tools/compiler/gcc-arm-none-eabi-9-2019-q4-major/bin/../lib/gcc/arm-none-eabi/9.2.1/../../../../arm-none-eabi/lib/thumb/v7e-m+fp/hard/libstdc++_nano.a(del_opv.o)
 .text          0x0000000000000cec        0x0 /Applications/ti/ccs1220/ccs/tools/compiler/gcc-arm-none-eabi-9-2019-q4-major/bin/../lib/gcc/arm-none-eabi/9.2.1/../../../../arm-none-eabi/lib/thumb/v7e-m+fp/hard/libstdc++_nano.a(new_op.o)
 .text          0x0000000000000cec        0x0 /Applications/ti/ccs1220/ccs/tools/compiler/gcc-arm-none-eabi-9-2019-q4-major/bin/../lib/gcc/arm-none-eabi/9.2.1/../../../../arm-none-eabi/lib/thumb/v7e-m+fp/hard/libstdc++_nano.a(new_opv.o)
 .text          0x0000000000000cec        0x0 /Applications/ti/ccs1220/ccs/tools/compiler/gcc-arm-none-eabi-9-2019-q4-major/bin/../lib/gcc/arm-none-eabi/9.2.1/../../../../arm-none-eabi/lib/thumb/v7e-m+fp/hard/libstdc++_nano.a(new_handler.o)
 .text          0x0000000000000cec      0x424 /Applications/ti/ccs1220/ccs/tools/compiler/gcc-arm-none-eabi-9-2019-q4-major/bin/../lib/gcc/arm-none-eabi/9.2.1/thumb/v7e-m+fp/hard/libgcc.a(_arm_muldivdf3.o)
                0x0000000000000cec                __aeabi_dmul
                0x0000000000000cec                __muldf3
                0x0000000000000f40                __aeabi_ddiv
                0x0000000000000f40                __divdf3
 .text          0x0000000000001110       0x2c /Applications/ti/ccs1220/ccs/tools/compiler/gcc-arm-none-eabi-9-2019-q4-major/bin/../lib/gcc/arm-none-eabi/9.2.1/thumb/v7e-m+fp/hard/libgcc.a(_arm_unorddf2.o)
                0x0000000000001110                __aeabi_dcmpun
                0x0000000000001110                __unorddf2
 .text          0x000000000000113c       0xa0 /Applications/ti/ccs1220/ccs/tools/compiler/gcc-arm-none-eabi-9-2019-q4-major/bin/../lib/gcc/arm-none-eabi/9.2.1/thumb/v7e-m+fp/hard/libgcc.a(_arm_truncdfsf2.o)
                0x000000000000113c                __aeabi_d2f
                0x000000000000113c                __truncdfsf2
 .text          0x00000000000011dc        0x0 /Applications/ti/ccs1220/ccs/tools/compiler/gcc-arm-none-eabi-9-2019-q4-major/bin/../lib/gcc/arm-none-eabi/9.2.1/../../../../arm-none-eabi/lib/thumb/v7e-m+fp/hard/libg_nano.a(lib_a-abort.o)
 .text          0x00000000000011dc        0x0 /Applications/ti/ccs1220/ccs/tools/compiler/gcc-arm-none-eabi-9-2019-q4-major/bin/../lib/gcc/arm-none-eabi/9.2.1/../../../../arm-none-eabi/lib/thumb/v7e-m+fp/hard/libg_nano.a(lib_a-signal.o)
 .text          0x00000000000011dc        0x0 /Applications/ti/ccs1220/ccs/tools/compiler/gcc-arm-none-eabi-9-2019-q4-major/bin/../lib/gcc/arm-none-eabi/9.2.1/../../../../arm-none-eabi/lib/thumb/v7e-m+fp/hard/libg_nano.a(lib_a-signalr.o)
 *(.text.*)
 .text._ZN6tflite12_GLOBAL__N_14InitEP13TfLiteContextPKcj
                0x00000000000011dc        0x8 /var/folders/th/91gccdrx7m975kl4frrh3gnh0000gn/T//TFL_therm_2.out.XjlNHU.ltrans0.ltrans.o
 .text._ZN6tflite12_GLOBAL__N_14InitEP13TfLiteContextPKcj.lto_priv.16
                0x00000000000011e4        0x6 /var/folders/th/91gccdrx7m975kl4frrh3gnh0000gn/T//TFL_therm_2.out.XjlNHU.ltrans0.ltrans.o
 .text.arm_nn_vec_mat_mult_t_s8.constprop.0
                0x00000000000011ea      0x2ae /var/folders/th/91gccdrx7m975kl4frrh3gnh0000gn/T//TFL_therm_2.out.XjlNHU.ltrans0.ltrans.o
 .text.arm_nn_vec_mat_mult_t_s16
                0x0000000000001498      0x2a2 /var/folders/th/91gccdrx7m975kl4frrh3gnh0000gn/T//TFL_therm_2.out.XjlNHU.ltrans0.ltrans.o
 .text._ZN6tflite19GreedyMemoryPlanner14GetBufferCountEv
                0x000000000000173a        0x4 /var/folders/th/91gccdrx7m975kl4frrh3gnh0000gn/T//TFL_therm_2.out.XjlNHU.ltrans0.ltrans.o
 .text._ZN6tflite19GreedyMemoryPlanner24CalculateOffsetsIfNeededEv
                0x000000000000173e      0x1da /var/folders/th/91gccdrx7m975kl4frrh3gnh0000gn/T//TFL_therm_2.out.XjlNHU.ltrans0.ltrans.o
 .text._ZN6tflite19GreedyMemoryPlanner20GetMaximumMemorySizeEv
                0x0000000000001918       0x3a /var/folders/th/91gccdrx7m975kl4frrh3gnh0000gn/T//TFL_therm_2.out.XjlNHU.ltrans0.ltrans.o
 .text._ZN6tflite19GreedyMemoryPlanner9AddBufferEiiii
                0x0000000000001952       0x1c /var/folders/th/91gccdrx7m975kl4frrh3gnh0000gn/T//TFL_therm_2.out.XjlNHU.ltrans0.ltrans.o
 .text._ZN6tflite19GreedyMemoryPlannerD2Ev
                0x000000000000196e        0x2 /var/folders/th/91gccdrx7m975kl4frrh3gnh0000gn/T//TFL_therm_2.out.XjlNHU.ltrans0.ltrans.o
 .text._ZN6tflite19GreedyMemoryPlanner4InitEPhi
                0x0000000000001970       0x34 /var/folders/th/91gccdrx7m975kl4frrh3gnh0000gn/T//TFL_therm_2.out.XjlNHU.ltrans0.ltrans.o
 .text._ZN6tflite22MicroMutableOpResolverILj128EE10AddBuiltinENS_15BuiltinOperatorERK18TfLiteRegistrationPF12TfLiteStatusPKNS_8OperatorEPNS_13ErrorReporterEPNS_20BuiltinDataAllocatorEPPvE.constprop.0
                0x00000000000019a4       0xb8 /var/folders/th/91gccdrx7m975kl4frrh3gnh0000gn/T//TFL_therm_2.out.XjlNHU.ltrans0.ltrans.o
 .text._ZN6tflite22MicroMutableOpResolverILj128EE9AddCustomEPKcP18TfLiteRegistration.constprop.0
                0x0000000000001a5c       0x78 /var/folders/th/91gccdrx7m975kl4frrh3gnh0000gn/T//TFL_therm_2.out.XjlNHU.ltrans0.ltrans.o
 .text._ZN6tflite19GreedyMemoryPlanner18GetOffsetForBufferEiPi
                0x0000000000001ad4       0x34 /var/folders/th/91gccdrx7m975kl4frrh3gnh0000gn/T//TFL_therm_2.out.XjlNHU.ltrans0.ltrans.o
 .text._ZN6tflite19GreedyMemoryPlanner15PrintMemoryPlanEv
                0x0000000000001b08      0x190 /var/folders/th/91gccdrx7m975kl4frrh3gnh0000gn/T//TFL_therm_2.out.XjlNHU.ltrans0.ltrans.o
 .text._ZN6tflite19GreedyMemoryPlanner9AddBufferEiii
                0x0000000000001c98       0x40 /var/folders/th/91gccdrx7m975kl4frrh3gnh0000gn/T//TFL_therm_2.out.XjlNHU.ltrans0.ltrans.o
 .text._ZN6tflite12_GLOBAL__N_110MaxPrepareEP13TfLiteContextP10TfLiteNode
                0x0000000000001cd8       0x14 /var/folders/th/91gccdrx7m975kl4frrh3gnh0000gn/T//TFL_therm_2.out.XjlNHU.ltrans0.ltrans.o
 .text._ZN6tflite12_GLOBAL__N_114AveragePrepareEP13TfLiteContextP10TfLiteNode
                0x0000000000001cec       0x8a /var/folders/th/91gccdrx7m975kl4frrh3gnh0000gn/T//TFL_therm_2.out.XjlNHU.ltrans0.ltrans.o
 *fill*         0x0000000000001d76        0x2 
 .text._ZN6tflite12tensor_utils47PortableMatrixBatchVectorMultiplyAccumulateImplIsEEvPKaPKlS3_llllllPT_.constprop.0
                0x0000000000001d78       0x98 /var/folders/th/91gccdrx7m975kl4frrh3gnh0000gn/T//TFL_therm_2.out.XjlNHU.ltrans0.ltrans.o
 .text.arm_nn_softmax_common_s8
                0x0000000000001e10      0xe88 /var/folders/th/91gccdrx7m975kl4frrh3gnh0000gn/T//TFL_therm_2.out.XjlNHU.ltrans0.ltrans.o
 .text._ZN6tflite12_GLOBAL__N_17MaxEvalEP13TfLiteContextP10TfLiteNode
                0x0000000000002c98      0x4ac /var/folders/th/91gccdrx7m975kl4frrh3gnh0000gn/T//TFL_therm_2.out.XjlNHU.ltrans0.ltrans.o
 .text._ZN6tflite12_GLOBAL__N_111AverageEvalEP13TfLiteContextP10TfLiteNode
                0x0000000000003144      0x3bc /var/folders/th/91gccdrx7m975kl4frrh3gnh0000gn/T//TFL_therm_2.out.XjlNHU.ltrans0.ltrans.o
 .text._ZN6tflite12_GLOBAL__N_113EvalQuantizedEP13TfLiteContextP10TfLiteNodePKNS_9OpDataMulEPK16TfLiteEvalTensorSA_PS8_.isra.0
                0x0000000000003500      0x356 /var/folders/th/91gccdrx7m975kl4frrh3gnh0000gn/T//TFL_therm_2.out.XjlNHU.ltrans0.ltrans.o
 *fill*         0x0000000000003856        0x2 
 .text._ZN6tflite7gen_lutIfssEEvPFT_S1_ES1_S1_S1_S1_PT1_.constprop.0
                0x0000000000003858      0x12c /var/folders/th/91gccdrx7m975kl4frrh3gnh0000gn/T//TFL_therm_2.out.XjlNHU.ltrans0.ltrans.o
 .text._ZN6tflite12_GLOBAL__N_111SoftmaxEvalEP13TfLiteContextP10TfLiteNode
                0x0000000000003984      0x2f4 /var/folders/th/91gccdrx7m975kl4frrh3gnh0000gn/T//TFL_therm_2.out.XjlNHU.ltrans0.ltrans.o
 .text._ZN6tflite12_GLOBAL__N_18EvalSvdfEP13TfLiteContextP10TfLiteNode
                0x0000000000003c78      0xd08 /var/folders/th/91gccdrx7m975kl4frrh3gnh0000gn/T//TFL_therm_2.out.XjlNHU.ltrans0.ltrans.o
 .text._ZN6tflite12_GLOBAL__N_17PrepareEP13TfLiteContextP10TfLiteNode.lto_priv.33
                0x0000000000004980      0x598 /var/folders/th/91gccdrx7m975kl4frrh3gnh0000gn/T//TFL_therm_2.out.XjlNHU.ltrans0.ltrans.o
 .text.MicroVsnprintf.constprop.0
                0x0000000000004f18      0x270 /var/folders/th/91gccdrx7m975kl4frrh3gnh0000gn/T//TFL_therm_2.out.XjlNHU.ltrans0.ltrans.o
                0x0000000000004f18                MicroVsnprintf.constprop.0
 .text._ZNK11flatbuffers5Table8GetFieldIaEET_tS2_.constprop.0
                0x0000000000005188        0xe /var/folders/th/91gccdrx7m975kl4frrh3gnh0000gn/T//TFL_therm_2.out.XjlNHU.ltrans0.ltrans.o
                0x0000000000005188                signed char flatbuffers::Table::GetField<signed char>(unsigned short, signed char) const [clone .constprop.0]
 *fill*         0x0000000000005196        0x2 
 .text._ZN6tflite14AllOpsResolverC2Ev.constprop.0
                0x0000000000005198     0x117c /var/folders/th/91gccdrx7m975kl4frrh3gnh0000gn/T//TFL_therm_2.out.XjlNHU.ltrans0.ltrans.o
                0x0000000000005198                tflite::AllOpsResolver::AllOpsResolver() [clone .constprop.0]
 .text._ZN6tflite14MicroAllocator6CreateEPhj.constprop.0
                0x0000000000006314       0xa0 /var/folders/th/91gccdrx7m975kl4frrh3gnh0000gn/T//TFL_therm_2.out.XjlNHU.ltrans0.ltrans.o
                0x0000000000006314                tflite::MicroAllocator::Create(unsigned char*, unsigned int) [clone .constprop.0]
 .text._ZN6tflite13ErrorReporter11ReportErrorEPvPKcz.constprop.0
                0x00000000000063b4       0x20 /var/folders/th/91gccdrx7m975kl4frrh3gnh0000gn/T//TFL_therm_2.out.XjlNHU.ltrans0.ltrans.o
                0x00000000000063b4                tflite::ErrorReporter::ReportError(void*, char const*, ...) [clone .constprop.0]
 .text._ZN6tflite12_GLOBAL__N_126FlatBufferIntVectorToArrayEiPKN11flatbuffers6VectorIlEEPiPNS_13ErrorReporterEPKc.constprop.0
                0x00000000000063d4       0x40 /var/folders/th/91gccdrx7m975kl4frrh3gnh0000gn/T//TFL_therm_2.out.XjlNHU.ltrans0.ltrans.o
                0x00000000000063d4                tflite::(anonymous namespace)::FlatBufferIntVectorToArray(int, flatbuffers::Vector<long> const*, int*, tflite::ErrorReporter*, char const*) [clone .constprop.0]
 *fill*         0x0000000000006414        0x4 
 .text._ZN6tflite32GetQuantizedConvolutionMultiplerEP13TfLiteContextPK12TfLiteTensorS4_S4_PS2_Pd.constprop.0
                0x0000000000006418       0xf0 /var/folders/th/91gccdrx7m975kl4frrh3gnh0000gn/T//TFL_therm_2.out.XjlNHU.ltrans0.ltrans.o
                0x0000000000006418                tflite::GetQuantizedConvolutionMultipler(TfLiteContext*, TfLiteTensor const*, TfLiteTensor const*, TfLiteTensor const*, TfLiteTensor*, double*) [clone .constprop.0]
 .text._ZN6tflite12_GLOBAL__N_17PrepareEP13TfLiteContextP10TfLiteNode.lto_priv.32
                0x0000000000006508      0x22c /var/folders/th/91gccdrx7m975kl4frrh3gnh0000gn/T//TFL_therm_2.out.XjlNHU.ltrans0.ltrans.o
 .text._ZN6tflite12RuntimeShapeC2EiRKS0_i.constprop.0
                0x0000000000006734       0x38 /var/folders/th/91gccdrx7m975kl4frrh3gnh0000gn/T//TFL_therm_2.out.XjlNHU.ltrans0.ltrans.o
                0x0000000000006734                tflite::RuntimeShape::RuntimeShape(int, tflite::RuntimeShape const&, int) [clone .constprop.0]
 .text._ZN6tflite21EvalMulFloatReferenceEP13TfLiteContextP10TfLiteNodeP15TfLiteMulParamsPKNS_9OpDataMulEPK16TfLiteEvalTensorSB_PS9_.constprop.0
                0x000000000000676c      0x18c /var/folders/th/91gccdrx7m975kl4frrh3gnh0000gn/T//TFL_therm_2.out.XjlNHU.ltrans0.ltrans.o
 .text._ZN6tflite25EvalMulQuantizedReferenceEP13TfLiteContextP10TfLiteNodePKNS_9OpDataMulEPK16TfLiteEvalTensorS9_PS7_.constprop.0
                0x00000000000068f8      0x240 /var/folders/th/91gccdrx7m975kl4frrh3gnh0000gn/T//TFL_therm_2.out.XjlNHU.ltrans0.ltrans.o
 .text._ZN6tflite4EvalEP13TfLiteContextP10TfLiteNode
                0x0000000000006b38       0x84 /var/folders/th/91gccdrx7m975kl4frrh3gnh0000gn/T//TFL_therm_2.out.XjlNHU.ltrans0.ltrans.o
 .text._ZN11flatbuffers19StringToIntegerImplIxEEbPT_PKcib.constprop.0
                0x0000000000006bbc       0x48 /var/folders/th/91gccdrx7m975kl4frrh3gnh0000gn/T//TFL_therm_2.out.XjlNHU.ltrans0.ltrans.o
                0x0000000000006bbc                bool flatbuffers::StringToIntegerImpl<long long>(long long*, char const*, int, bool) [clone .constprop.0]
 .text._ZN11flatbuffers19StringToIntegerImplIyEEbPT_PKcib.constprop.0
                0x0000000000006c04       0x48 /var/folders/th/91gccdrx7m975kl4frrh3gnh0000gn/T//TFL_therm_2.out.XjlNHU.ltrans0.ltrans.o
                0x0000000000006c04                bool flatbuffers::StringToIntegerImpl<unsigned long long>(unsigned long long*, char const*, int, bool) [clone .constprop.0]
 .text._ZN6tflite3ops5micro11elementwise12_GLOBAL__N_18EvalImplIfEE12TfLiteStatusP13TfLiteContextP10TfLiteNodePFT_SA_EPFS5_SA_E10TfLiteType.constprop.0
                0x0000000000006c4c       0x9c /var/folders/th/91gccdrx7m975kl4frrh3gnh0000gn/T//TFL_therm_2.out.XjlNHU.ltrans0.ltrans.o
                0x0000000000006c4c                TfLiteStatus tflite::ops::micro::elementwise::(anonymous namespace)::EvalImpl<float>(TfLiteContext*, TfLiteNode*, float (*)(float), TfLiteStatus (*)(float), TfLiteType) [clone .constprop.0]
 .text._ZN6tflite21reference_integer_ops4TanhEllRKNS_12RuntimeShapeEPKsS3_Ps.constprop.0
                0x0000000000006ce8       0xa8 /var/folders/th/91gccdrx7m975kl4frrh3gnh0000gn/T//TFL_therm_2.out.XjlNHU.ltrans0.ltrans.o
                0x0000000000006ce8                tflite::reference_integer_ops::Tanh(long, long, tflite::RuntimeShape const&, short const*, tflite::RuntimeShape const&, short*) [clone .constprop.0]
 .text._ZN6tflite12_GLOBAL__N_132CalculateLstmOutputInteger8x8_16EiiiPslPKslllPKallPKllaPaS1_S8_Pl.constprop.0
                0x0000000000006d90      0x1f0 /var/folders/th/91gccdrx7m975kl4frrh3gnh0000gn/T//TFL_therm_2.out.XjlNHU.ltrans0.ltrans.o
                0x0000000000006d90                tflite::(anonymous namespace)::CalculateLstmOutputInteger8x8_16(int, int, int, short*, long, short const*, long, long, long, signed char const*, long, long, long const*, long, signed char, signed char*, short*, signed char*, long*) [clone .constprop.0]
 .text._ZN6tflite13reference_ops6ReduceIslEEbPKT_PKiS6_iiS6_iPiPFT0_S8_S2_EPS8_.constprop.0
                0x0000000000006f80       0x6c /var/folders/th/91gccdrx7m975kl4frrh3gnh0000gn/T//TFL_therm_2.out.XjlNHU.ltrans0.ltrans.o
                0x0000000000006f80                bool tflite::reference_ops::Reduce<short, long>(short const*, int const*, int const*, int, int, int const*, int, int*, long (*)(long, short), long*) [clone .constprop.0]
 .text._ZN6tflite13reference_ops11ResolveAxisEiPKixPiS3_.constprop.0
                0x0000000000006fec       0x68 /var/folders/th/91gccdrx7m975kl4frrh3gnh0000gn/T//TFL_therm_2.out.XjlNHU.ltrans0.ltrans.o
                0x0000000000006fec                tflite::reference_ops::ResolveAxis(int, int const*, long long, int*, int*) [clone .constprop.0]
 .text._ZN6tflite13reference_ops18QuantizedMeanOrSumIslEEbPKT_lfPKiiPS2_lfS6_iS6_ibPiS8_PT0_b.constprop.0
                0x0000000000007054      0x18c /var/folders/th/91gccdrx7m975kl4frrh3gnh0000gn/T//TFL_therm_2.out.XjlNHU.ltrans0.ltrans.o
                0x0000000000007054                bool tflite::reference_ops::QuantizedMeanOrSum<short, long>(short const*, long, float, int const*, int, short*, long, float, int const*, int, int const*, int, bool, int*, int*, long*, bool) [clone .constprop.0]
 .text._ZN6tflite13reference_ops6ReduceIalEEbPKT_PKiS6_iiS6_iPiPFT0_S8_S2_EPS8_.constprop.0
                0x00000000000071e0       0x6c /var/folders/th/91gccdrx7m975kl4frrh3gnh0000gn/T//TFL_therm_2.out.XjlNHU.ltrans0.ltrans.o
                0x00000000000071e0                bool tflite::reference_ops::Reduce<signed char, long>(signed char const*, int const*, int const*, int, int, int const*, int, int*, long (*)(long, signed char), long*) [clone .constprop.0]
 .text._ZN6tflite13reference_ops18QuantizedMeanOrSumIalEEbPKT_lfPKiiPS2_lfS6_iS6_ibPiS8_PT0_b.constprop.0
                0x000000000000724c      0x188 /var/folders/th/91gccdrx7m975kl4frrh3gnh0000gn/T//TFL_therm_2.out.XjlNHU.ltrans0.ltrans.o
                0x000000000000724c                bool tflite::reference_ops::QuantizedMeanOrSum<signed char, long>(signed char const*, long, float, int const*, int, signed char*, long, float, int const*, int, int const*, int, bool, int*, int*, long*, bool) [clone .constprop.0]
 .text._ZN6tflite13reference_ops6ReduceIffEEbPKT_PKiS6_iiS6_iPiPFT0_S8_S2_EPS8_.constprop.0
                0x00000000000073d4       0x74 /var/folders/th/91gccdrx7m975kl4frrh3gnh0000gn/T//TFL_therm_2.out.XjlNHU.ltrans0.ltrans.o
                0x00000000000073d4                bool tflite::reference_ops::Reduce<float, float>(float const*, int const*, int const*, int, int, int const*, int, int*, float (*)(float, float), float*) [clone .constprop.0]
 .text._ZN6tflite13reference_ops13ReduceGenericIfEEbPKT_PKiiPS2_S6_iS6_xbPiS8_S2_PFS2_S2_S2_E.constprop.0
                0x0000000000007448       0x92 /var/folders/th/91gccdrx7m975kl4frrh3gnh0000gn/T//TFL_therm_2.out.XjlNHU.ltrans0.ltrans.o
                0x0000000000007448                bool tflite::reference_ops::ReduceGeneric<float>(float const*, int const*, int, float*, int const*, int, int const*, long long, bool, int*, int*, float, float (*)(float, float)) [clone .constprop.0]
 .text._ZN6tflite21reference_integer_ops29BroadcastBinaryFunction4DSlowERKNS_16ArithmeticParamsERKNS_12RuntimeShapeEPKaS6_S8_S6_PaPFvS3_EPFaaaS3_E.constprop.0
                0x00000000000074da       0xa4 /var/folders/th/91gccdrx7m975kl4frrh3gnh0000gn/T//TFL_therm_2.out.XjlNHU.ltrans0.ltrans.o
                0x00000000000074da                tflite::reference_integer_ops::BroadcastBinaryFunction4DSlow(tflite::ArithmeticParams const&, tflite::RuntimeShape const&, signed char const*, tflite::RuntimeShape const&, signed char const*, tflite::RuntimeShape const&, signed char*, void (*)(tflite::ArithmeticParams const&), signed char (*)(signed char, signed char, tflite::ArithmeticParams const&)) [clone .constprop.0]
 .text._ZN6tflite13strided_slice22StridedSlicePadIndicesEPNS_18StridedSliceParamsEi.constprop.0
                0x000000000000757e       0xaa /var/folders/th/91gccdrx7m975kl4frrh3gnh0000gn/T//TFL_therm_2.out.XjlNHU.ltrans0.ltrans.o
                0x000000000000757e                tflite::strided_slice::StridedSlicePadIndices(tflite::StridedSliceParams*, int) [clone .constprop.0]
 .text._ZN6tflite16EvalSubQuantizedEP13TfLiteContextP10TfLiteNodeP15TfLiteSubParamsPKNS_9OpDataSubEPK16TfLiteEvalTensorSB_PS9_.constprop.0
                0x0000000000007628      0x3f4 /var/folders/th/91gccdrx7m975kl4frrh3gnh0000gn/T//TFL_therm_2.out.XjlNHU.ltrans0.ltrans.o
                0x0000000000007628                tflite::EvalSubQuantized(TfLiteContext*, TfLiteNode*, TfLiteSubParams*, tflite::OpDataSub const*, TfLiteEvalTensor const*, TfLiteEvalTensor const*, TfLiteEvalTensor*) [clone .constprop.0]
 .text._ZN6tflite7EvalSubEP13TfLiteContextP10TfLiteNodeP15TfLiteSubParamsPKNS_9OpDataSubEPK16TfLiteEvalTensorSB_PS9_.constprop.0
                0x0000000000007a1c      0x17c /var/folders/th/91gccdrx7m975kl4frrh3gnh0000gn/T//TFL_therm_2.out.XjlNHU.ltrans0.ltrans.o
                0x0000000000007a1c                tflite::EvalSub(TfLiteContext*, TfLiteNode*, TfLiteSubParams*, tflite::OpDataSub const*, TfLiteEvalTensor const*, TfLiteEvalTensor const*, TfLiteEvalTensor*) [clone .constprop.0]
 .text._ZN6tflite21reference_integer_ops13TransposeConvIxEEvRKNS_10ConvParamsEPKlS6_RKNS_12RuntimeShapeEPKsS9_PKaS9_PKT_S9_PsS9_PaPSE_.constprop.0
                0x0000000000007b98      0x28c /var/folders/th/91gccdrx7m975kl4frrh3gnh0000gn/T//TFL_therm_2.out.XjlNHU.ltrans0.ltrans.o
                0x0000000000007b98                void tflite::reference_integer_ops::TransposeConv<long long>(tflite::ConvParams const&, long const*, long const*, tflite::RuntimeShape const&, short const*, tflite::RuntimeShape const&, signed char const*, tflite::RuntimeShape const&, long long const*, tflite::RuntimeShape const&, short*, tflite::RuntimeShape const&, signed char*, long long*) [clone .constprop.0]
 .text.arm_convolve_1x1_s8_fast.constprop.0
                0x0000000000007e24      0x794 /var/folders/th/91gccdrx7m975kl4frrh3gnh0000gn/T//TFL_therm_2.out.XjlNHU.ltrans0.ltrans.o
                0x0000000000007e24                arm_convolve_1x1_s8_fast.constprop.0
 .text._ZN6tflite12_GLOBAL__N_14EvalEP13TfLiteContextP10TfLiteNode.lto_priv.32
                0x00000000000085b8      0x370 /var/folders/th/91gccdrx7m975kl4frrh3gnh0000gn/T//TFL_therm_2.out.XjlNHU.ltrans0.ltrans.o
 .text.arm_q7_to_q15_with_offset
                0x0000000000008928       0x5a /var/folders/th/91gccdrx7m975kl4frrh3gnh0000gn/T//TFL_therm_2.out.XjlNHU.ltrans0.ltrans.o
                0x0000000000008928                arm_q7_to_q15_with_offset
 .text.arm_convolve_s8.constprop.0
                0x0000000000008982      0x7b2 /var/folders/th/91gccdrx7m975kl4frrh3gnh0000gn/T//TFL_therm_2.out.XjlNHU.ltrans0.ltrans.o
                0x0000000000008982                arm_convolve_s8.constprop.0
 .text._ZN6tflite14GetBuiltinCodeEPKNS_12OperatorCodeE
                0x0000000000009134       0x1e /var/folders/th/91gccdrx7m975kl4frrh3gnh0000gn/T//TFL_therm_2.out.XjlNHU.ltrans0.ltrans.o
                0x0000000000009134                tflite::GetBuiltinCode(tflite::OperatorCode const*)
 *fill*         0x0000000000009152        0x2 
 .text._ZN6tflite32GetInvSqrtQuantizedMultiplierExpEliPlPi.constprop.0
                0x0000000000009154      0x18c /var/folders/th/91gccdrx7m975kl4frrh3gnh0000gn/T//TFL_therm_2.out.XjlNHU.ltrans0.ltrans.o
                0x0000000000009154                tflite::GetInvSqrtQuantizedMultiplierExp(long, int, long*, int*) [clone .constprop.0]
 .text._ZN6tflite12_GLOBAL__N_130CalculateLstmGateInteger8x8_16EPKaS2_PKlllS2_S2_S4_llPKsS6_llS6_S4_llliiii21TfLiteFusedActivationPsPl.constprop.0
                0x00000000000092e0      0x294 /var/folders/th/91gccdrx7m975kl4frrh3gnh0000gn/T//TFL_therm_2.out.XjlNHU.ltrans0.ltrans.o
                0x00000000000092e0                tflite::(anonymous namespace)::CalculateLstmGateInteger8x8_16(signed char const*, signed char const*, long const*, long, long, signed char const*, signed char const*, long const*, long, long, short const*, short const*, long, long, short const*, long const*, long, long, long, int, int, int, int, TfLiteFusedActivation, short*, long*) [clone .constprop.0]
 .text._ZN6tflite7InitAddEP13TfLiteContextPKcj
                0x0000000000009574        0x6 /var/folders/th/91gccdrx7m975kl4frrh3gnh0000gn/T//TFL_therm_2.out.XjlNHU.ltrans1.ltrans.o
                0x0000000000009574                tflite::InitAdd(TfLiteContext*, char const*, unsigned int)
 .text._ZN6tflite12_GLOBAL__N_14InitEP13TfLiteContextPKcj
                0x000000000000957a       0x14 /var/folders/th/91gccdrx7m975kl4frrh3gnh0000gn/T//TFL_therm_2.out.XjlNHU.ltrans1.ltrans.o
                0x000000000000957a                tflite::(anonymous namespace)::Init(TfLiteContext*, char const*, unsigned int) [clone .lto_priv.13] [clone .lto_priv.0]
                0x000000000000957e                tflite::(anonymous namespace)::Init(TfLiteContext*, char const*, unsigned int) [clone .lto_priv.12] [clone .lto_priv.0]
                0x0000000000009582                tflite::(anonymous namespace)::Init(TfLiteContext*, char const*, unsigned int) [clone .lto_priv.14] [clone .lto_priv.0]
                0x0000000000009586                tflite::(anonymous namespace)::Init(TfLiteContext*, char const*, unsigned int) [clone .lto_priv.11] [clone .lto_priv.0]
                0x000000000000958a                tflite::(anonymous namespace)::Init(TfLiteContext*, char const*, unsigned int) [clone .lto_priv.10] [clone .lto_priv.0]
 *fill*         0x000000000000958e        0x2 
 .text._ZN6tflite12_GLOBAL__N_17PrepareEP13TfLiteContextP10TfLiteNode.lto_priv.29
                0x0000000000009590       0xd4 /var/folders/th/91gccdrx7m975kl4frrh3gnh0000gn/T//TFL_therm_2.out.XjlNHU.ltrans1.ltrans.o
                0x0000000000009590                tflite::(anonymous namespace)::Prepare(TfLiteContext*, TfLiteNode*) [clone .lto_priv.29]
 .text._ZN6tflite12_GLOBAL__N_17PrepareEP13TfLiteContextP10TfLiteNode.lto_priv.28
                0x0000000000009664      0x144 /var/folders/th/91gccdrx7m975kl4frrh3gnh0000gn/T//TFL_therm_2.out.XjlNHU.ltrans1.ltrans.o
                0x0000000000009664                tflite::(anonymous namespace)::Prepare(TfLiteContext*, TfLiteNode*) [clone .lto_priv.28]
 .text._ZN6tflite12_GLOBAL__N_14EvalEP13TfLiteContextP10TfLiteNode.lto_priv.27
                0x00000000000097a8       0x10 /var/folders/th/91gccdrx7m975kl4frrh3gnh0000gn/T//TFL_therm_2.out.XjlNHU.ltrans1.ltrans.o
                0x00000000000097a8                tflite::(anonymous namespace)::Eval(TfLiteContext*, TfLiteNode*) [clone .lto_priv.27]
 .text._ZN6tflite12_GLOBAL__N_14EvalEP13TfLiteContextP10TfLiteNode.lto_priv.31
                0x00000000000097b8     0x18d8 /var/folders/th/91gccdrx7m975kl4frrh3gnh0000gn/T//TFL_therm_2.out.XjlNHU.ltrans1.ltrans.o
                0x00000000000097b8                tflite::(anonymous namespace)::Eval(TfLiteContext*, TfLiteNode*) [clone .lto_priv.31]
 .text._ZN6tflite12_GLOBAL__N_14EvalEP13TfLiteContextP10TfLiteNode.lto_priv.29
                0x000000000000b090       0xa8 /var/folders/th/91gccdrx7m975kl4frrh3gnh0000gn/T//TFL_therm_2.out.XjlNHU.ltrans1.ltrans.o
                0x000000000000b090                tflite::(anonymous namespace)::Eval(TfLiteContext*, TfLiteNode*) [clone .lto_priv.29]
 .text._ZN6tflite3ops5micro6unpack12_GLOBAL__N_14EvalEP13TfLiteContextP10TfLiteNode.lto_priv.0
                0x000000000000b138      0x234 /var/folders/th/91gccdrx7m975kl4frrh3gnh0000gn/T//TFL_therm_2.out.XjlNHU.ltrans1.ltrans.o
                0x000000000000b138                tflite::ops::micro::unpack::(anonymous namespace)::Eval(TfLiteContext*, TfLiteNode*) [clone .lto_priv.0]
 .text._ZN6tflite12_GLOBAL__N_17PrepareEP13TfLiteContextP10TfLiteNode.lto_priv.31
                0x000000000000b36c      0x3e8 /var/folders/th/91gccdrx7m975kl4frrh3gnh0000gn/T//TFL_therm_2.out.XjlNHU.ltrans1.ltrans.o
                0x000000000000b36c                tflite::(anonymous namespace)::Prepare(TfLiteContext*, TfLiteNode*) [clone .lto_priv.31]
 .text._ZN6tflite12_GLOBAL__N_17PrepareEP13TfLiteContextP10TfLiteNode.lto_priv.30
                0x000000000000b754      0x3b8 /var/folders/th/91gccdrx7m975kl4frrh3gnh0000gn/T//TFL_therm_2.out.XjlNHU.ltrans1.ltrans.o
                0x000000000000b754                tflite::(anonymous namespace)::Prepare(TfLiteContext*, TfLiteNode*) [clone .lto_priv.30]
 .text._ZN6tflite12_GLOBAL__N_14EvalEP13TfLiteContextP10TfLiteNode.lto_priv.30
                0x000000000000bb0c     0x1100 /var/folders/th/91gccdrx7m975kl4frrh3gnh0000gn/T//TFL_therm_2.out.XjlNHU.ltrans1.ltrans.o
                0x000000000000bb0c                tflite::(anonymous namespace)::Eval(TfLiteContext*, TfLiteNode*) [clone .lto_priv.30]
 .text._ZN6tflite21reference_integer_ops7AddFuncEaaRKNS_16ArithmeticParamsE
                0x000000000000cc0c       0x4a /var/folders/th/91gccdrx7m975kl4frrh3gnh0000gn/T//TFL_therm_2.out.XjlNHU.ltrans1.ltrans.o
 .text._ZN6tflite12_GLOBAL__N_121EvalAddQuantizedInt16EP13TfLiteContextP10TfLiteNodeP15TfLiteAddParamsPKNS0_6OpDataEPK16TfLiteEvalTensorSC_PSA_.isra.0
                0x000000000000cc56      0x1ec /var/folders/th/91gccdrx7m975kl4frrh3gnh0000gn/T//TFL_therm_2.out.XjlNHU.ltrans1.ltrans.o
 .text._ZN6tflite12_GLOBAL__N_112EvalAddFloatEP13TfLiteContextP10TfLiteNodeP15TfLiteAddParamsPKNS0_6OpDataEPK16TfLiteEvalTensorSC_PSA_.isra.0
                0x000000000000ce42      0x15a /var/folders/th/91gccdrx7m975kl4frrh3gnh0000gn/T//TFL_therm_2.out.XjlNHU.ltrans1.ltrans.o
 .text._ZN6tflite12_GLOBAL__N_120EvalAddQuantizedInt8EP13TfLiteContextP10TfLiteNodeP15TfLiteAddParamsPKNS0_6OpDataEPK16TfLiteEvalTensorSC_PSA_.isra.0
                0x000000000000cf9c      0x668 /var/folders/th/91gccdrx7m975kl4frrh3gnh0000gn/T//TFL_therm_2.out.XjlNHU.ltrans1.ltrans.o
 .text._ZN6tflite7EvalAddEP13TfLiteContextP10TfLiteNode
                0x000000000000d604       0x7c /var/folders/th/91gccdrx7m975kl4frrh3gnh0000gn/T//TFL_therm_2.out.XjlNHU.ltrans1.ltrans.o
                0x000000000000d604                tflite::EvalAdd(TfLiteContext*, TfLiteNode*)
 .text._ZN6tflite10PrepareAddEP13TfLiteContextP10TfLiteNode
                0x000000000000d680      0x240 /var/folders/th/91gccdrx7m975kl4frrh3gnh0000gn/T//TFL_therm_2.out.XjlNHU.ltrans1.ltrans.o
                0x000000000000d680                tflite::PrepareAdd(TfLiteContext*, TfLiteNode*)
 .text._ZN6tflite12_GLOBAL__N_14EvalEP13TfLiteContextP10TfLiteNode.lto_priv.28
                0x000000000000d8c0      0x14c /var/folders/th/91gccdrx7m975kl4frrh3gnh0000gn/T//TFL_therm_2.out.XjlNHU.ltrans1.ltrans.o
                0x000000000000d8c0                tflite::(anonymous namespace)::Eval(TfLiteContext*, TfLiteNode*) [clone .lto_priv.28]
 .text._ZN6tflite12_GLOBAL__N_17PrepareEP13TfLiteContextP10TfLiteNode.lto_priv.27
                0x000000000000da0c       0xb4 /var/folders/th/91gccdrx7m975kl4frrh3gnh0000gn/T//TFL_therm_2.out.XjlNHU.ltrans1.ltrans.o
                0x000000000000da0c                tflite::(anonymous namespace)::Prepare(TfLiteContext*, TfLiteNode*) [clone .lto_priv.27]
 .text._ZN6tflite12_GLOBAL__N_130UnidirectionalSequenceLstmEvalEP13TfLiteContextP10TfLiteNode.lto_priv.0
                0x000000000000dac0     0x1068 /var/folders/th/91gccdrx7m975kl4frrh3gnh0000gn/T//TFL_therm_2.out.XjlNHU.ltrans1.ltrans.o
                0x000000000000dac0                tflite::(anonymous namespace)::UnidirectionalSequenceLstmEval(TfLiteContext*, TfLiteNode*) [clone .lto_priv.0]
 .text._ZN6tflite12_GLOBAL__N_130UnidirectionalSequenceLstmInitEP13TfLiteContextPKcj.lto_priv.0
                0x000000000000eb28        0x8 /var/folders/th/91gccdrx7m975kl4frrh3gnh0000gn/T//TFL_therm_2.out.XjlNHU.ltrans2.ltrans.o
                0x000000000000eb28                tflite::(anonymous namespace)::UnidirectionalSequenceLstmInit(TfLiteContext*, char const*, unsigned int) [clone .lto_priv.0]
 .text._ZN6tflite12_GLOBAL__N_14InitEP13TfLiteContextPKcj.lto_priv.9
                0x000000000000eb30        0x6 /var/folders/th/91gccdrx7m975kl4frrh3gnh0000gn/T//TFL_therm_2.out.XjlNHU.ltrans2.ltrans.o
                0x000000000000eb30                tflite::(anonymous namespace)::Init(TfLiteContext*, char const*, unsigned int) [clone .lto_priv.9]
 *fill*         0x000000000000eb36        0x2 
 .text._ZN6tflite12_GLOBAL__N_17PrepareEP13TfLiteContextP10TfLiteNode.lto_priv.25
                0x000000000000eb38      0x1b0 /var/folders/th/91gccdrx7m975kl4frrh3gnh0000gn/T//TFL_therm_2.out.XjlNHU.ltrans2.ltrans.o
                0x000000000000eb38                tflite::(anonymous namespace)::Prepare(TfLiteContext*, TfLiteNode*) [clone .lto_priv.25]
 .text._ZN6tflite7SubInitEP13TfLiteContextPKcj
                0x000000000000ece8        0x6 /var/folders/th/91gccdrx7m975kl4frrh3gnh0000gn/T//TFL_therm_2.out.XjlNHU.ltrans2.ltrans.o
                0x000000000000ece8                tflite::SubInit(TfLiteContext*, char const*, unsigned int)
 .text._ZN6tflite3ops5micro13strided_slice4InitEP13TfLiteContextPKcj
                0x000000000000ecee        0x6 /var/folders/th/91gccdrx7m975kl4frrh3gnh0000gn/T//TFL_therm_2.out.XjlNHU.ltrans2.ltrans.o
                0x000000000000ecee                tflite::ops::micro::strided_slice::Init(TfLiteContext*, char const*, unsigned int)
 .text._ZN6tflite3ops5micro13strided_slice23BuildStridedSliceParamsEPNS2_19StridedSliceContextE
                0x000000000000ecf4       0x5e /var/folders/th/91gccdrx7m975kl4frrh3gnh0000gn/T//TFL_therm_2.out.XjlNHU.ltrans2.ltrans.o
 .text._ZN6tflite13strided_slice11StopForAxisERKNS_18StridedSliceParamsERKNS_12RuntimeShapeEii
                0x000000000000ed52       0x5e /var/folders/th/91gccdrx7m975kl4frrh3gnh0000gn/T//TFL_therm_2.out.XjlNHU.ltrans2.ltrans.o
 .text._ZN6tflite13strided_slice12StartForAxisERKNS_18StridedSliceParamsERKNS_12RuntimeShapeEi
                0x000000000000edb0       0x4e /var/folders/th/91gccdrx7m975kl4frrh3gnh0000gn/T//TFL_therm_2.out.XjlNHU.ltrans2.ltrans.o
 .text._ZN6tflite12_GLOBAL__N_117SquaredDifferenceIfEET_S2_S2_
                0x000000000000edfe        0xa /var/folders/th/91gccdrx7m975kl4frrh3gnh0000gn/T//TFL_therm_2.out.XjlNHU.ltrans2.ltrans.o
 .text._ZN6tflite12_GLOBAL__N_121SquaredDifferenceInitEP13TfLiteContextPKcj.lto_priv.0
                0x000000000000ee08        0x6 /var/folders/th/91gccdrx7m975kl4frrh3gnh0000gn/T//TFL_therm_2.out.XjlNHU.ltrans2.ltrans.o
                0x000000000000ee08                tflite::(anonymous namespace)::SquaredDifferenceInit(TfLiteContext*, char const*, unsigned int) [clone .lto_priv.0]
 *fill*         0x000000000000ee0e        0x2 
 .text._ZN6tflite3ops5micro7split_v7PrepareEP13TfLiteContextP10TfLiteNode
                0x000000000000ee10       0x74 /var/folders/th/91gccdrx7m975kl4frrh3gnh0000gn/T//TFL_therm_2.out.XjlNHU.ltrans2.ltrans.o
                0x000000000000ee10                tflite::ops::micro::split_v::Prepare(TfLiteContext*, TfLiteNode*)
 *fill*         0x000000000000ee84        0x4 
 .text._ZN6tflite11PrepareSvdfEP13TfLiteContextP10TfLiteNode
                0x000000000000ee88      0x670 /var/folders/th/91gccdrx7m975kl4frrh3gnh0000gn/T//TFL_therm_2.out.XjlNHU.ltrans2.ltrans.o
                0x000000000000ee88                tflite::PrepareSvdf(TfLiteContext*, TfLiteNode*)
 .text._ZN6tflite12_GLOBAL__N_138PrecomputeZeroPointTimesWeightWithBiasEP13TfLiteContextlPK12TfLiteTensorS5_PPl
                0x000000000000f4f8       0xc4 /var/folders/th/91gccdrx7m975kl4frrh3gnh0000gn/T//TFL_therm_2.out.XjlNHU.ltrans2.ltrans.o
 .text._ZN6tflite12_GLOBAL__N_133UnidirectionalSequenceLstmPrepareEP13TfLiteContextP10TfLiteNode.lto_priv.0
                0x000000000000f5bc     0x22c8 /var/folders/th/91gccdrx7m975kl4frrh3gnh0000gn/T//TFL_therm_2.out.XjlNHU.ltrans2.ltrans.o
                0x000000000000f5bc                tflite::(anonymous namespace)::UnidirectionalSequenceLstmPrepare(TfLiteContext*, TfLiteNode*) [clone .lto_priv.0]
 .text._ZN6tflite12_GLOBAL__N_14EvalEP13TfLiteContextP10TfLiteNode.lto_priv.26
                0x0000000000011884      0x610 /var/folders/th/91gccdrx7m975kl4frrh3gnh0000gn/T//TFL_therm_2.out.XjlNHU.ltrans2.ltrans.o
                0x0000000000011884                tflite::(anonymous namespace)::Eval(TfLiteContext*, TfLiteNode*) [clone .lto_priv.26]
 .text._ZN6tflite3ops5micro7split_v4EvalEP13TfLiteContextP10TfLiteNode
                0x0000000000011e94      0x4a4 /var/folders/th/91gccdrx7m975kl4frrh3gnh0000gn/T//TFL_therm_2.out.XjlNHU.ltrans2.ltrans.o
                0x0000000000011e94                tflite::ops::micro::split_v::Eval(TfLiteContext*, TfLiteNode*)
 .text._ZN6tflite12_GLOBAL__N_17PrepareEP13TfLiteContextP10TfLiteNode.lto_priv.26
                0x0000000000012338      0x3a4 /var/folders/th/91gccdrx7m975kl4frrh3gnh0000gn/T//TFL_therm_2.out.XjlNHU.ltrans2.ltrans.o
                0x0000000000012338                tflite::(anonymous namespace)::Prepare(TfLiteContext*, TfLiteNode*) [clone .lto_priv.26]
 .text._ZN6tflite12_GLOBAL__N_14EvalEP13TfLiteContextP10TfLiteNode.lto_priv.25
                0x00000000000126dc      0x2a4 /var/folders/th/91gccdrx7m975kl4frrh3gnh0000gn/T//TFL_therm_2.out.XjlNHU.ltrans2.ltrans.o
                0x00000000000126dc                tflite::(anonymous namespace)::Eval(TfLiteContext*, TfLiteNode*) [clone .lto_priv.25]
 .text._ZN6tflite3ops5micro11activations12_GLOBAL__N_111TanhPrepareEP13TfLiteContextP10TfLiteNode.lto_priv.0
                0x0000000000012980      0x300 /var/folders/th/91gccdrx7m975kl4frrh3gnh0000gn/T//TFL_therm_2.out.XjlNHU.ltrans2.ltrans.o
                0x0000000000012980                tflite::ops::micro::activations::(anonymous namespace)::TanhPrepare(TfLiteContext*, TfLiteNode*) [clone .lto_priv.0]
 .text._ZN6tflite3ops5micro11activations12_GLOBAL__N_18TanhInitEP13TfLiteContextPKcj
                0x0000000000012c80        0x4 /var/folders/th/91gccdrx7m975kl4frrh3gnh0000gn/T//TFL_therm_2.out.XjlNHU.ltrans2.ltrans.o
                0x0000000000012c80                tflite::ops::micro::activations::(anonymous namespace)::TanhInit(TfLiteContext*, char const*, unsigned int) [clone .lto_priv.0]
 .text._ZN6tflite12_GLOBAL__N_124SquaredDifferencePrepareEP13TfLiteContextP10TfLiteNode.lto_priv.0
                0x0000000000012c84      0x2ec /var/folders/th/91gccdrx7m975kl4frrh3gnh0000gn/T//TFL_therm_2.out.XjlNHU.ltrans2.ltrans.o
                0x0000000000012c84                tflite::(anonymous namespace)::SquaredDifferencePrepare(TfLiteContext*, TfLiteNode*) [clone .lto_priv.0]
 .text._ZN6tflite10SubPrepareEP13TfLiteContextP10TfLiteNode
                0x0000000000012f70      0x190 /var/folders/th/91gccdrx7m975kl4frrh3gnh0000gn/T//TFL_therm_2.out.XjlNHU.ltrans2.ltrans.o
                0x0000000000012f70                tflite::SubPrepare(TfLiteContext*, TfLiteNode*)
 .text._ZN6tflite7SubEvalEP13TfLiteContextP10TfLiteNode
                0x0000000000013100       0x84 /var/folders/th/91gccdrx7m975kl4frrh3gnh0000gn/T//TFL_therm_2.out.XjlNHU.ltrans2.ltrans.o
                0x0000000000013100                tflite::SubEval(TfLiteContext*, TfLiteNode*)
 .text._ZN6tflite3ops5micro13strided_slice4EvalEP13TfLiteContextP10TfLiteNode
                0x0000000000013184      0x9ac /var/folders/th/91gccdrx7m975kl4frrh3gnh0000gn/T//TFL_therm_2.out.XjlNHU.ltrans2.ltrans.o
                0x0000000000013184                tflite::ops::micro::strided_slice::Eval(TfLiteContext*, TfLiteNode*)
 .text._ZN6tflite3ops5micro13strided_slice7PrepareEP13TfLiteContextP10TfLiteNode
                0x0000000000013b30      0x220 /var/folders/th/91gccdrx7m975kl4frrh3gnh0000gn/T//TFL_therm_2.out.XjlNHU.ltrans2.ltrans.o
                0x0000000000013b30                tflite::ops::micro::strided_slice::Prepare(TfLiteContext*, TfLiteNode*)
 .text._ZN6tflite12_GLOBAL__N_14EvalEP13TfLiteContextP10TfLiteNode.lto_priv.24
                0x0000000000013d50       0x94 /var/folders/th/91gccdrx7m975kl4frrh3gnh0000gn/T//TFL_therm_2.out.XjlNHU.ltrans2.ltrans.o
                0x0000000000013d50                tflite::(anonymous namespace)::Eval(TfLiteContext*, TfLiteNode*) [clone .lto_priv.24]
 .text._ZN6tflite12_GLOBAL__N_17PrepareEP13TfLiteContextP10TfLiteNode.lto_priv.24
                0x0000000000013de4      0x16c /var/folders/th/91gccdrx7m975kl4frrh3gnh0000gn/T//TFL_therm_2.out.XjlNHU.ltrans2.ltrans.o
                0x0000000000013de4                tflite::(anonymous namespace)::Prepare(TfLiteContext*, TfLiteNode*) [clone .lto_priv.24]
 .text._ZN6tflite12_GLOBAL__N_117SquaredDifferenceEaaRKNS_16ArithmeticParamsE
                0x0000000000013f50       0x4c /var/folders/th/91gccdrx7m975kl4frrh3gnh0000gn/T//TFL_therm_2.out.XjlNHU.ltrans2.ltrans.o
 .text._ZN6tflite13reference_ops14BinaryFunctionIfffEEvRKNS_12RuntimeShapeEPKT0_S4_PKT1_S4_PT_PFSB_S5_S8_E.isra.0.lto_priv.0.lto_priv.0
                0x0000000000013f9c       0x32 /var/folders/th/91gccdrx7m975kl4frrh3gnh0000gn/T//TFL_therm_2.out.XjlNHU.ltrans2.ltrans.o
                0x0000000000013f9c                void tflite::reference_ops::BinaryFunction<float, float, float>(tflite::RuntimeShape const&, float const*, tflite::RuntimeShape const&, float const*, tflite::RuntimeShape const&, float*, float (*)(float, float)) [clone .isra.0] [clone .lto_priv.1] [clone .lto_priv.0]
                0x0000000000013f9c                void tflite::reference_ops::BinaryFunction<float, float, float>(tflite::RuntimeShape const&, float const*, tflite::RuntimeShape const&, float const*, tflite::RuntimeShape const&, float*, float (*)(float, float)) [clone .isra.0] [clone .lto_priv.0] [clone .lto_priv.0]
 *fill*         0x0000000000013fce        0x2 
 .text._ZN6tflite12_GLOBAL__N_121SquaredDifferenceEvalEP13TfLiteContextP10TfLiteNode.lto_priv.0
                0x0000000000013fd0      0x254 /var/folders/th/91gccdrx7m975kl4frrh3gnh0000gn/T//TFL_therm_2.out.XjlNHU.ltrans2.ltrans.o
                0x0000000000013fd0                tflite::(anonymous namespace)::SquaredDifferenceEval(TfLiteContext*, TfLiteNode*) [clone .lto_priv.0]
 .text._ZN6tflite3ops5micro11activations8TanhEvalEP13TfLiteContextP10TfLiteNode
                0x0000000000014224      0x1f8 /var/folders/th/91gccdrx7m975kl4frrh3gnh0000gn/T//TFL_therm_2.out.XjlNHU.ltrans2.ltrans.o
                0x0000000000014224                tflite::ops::micro::activations::TanhEval(TfLiteContext*, TfLiteNode*)
 .text._ZN6tflite3ops5micro5split7PrepareEP13TfLiteContextP10TfLiteNode
                0x000000000001441c       0x58 /var/folders/th/91gccdrx7m975kl4frrh3gnh0000gn/T//TFL_therm_2.out.XjlNHU.ltrans3.ltrans.o
                0x000000000001441c                tflite::ops::micro::split::Prepare(TfLiteContext*, TfLiteNode*)
 .text._ZN6tflite12_GLOBAL__N_17PrepareEP13TfLiteContextP10TfLiteNode.lto_priv.22
                0x0000000000014474      0x178 /var/folders/th/91gccdrx7m975kl4frrh3gnh0000gn/T//TFL_therm_2.out.XjlNHU.ltrans3.ltrans.o
                0x0000000000014474                tflite::(anonymous namespace)::Prepare(TfLiteContext*, TfLiteNode*) [clone .lto_priv.22]
 .text._ZZN6tflite12_GLOBAL__N_121InitializeLutForInt16EP13TfLiteContextPK12TfLiteTensorPS3_PNS_13SoftmaxParamsEENUlfE0_4_FUNEf.lto_priv.0
                0x00000000000145ec        0xe /var/folders/th/91gccdrx7m975kl4frrh3gnh0000gn/T//TFL_therm_2.out.XjlNHU.ltrans3.ltrans.o
                0x00000000000145ec                tflite::(anonymous namespace)::InitializeLutForInt16(TfLiteContext*, TfLiteTensor const*, TfLiteTensor*, tflite::SoftmaxParams*)::{lambda(float)#2}::_FUN(float) [clone .lto_priv.0]
 *fill*         0x00000000000145fa        0x2 
 .text._ZN6tflite12_GLOBAL__N_17PrepareEP13TfLiteContextP10TfLiteNode.lto_priv.21
                0x00000000000145fc       0xd8 /var/folders/th/91gccdrx7m975kl4frrh3gnh0000gn/T//TFL_therm_2.out.XjlNHU.ltrans3.ltrans.o
                0x00000000000145fc                tflite::(anonymous namespace)::Prepare(TfLiteContext*, TfLiteNode*) [clone .lto_priv.21]
 .text._ZN6tflite12_GLOBAL__N_17PrepareEP13TfLiteContextP10TfLiteNode.lto_priv.20
                0x00000000000146d4       0x6c /var/folders/th/91gccdrx7m975kl4frrh3gnh0000gn/T//TFL_therm_2.out.XjlNHU.ltrans3.ltrans.o
                0x00000000000146d4                tflite::(anonymous namespace)::Prepare(TfLiteContext*, TfLiteNode*) [clone .lto_priv.20]
 .text._ZN6tflite10SelectInitEP13TfLiteContextPKcj
                0x0000000000014740       0x10 /var/folders/th/91gccdrx7m975kl4frrh3gnh0000gn/T//TFL_therm_2.out.XjlNHU.ltrans3.ltrans.o
                0x0000000000014740                tflite::SelectInit(TfLiteContext*, char const*, unsigned int)
 .text._ZN6tflite3ops5micro5round7PrepareEP13TfLiteContextP10TfLiteNode
                0x0000000000014750      0x1d0 /var/folders/th/91gccdrx7m975kl4frrh3gnh0000gn/T//TFL_therm_2.out.XjlNHU.ltrans3.ltrans.o
                0x0000000000014750                tflite::ops::micro::round::Prepare(TfLiteContext*, TfLiteNode*)
 .text._ZN6tflite13reference_ops33ComputeInterpolationValuesIntegerEllblPlS1_S1_
                0x0000000000014920       0x4c /var/folders/th/91gccdrx7m975kl4frrh3gnh0000gn/T//TFL_therm_2.out.XjlNHU.ltrans3.ltrans.o
 .text._ZZN6tflite13reference_ops13ReduceSumImplIffEEbPKT_PKiS6_iiS6_iPiPT0_ENUlffE_4_FUNEff
                0x000000000001496c        0x6 /var/folders/th/91gccdrx7m975kl4frrh3gnh0000gn/T//TFL_therm_2.out.XjlNHU.ltrans3.ltrans.o
 .text._ZZN6tflite13EvalSumHelperEP13TfLiteContextP10TfLiteNodePNS_12OpDataReduceEENUlffE_4_FUNEff
                0x0000000000014972        0x6 /var/folders/th/91gccdrx7m975kl4frrh3gnh0000gn/T//TFL_therm_2.out.XjlNHU.ltrans3.ltrans.o
 .text._ZZN6tflite13EvalMaxHelperEP13TfLiteContextP10TfLiteNodePNS_12OpDataReduceEENUlffE_4_FUNEff
                0x0000000000014978       0x10 /var/folders/th/91gccdrx7m975kl4frrh3gnh0000gn/T//TFL_therm_2.out.XjlNHU.ltrans3.ltrans.o
 .text._ZN6tflite12_GLOBAL__N_17PrepareEP13TfLiteContextP10TfLiteNode.lto_priv.18